Component: ARM Compiler 5.06 update 1 (build 61) Tool: armlink [4d35a8]

==============================================================================

Section Cross References

    main.o(i.main) refers to _printf_pad.o(.text) for _printf_pre_padding
    main.o(i.main) refers to _printf_percent.o(.ARM.Collect$$_printf_percent$$00000000) for _printf_percent
    main.o(i.main) refers to _printf_f.o(.ARM.Collect$$_printf_percent$$00000003) for _printf_f
    main.o(i.main) refers to printf1.o(x$fpl$printf1) for _printf_fp_dec
    main.o(i.main) refers to sys.o(i.Stm32_Clock_Init) for Stm32_Clock_Init
    main.o(i.main) refers to delay.o(i.delay_init) for delay_init
    main.o(i.main) refers to usart.o(i.uart_init) for uart_init
    main.o(i.main) refers to led.o(i.LED_Init) for LED_Init
    main.o(i.main) refers to key.o(i.KEY_Init) for KEY_Init
    main.o(i.main) refers to sdram.o(i.SDRAM_Init) for SDRAM_Init
    main.o(i.main) refers to lcd.o(i.LCD_Init) for LCD_Init
    main.o(i.main) refers to tmp275.o(i.TMP275_Init) for TMP275_Init
    main.o(i.main) refers to exti.o(i.EXTI_Init) for EXTI_Init
    main.o(i.main) refers to noretval__2printf.o(.text) for __2printf
    main.o(i.main) refers to lcd.o(i.LCD_Clear) for LCD_Clear
    main.o(i.main) refers to lcd.o(i.LCD_ShowString) for LCD_ShowString
    main.o(i.main) refers to tmp275.o(i.Read_Temperature) for Read_Temperature
    main.o(i.main) refers to f2d.o(x$fpl$f2d) for __aeabi_f2d
    main.o(i.main) refers to noretval__2sprintf.o(.text) for __2sprintf
    main.o(i.main) refers to delay.o(i.delay_ms) for delay_ms
    main.o(i.main) refers to lcd.o(.data) for POINT_COLOR
    stm32f4xx_it.o(i.SysTick_Handler) refers to stm32f4xx_hal.o(i.HAL_IncTick) for HAL_IncTick
    system_stm32f4xx.o(i.SystemCoreClockUpdate) refers to system_stm32f4xx.o(.data) for .data
    startup_stm32f429xx.o(STACK) refers (Special) to heapauxi.o(.text) for __use_two_region_memory
    startup_stm32f429xx.o(HEAP) refers (Special) to heapauxi.o(.text) for __use_two_region_memory
    startup_stm32f429xx.o(RESET) refers (Special) to heapauxi.o(.text) for __use_two_region_memory
    startup_stm32f429xx.o(RESET) refers to startup_stm32f429xx.o(STACK) for __initial_sp
    startup_stm32f429xx.o(RESET) refers to startup_stm32f429xx.o(.text) for Reset_Handler
    startup_stm32f429xx.o(RESET) refers to stm32f4xx_it.o(i.NMI_Handler) for NMI_Handler
    startup_stm32f429xx.o(RESET) refers to stm32f4xx_it.o(i.HardFault_Handler) for HardFault_Handler
    startup_stm32f429xx.o(RESET) refers to stm32f4xx_it.o(i.MemManage_Handler) for MemManage_Handler
    startup_stm32f429xx.o(RESET) refers to stm32f4xx_it.o(i.BusFault_Handler) for BusFault_Handler
    startup_stm32f429xx.o(RESET) refers to stm32f4xx_it.o(i.UsageFault_Handler) for UsageFault_Handler
    startup_stm32f429xx.o(RESET) refers to stm32f4xx_it.o(i.SVC_Handler) for SVC_Handler
    startup_stm32f429xx.o(RESET) refers to stm32f4xx_it.o(i.DebugMon_Handler) for DebugMon_Handler
    startup_stm32f429xx.o(RESET) refers to stm32f4xx_it.o(i.PendSV_Handler) for PendSV_Handler
    startup_stm32f429xx.o(RESET) refers to stm32f4xx_it.o(i.SysTick_Handler) for SysTick_Handler
    startup_stm32f429xx.o(RESET) refers to exti.o(i.EXTI9_5_IRQHandler) for EXTI9_5_IRQHandler
    startup_stm32f429xx.o(RESET) refers to usart.o(i.USART1_IRQHandler) for USART1_IRQHandler
    startup_stm32f429xx.o(.text) refers (Special) to heapauxi.o(.text) for __use_two_region_memory
    startup_stm32f429xx.o(.text) refers to system_stm32f4xx.o(i.SystemInit) for SystemInit
    startup_stm32f429xx.o(.text) refers to __main.o(!!!main) for __main
    startup_stm32f429xx.o(.text) refers to startup_stm32f429xx.o(HEAP) for Heap_Mem
    startup_stm32f429xx.o(.text) refers to startup_stm32f429xx.o(STACK) for Stack_Mem
    stm32f4xx_hal.o(i.HAL_DeInit) refers to stm32f4xx_hal.o(i.HAL_MspDeInit) for HAL_MspDeInit
    stm32f4xx_hal.o(i.HAL_Delay) refers to stm32f4xx_hal.o(i.HAL_GetTick) for HAL_GetTick
    stm32f4xx_hal.o(i.HAL_GetTick) refers to stm32f4xx_hal.o(.data) for .data
    stm32f4xx_hal.o(i.HAL_IncTick) refers to stm32f4xx_hal.o(.data) for .data
    stm32f4xx_hal.o(i.HAL_Init) refers to stm32f4xx_hal_cortex.o(i.HAL_NVIC_SetPriorityGrouping) for HAL_NVIC_SetPriorityGrouping
    stm32f4xx_hal.o(i.HAL_Init) refers to stm32f4xx_hal.o(i.HAL_InitTick) for HAL_InitTick
    stm32f4xx_hal.o(i.HAL_Init) refers to stm32f4xx_hal.o(i.HAL_MspInit) for HAL_MspInit
    stm32f4xx_hal.o(i.HAL_InitTick) refers to stm32f4xx_hal_rcc.o(i.HAL_RCC_GetHCLKFreq) for HAL_RCC_GetHCLKFreq
    stm32f4xx_hal.o(i.HAL_InitTick) refers to stm32f4xx_hal_cortex.o(i.HAL_SYSTICK_Config) for HAL_SYSTICK_Config
    stm32f4xx_hal.o(i.HAL_InitTick) refers to stm32f4xx_hal_cortex.o(i.HAL_NVIC_SetPriority) for HAL_NVIC_SetPriority
    stm32f4xx_hal_cortex.o(i.HAL_NVIC_SetPriority) refers to stm32f4xx_hal_cortex.o(i.NVIC_SetPriority) for NVIC_SetPriority
[...]
    .text                                    0x08000c7c   Section        0  ferror.o(.text)
    .text                                    0x08000c84   Section        8  libspace.o(.text)
    .text                                    0x08000c8c   Section       74  sys_stackheap_outer.o(.text)
    .text                                    0x08000cd6   Section        0  exit.o(.text)
    .text                                    0x08000ce8   Section      128  strcmpv7m.o(.text)
    CL$$btod_d2e                             0x08000d68   Section       62  btod.o(CL$$btod_d2e)
    CL$$btod_d2e_denorm_low                  0x08000da6   Section       70  btod.o(CL$$btod_d2e_denorm_low)
    CL$$btod_d2e_norm_op1                    0x08000dec   Section       96  btod.o(CL$$btod_d2e_norm_op1)
    CL$$btod_div_common                      0x08000e4c   Section      824  btod.o(CL$$btod_div_common)
    CL$$btod_e2e                             0x08001184   Section      198  btod.o(CL$$btod_e2e)
    CL$$btod_ediv                            0x0800124a   Section       40  btod.o(CL$$btod_ediv)
    CL$$btod_emul                            0x08001272   Section       40  btod.o(CL$$btod_emul)
    CL$$btod_mult_common                     0x0800129a   Section      580  btod.o(CL$$btod_mult_common)
    i.BusFault_Handler                       0x080014de   Section        0  stm32f4xx_it.o(i.BusFault_Handler)
    i.Configuration_TMP275                   0x080014e0   Section        0  tmp275.o(i.Configuration_TMP275)
    i.DebugMon_Handler                       0x08001508   Section        0  stm32f4xx_it.o(i.DebugMon_Handler)
    i.EXTI9_5_IRQHandler                     0x0800150a   Section        0  exti.o(i.EXTI9_5_IRQHandler)
    i.EXTI_Init                              0x08001514   Section        0  exti.o(i.EXTI_Init)
    i.FMC_NORSRAM_Extended_Timing_Init       0x08001560   Section        0  stm32f4xx_ll_fmc.o(i.FMC_NORSRAM_Extended_Timing_Init)
    i.FMC_NORSRAM_Init                       0x080015a0   Section        0  stm32f4xx_ll_fmc.o(i.FMC_NORSRAM_Init)
    i.FMC_NORSRAM_Timing_Init                0x08001618   Section        0  stm32f4xx_ll_fmc.o(i.FMC_NORSRAM_Timing_Init)
    i.FMC_SDRAM_Init                         0x08001674   Section        0  stm32f4xx_ll_fmc.o(i.FMC_SDRAM_Init)
    i.FMC_SDRAM_ProgramRefreshRate           0x080016c0   Section        0  stm32f4xx_ll_fmc.o(i.FMC_SDRAM_ProgramRefreshRate)
    i.FMC_SDRAM_SendCommand                  0x080016cc   Section        0  stm32f4xx_ll_fmc.o(i.FMC_SDRAM_SendCommand)
    i.FMC_SDRAM_Timing_Init                  0x08001714   Section        0  stm32f4xx_ll_fmc.o(i.FMC_SDRAM_Timing_Init)
    i.HAL_GPIO_EXTI_Callback                 0x08001790   Section        0  exti.o(i.HAL_GPIO_EXTI_Callback)
    i.HAL_GPIO_EXTI_IRQHandler               0x08001828   Section        0  stm32f4xx_hal_gpio.o(i.HAL_GPIO_EXTI_IRQHandler)
    i.HAL_GPIO_Init                          0x08001840   Section        0  stm32f4xx_hal_gpio.o(i.HAL_GPIO_Init)
    i.HAL_GPIO_ReadPin                       0x08001a1c   Section        0  stm32f4xx_hal_gpio.o(i.HAL_GPIO_ReadPin)
    i.HAL_GPIO_WritePin                      0x08001a26   Section        0  stm32f4xx_hal_gpio.o(i.HAL_GPIO_WritePin)
    i.HAL_GetTick                            0x08001a30   Section        0  stm32f4xx_hal.o(i.HAL_GetTick)
    i.HAL_I2CEx_ConfigAnalogFilter           0x08001a3c   Section        0  stm32f4xx_hal_i2c_ex.o(i.HAL_I2CEx_ConfigAnalogFilter)
    i.HAL_I2CEx_ConfigDigitalFilter          0x08001a86   Section        0  stm32f4xx_hal_i2c_ex.o(i.HAL_I2CEx_ConfigDigitalFilter)
    i.HAL_I2C_Init                           0x08001acc   Section        0  stm32f4xx_hal_i2c.o(i.HAL_I2C_Init)
    i.HAL_I2C_Master_Receive                 0x08001bcc   Section        0  stm32f4xx_hal_i2c.o(i.HAL_I2C_Master_Receive)
    i.HAL_I2C_Master_Transmit                0x08001d78   Section        0  stm32f4xx_hal_i2c.o(i.HAL_I2C_Master_Transmit)
    i.HAL_I2C_MspInit                        0x08001e60   Section        0  tmp275.o(i.HAL_I2C_MspInit)
    i.HAL_IncTick                            0x08001ec8   Section        0  stm32f4xx_hal.o(i.HAL_IncTick)
    i.HAL_InitTick                           0x08001ed8   Section        0  stm32f4xx_hal.o(i.HAL_InitTick)
    i.HAL_LTDC_ConfigLayer                   0x08001efa   Section        0  stm32f4xx_hal_ltdc.o(i.HAL_LTDC_ConfigLayer)
    i.HAL_LTDC_Init                          0x08001f4c   Section        0  stm32f4xx_hal_ltdc.o(i.HAL_LTDC_Init)
    i.HAL_LTDC_MspInit                       0x08002048   Section        0  ltdc.o(i.HAL_LTDC_MspInit)
    i.HAL_LTDC_SetWindowPosition             0x0800213c   Section        0  stm32f4xx_hal_ltdc.o(i.HAL_LTDC_SetWindowPosition)
    i.HAL_LTDC_SetWindowSize                 0x08002190   Section        0  stm32f4xx_hal_ltdc.o(i.HAL_LTDC_SetWindowSize)
    i.HAL_NVIC_EnableIRQ                     0x080021e4   Section        0  stm32f4xx_hal_cortex.o(i.HAL_NVIC_EnableIRQ)
    i.HAL_NVIC_SetPriority                   0x080021fc   Section        0  stm32f4xx_hal_cortex.o(i.HAL_NVIC_SetPriority)
    i.HAL_PWREx_EnableOverDrive              0x0800223c   Section        0  stm32f4xx_hal_pwr_ex.o(i.HAL_PWREx_EnableOverDrive)
    i.HAL_RCCEx_PeriphCLKConfig              0x080022c4   Section        0  stm32f4xx_hal_rcc_ex.o(i.HAL_RCCEx_PeriphCLKConfig)
    i.HAL_RCC_ClockConfig                    0x0800256c   Section        0  stm32f4xx_hal_rcc.o(i.HAL_RCC_ClockConfig)
    i.HAL_RCC_GetHCLKFreq                    0x08002774   Section        0  stm32f4xx_hal_rcc.o(i.HAL_RCC_GetHCLKFreq)
    i.HAL_RCC_GetPCLK1Freq                   0x080027a8   Section        0  stm32f4xx_hal_rcc.o(i.HAL_RCC_GetPCLK1Freq)
    i.HAL_RCC_GetPCLK2Freq                   0x080027d4   Section        0  stm32f4xx_hal_rcc.o(i.HAL_RCC_GetPCLK2Freq)
    i.HAL_RCC_GetSysClockFreq                0x08002800   Section        0  stm32f4xx_hal_rcc.o(i.HAL_RCC_GetSysClockFreq)
    i.HAL_RCC_OscConfig                      0x08002874   Section        0  stm32f4xx_hal_rcc.o(i.HAL_RCC_OscConfig)
    i.HAL_SDRAM_Init                         0x08002b90   Section        0  stm32f4xx_hal_sdram.o(i.HAL_SDRAM_Init)
    i.HAL_SDRAM_MspInit                      0x08002bd4   Section        0  sdram.o(i.HAL_SDRAM_MspInit)
    i.HAL_SDRAM_ProgramRefreshRate           0x08002cb0   Section        0  stm32f4xx_hal_sdram.o(i.HAL_SDRAM_ProgramRefreshRate)
    i.HAL_SDRAM_SendCommand                  0x08002cd2   Section        0  stm32f4xx_hal_sdram.o(i.HAL_SDRAM_SendCommand)
    i.HAL_SRAM_Init                          0x08002d00   Section        0  stm32f4xx_hal_sram.o(i.HAL_SRAM_Init)
    i.HAL_SRAM_MspInit                       0x08002d58   Section        0  lcd.o(i.HAL_SRAM_MspInit)
    i.HAL_SYSTICK_CLKSourceConfig            0x08002dd0   Section        0  stm32f4xx_hal_cortex.o(i.HAL_SYSTICK_CLKSourceConfig)
    i.HAL_SYSTICK_Config                     0x08002de8   Section        0  stm32f4xx_hal_cortex.o(i.HAL_SYSTICK_Config)
    i.HAL_UART_ErrorCallback                 0x08002e10   Section        0  stm32f4xx_hal_uart.o(i.HAL_UART_ErrorCallback)
    i.HAL_UART_IRQHandler                    0x08002e12   Section        0  stm32f4xx_hal_uart.o(i.HAL_UART_IRQHandler)
    i.HAL_UART_Init                          0x08002f06   Section        0  stm32f4xx_hal_uart.o(i.HAL_UART_Init)
    i.HAL_UART_MspInit                       0x08002f64   Section        0  usart.o(i.HAL_UART_MspInit)
    i.HAL_UART_Receive                       0x08002ff8   Section        0  stm32f4xx_hal_uart.o(i.HAL_UART_Receive)
    i.HAL_UART_RxCpltCallback                0x080030c2   Section        0  stm32f4xx_hal_uart.o(i.HAL_UART_RxCpltCallback)
    i.HAL_UART_TxCpltCallback                0x080030c4   Section        0  stm32f4xx_hal_uart.o(i.HAL_UART_TxCpltCallback)
    i.HardFault_Handler                      0x080030c6   Section        0  stm32f4xx_it.o(i.HardFault_Handler)
    i.I2C_MasterRequestRead                  0x080030c8   Section        0  stm32f4xx_hal_i2c.o(i.I2C_MasterRequestRead)
    I2C_MasterRequestRead                    0x080030c9   Thumb Code   186  stm32f4xx_hal_i2c.o(i.I2C_MasterRequestRead)
    i.I2C_MasterRequestWrite                 0x08003184   Section        0  stm32f4xx_hal_i2c.o(i.I2C_MasterRequestWrite)
    I2C_MasterRequestWrite                   0x08003185   Thumb Code   112  stm32f4xx_hal_i2c.o(i.I2C_MasterRequestWrite)
    i.I2C_WaitOnFlagUntilTimeout             0x080031f8   Section        0  stm32f4xx_hal_i2c.o(i.I2C_WaitOnFlagUntilTimeout)
    I2C_WaitOnFlagUntilTimeout               0x080031f9   Thumb Code   138  stm32f4xx_hal_i2c.o(i.I2C_WaitOnFlagUntilTimeout)
    i.I2C_WaitOnMasterAddressFlagUntilTimeout 0x08003282   Section        0  stm32f4xx_hal_i2c.o(i.I2C_WaitOnMasterAddressFlagUntilTimeout)
    I2C_WaitOnMasterAddressFlagUntilTimeout  0x08003283   Thumb Code   130  stm32f4xx_hal_i2c.o(i.I2C_WaitOnMasterAddressFlagUntilTimeout)
    i.KEY_Init                               0x08003304   Section        0  key.o(i.KEY_Init)
    i.LCD_Clear                              0x08003384   Section        0  lcd.o(i.LCD_Clear)
    i.LCD_Display_Dir                        0x080033cc   Section        0  lcd.o(i.LCD_Display_Dir)
    i.LCD_Fast_DrawPoint                     0x080034cc   Section        0  lcd.o(i.LCD_Fast_DrawPoint)
    i.LCD_Init                               0x080035d0   Section        0  lcd.o(i.LCD_Init)
    i.LCD_RD_DATA                            0x08005b78   Section        0  lcd.o(i.LCD_RD_DATA)
    i.LCD_SSD_BackLightSet                   0x08005b8c   Section        0  lcd.o(i.LCD_SSD_BackLightSet)
    i.LCD_Scan_Dir                           0x08005bdc   Section        0  lcd.o(i.LCD_Scan_Dir)
    i.LCD_SetCursor                          0x08005d9c   Section        0  lcd.o(i.LCD_SetCursor)
    i.LCD_ShowChar                           0x08005eb0   Section        0  lcd.o(i.LCD_ShowChar)
    i.LCD_ShowString                         0x08005f8c   Section        0  lcd.o(i.LCD_ShowString)
    i.LCD_WR_DATA                            0x08005fe0   Section        0  lcd.o(i.LCD_WR_DATA)
    i.LCD_WR_REG                             0x08005ff8   Section        0  lcd.o(i.LCD_WR_REG)
    i.LCD_WriteRAM_Prepare                   0x08006010   Section        0  lcd.o(i.LCD_WriteRAM_Prepare)
    i.LCD_WriteReg                           0x08006024   Section        0  lcd.o(i.LCD_WriteReg)
    i.LED_Init                               0x08006034   Section        0  led.o(i.LED_Init)
    i.LTDC_Clear                             0x08006080   Section        0  ltdc.o(i.LTDC_Clear)
    i.LTDC_Clk_Set                           0x080060a0   Section        0  ltdc.o(i.LTDC_Clk_Set)
    i.LTDC_Display_Dir                       0x080060c0   Section        0  ltdc.o(i.LTDC_Display_Dir)
    i.LTDC_Draw_Point                        0x080060e8   Section        0  ltdc.o(i.LTDC_Draw_Point)
    i.LTDC_Fill                              0x08006124   Section        0  ltdc.o(i.LTDC_Fill)
    i.LTDC_Init                              0x080061d8   Section        0  ltdc.o(i.LTDC_Init)
    i.LTDC_Layer_Parameter_Config            0x080063e0   Section        0  ltdc.o(i.LTDC_Layer_Parameter_Config)
    i.LTDC_Layer_Window_Config               0x0800643c   Section        0  ltdc.o(i.LTDC_Layer_Window_Config)
    i.LTDC_PanelID_Read                      0x08006460   Section        0  ltdc.o(i.LTDC_PanelID_Read)
    i.LTDC_SetConfig                         0x08006518   Section        0  stm32f4xx_hal_ltdc.o(i.LTDC_SetConfig)
    LTDC_SetConfig                           0x08006519   Thumb Code   354  stm32f4xx_hal_ltdc.o(i.LTDC_SetConfig)
    i.MX_I2C1_Init                           0x0800667c   Section        0  tmp275.o(i.MX_I2C1_Init)
    i.MemManage_Handler                      0x080066cc   Section        0  stm32f4xx_it.o(i.MemManage_Handler)
    i.NMI_Handler                            0x080066ce   Section        0  stm32f4xx_it.o(i.NMI_Handler)
    i.NVIC_SetPriority                       0x080066d0   Section        0  stm32f4xx_hal_cortex.o(i.NVIC_SetPriority)
    NVIC_SetPriority                         0x080066d1   Thumb Code    32  stm32f4xx_hal_cortex.o(i.NVIC_SetPriority)
    i.PendSV_Handler                         0x080066f0   Section        0  stm32f4xx_it.o(i.PendSV_Handler)
    i.Read_Temperature                       0x080066f4   Section        0  tmp275.o(i.Read_Temperature)
    i.SDRAM_Init                             0x08006798   Section        0  sdram.o(i.SDRAM_Init)
    i.SDRAM_Initialization_Sequence          0x080067f8   Section        0  sdram.o(i.SDRAM_Initialization_Sequence)
    i.SDRAM_Send_Cmd                         0x08006848   Section        0  sdram.o(i.SDRAM_Send_Cmd)
    i.SVC_Handler                            0x0800687c   Section        0  stm32f4xx_it.o(i.SVC_Handler)
    i.Set_Temp_Range                         0x08006880   Section        0  tmp275.o(i.Set_Temp_Range)
    i.Stm32_Clock_Init                       0x080068d4   Section        0  sys.o(i.Stm32_Clock_Init)
    i.SysTick_Handler                        0x08006958   Section        0  stm32f4xx_it.o(i.SysTick_Handler)
    i.SystemInit                             0x0800695c   Section        0  system_stm32f4xx.o(i.SystemInit)
    i.TMP275_Init                            0x080069b0   Section        0  tmp275.o(i.TMP275_Init)
    i.UART_Receive_IT                        0x080069d4   Section        0  stm32f4xx_hal_uart.o(i.UART_Receive_IT)
    UART_Receive_IT                          0x080069d5   Thumb Code   166  stm32f4xx_hal_uart.o(i.UART_Receive_IT)
    i.UART_SetConfig                         0x08006a7c   Section        0  stm32f4xx_hal_uart.o(i.UART_SetConfig)
    UART_SetConfig                           0x08006a7d   Thumb Code   364  stm32f4xx_hal_uart.o(i.UART_SetConfig)
    i.UART_Transmit_IT                       0x08006bf0   Section        0  stm32f4xx_hal_uart.o(i.UART_Transmit_IT)
    UART_Transmit_IT                         0x08006bf1   Thumb Code   102  stm32f4xx_hal_uart.o(i.UART_Transmit_IT)
    i.UART_WaitOnFlagUntilTimeout            0x08006c56   Section        0  stm32f4xx_hal_uart.o(i.UART_WaitOnFlagUntilTimeout)
    UART_WaitOnFlagUntilTimeout              0x08006c57   Thumb Code   146  stm32f4xx_hal_uart.o(i.UART_WaitOnFlagUntilTimeout)
    i.USART1_IRQHandler                      0x08006ce8   Section        0  usart.o(i.USART1_IRQHandler)
    i.UsageFault_Handler                     0x08006d54   Section        0  stm32f4xx_it.o(i.UsageFault_Handler)
    i.__ARM_fpclassify                       0x08006d56   Section        0  fpclassify.o(i.__ARM_fpclassify)
    i._is_digit                              0x08006d86   Section        0  __printf_wp.o(i._is_digit)
    i._sys_exit                              0x08006d94   Section        0  usart.o(i._sys_exit)
    i.delay_init                             0x08006d98   Section        0  delay.o(i.delay_init)
    i.delay_ms                               0x08006dac   Section        0  delay.o(i.delay_ms)
    i.delay_us                               0x08006dc8   Section        0  delay.o(i.delay_us)
    i.fputc                                  0x08006dfc   Section        0  usart.o(i.fputc)
    i.main                                   0x08006e10   Section        0  main.o(i.main)
    i.uart_init                              0x08006f74   Section        0  usart.o(i.uart_init)
    locale$$code                             0x08006f98   Section       44  lc_numeric_c.o(locale$$code)
    x$fpl$d2f                                0x08006fc4   Section       98  d2f.o(x$fpl$d2f)
    $v0                                      0x08006fc4   Number         0  d2f.o(x$fpl$d2f)
    x$fpl$dfixu                              0x08007028   Section       90  dfixu.o(x$fpl$dfixu)
    $v0                                      0x08007028   Number         0  dfixu.o(x$fpl$dfixu)
    x$fpl$dfltu                              0x08007082   Section       38  dflt_clz.o(x$fpl$dfltu)
    $v0                                      0x08007082   Number         0  dflt_clz.o(x$fpl$dfltu)
    x$fpl$dmul                               0x080070a8   Section      340  dmul.o(x$fpl$dmul)
    $v0                                      0x080070a8   Number         0  dmul.o(x$fpl$dmul)
    x$fpl$dnaninf                            0x080071fc   Section      156  dnaninf.o(x$fpl$dnaninf)
    $v0                                      0x080071fc   Number         0  dnaninf.o(x$fpl$dnaninf)
    x$fpl$dretinf                            0x08007298   Section       12  dretinf.o(x$fpl$dretinf)
    $v0                                      0x08007298   Number         0  dretinf.o(x$fpl$dretinf)
    x$fpl$f2d                                0x080072a4   Section       86  f2d.o(x$fpl$f2d)
    $v0                                      0x080072a4   Number         0  f2d.o(x$fpl$f2d)
    x$fpl$fnaninf                            0x080072fa   Section      140  fnaninf.o(x$fpl$fnaninf)
    $v0                                      0x080072fa   Number         0  fnaninf.o(x$fpl$fnaninf)
    x$fpl$fpinit                             0x08007386   Section       10  fpinit.o(x$fpl$fpinit)
    $v0                                      0x08007386   Number         0  fpinit.o(x$fpl$fpinit)
    x$fpl$fretinf                            0x08007390   Section       10  fretinf.o(x$fpl$fretinf)
    $v0                                      0x08007390   Number         0  fretinf.o(x$fpl$fretinf)
    x$fpl$printf1                            0x0800739a   Section        4  printf1.o(x$fpl$printf1)
    $v0                                      0x0800739a   Number         0  printf1.o(x$fpl$printf1)
    .constdata                               0x0800739e   Section       16  stm32f4xx_hal_rcc.o(.constdata)
    x$fpl$usenofp                            0x0800739e   Section        0  usenofp.o(x$fpl$usenofp)
    .constdata                               0x080073ae   Section    18240  lcd.o(.constdata)
    .constdata                               0x0800baee   Section       40  _printf_hex_int.o(.constdata)
    uc_hextab                                0x0800baee   Data          20  _printf_hex_int.o(.constdata)
    lc_hextab                                0x0800bb02   Data          20  _printf_hex_int.o(.constdata)
    .constdata                               0x0800bb18   Section      148  bigflt0.o(.constdata)
    tenpwrs_x                                0x0800bb18   Data          60  bigflt0.o(.constdata)
    tenpwrs_i                                0x0800bb54   Data          64  bigflt0.o(.constdata)
    locale$$data                             0x0800bbcc   Section       28  lc_numeric_c.o(locale$$data)
    __lcnum_c_name                           0x0800bbd0   Data           2  lc_numeric_c.o(locale$$data)
    __lcnum_c_start                          0x0800bbd8   Data           0  lc_numeric_c.o(locale$$data)
    __lcnum_c_point                          0x0800bbe4   Data           0  lc_numeric_c.o(locale$$data)
    __lcnum_c_thousands                      0x0800bbe6   Data           0  lc_numeric_c.o(locale$$data)
    __lcnum_c_grouping                       0x0800bbe7   Data           0  lc_numeric_c.o(locale$$data)
    __lcnum_c_end                            0x0800bbe8   Data           0  lc_numeric_c.o(locale$$data)
    .data                                    0x20000000   Section       20  system_stm32f4xx.o(.data)
    .data                                    0x20000014   Section        4  stm32f4xx_hal.o(.data)
    uwTick                                   0x20000014   Data           4  stm32f4xx_hal.o(.data)
    .data                                    0x20000018   Section        4  delay.o(.data)
    fac_us                                   0x20000018   Data           4  delay.o(.data)
    .data                                    0x2000001c   Section        2  usart.o(.data)
    .data                                    0x20000020   Section        4  usart.o(.data)
    .data                                    0x20000024   Section        8  lcd.o(.data)
    .data                                    0x2000002c   Section        8  ltdc.o(.data)
    .bss                                     0x20000034   Section      264  usart.o(.bss)
    .bss                                     0x2000013c   Section       94  lcd.o(.bss)
    .bss                                     0x2000019c   Section       52  sdram.o(.bss)
    .bss                                     0x200001d0   Section      200  ltdc.o(.bss)
    .bss                                     0x20000298   Section       60  tmp275.o(.bss)
    .bss                                     0x200002d4   Section       96  libspace.o(.bss)
    HEAP                                     0x20000338   Section      512  startup_stm32f429xx.o(HEAP)
    Heap_Mem                                 0x20000338   Data         512  startup_stm32f429xx.o(HEAP)
    STACK                                    0x20000538   Section     1024  startup_stm32f429xx.o(STACK)
    Stack_Mem                                0x20000538   Data        1024  startup_stm32f429xx.o(STACK)
    __initial_sp                             0x20000938   Data           0  startup_stm32f429xx.o(STACK)
    .ARM.__AT_0xC0000000                     0xc0000000   Section    2048000  ltdc.o(.ARM.__AT_0xC0000000)

    Global Symbols

    Symbol Name                              Value     Ov Type        Size  Object(Section)

    BuildAttributes$$THM_ISAv4$E$P$D$K$B$S$7EM$VFPi3$EXTD16$VFPS$VFMA$PE$A:L22UL41UL21$X:L11$S22US41US21$IEEE1$IW$USESV6$~STKCKD$USESV7$~SHL$OTIME$ROPI$IEEEJ$EBA8$UX$STANDARDLIB$REQ8$PRES8$EABIv2 0x00000000   Number         0  anon$$obj.o ABSOLUTE
    __ARM_use_no_argv                        0x00000000   Number         0  main.o ABSOLUTE
    _printf_flags                            0x00000000   Number         0  printf_stubs.o ABSOLUTE
    _printf_return_value                     0x00000000   Number         0  printf_stubs.o ABSOLUTE
    _printf_sizespec                         0x00000000   Number         0  printf_stubs.o ABSOLUTE
    _printf_widthprec                        0x00000000   Number         0  printf_stubs.o ABSOLUTE
    __ARM_exceptions_init                     - Undefined Weak Reference
    __alloca_initialize                       - Undefined Weak Reference
    __arm_preinit_                            - Undefined Weak Reference
    __cpp_initialize__aeabi_                  - Undefined Weak Reference
    __cxa_finalize                            - Undefined Weak Reference
    __sigvec_lookup                           - Undefined Weak Reference
    _atexit_init                              - Undefined Weak Reference
    _call_atexit_fns                          - Undefined Weak Reference
    _clock_init                               - Undefined Weak Reference
    _fp_trap_init                             - Undefined Weak Reference
    _fp_trap_shutdown                         - Undefined Weak Reference
    _get_lc_collate                           - Undefined Weak Reference
    _get_lc_ctype                             - Undefined Weak Reference
    _get_lc_monetary                          - Undefined Weak Reference
    _get_lc_time                              - Undefined Weak Reference
    _getenv_init                              - Undefined Weak Reference
    _handle_redirection                       - Undefined Weak Reference
    _init_alloc                               - Undefined Weak Reference
    _init_user_alloc                          - Undefined Weak Reference
    _initio                                   - Undefined Weak Reference
    _mutex_acquire                            - Undefined Weak Reference
    _mutex_release                            - Undefined Weak Reference
    _printf_truncate_unsigned                 - Undefined Weak Reference
    _rand_init                                - Undefined Weak Reference
    _signal_finish                            - Undefined Weak Reference
    _signal_init                              - Undefined Weak Reference
    _terminate_alloc                          - Undefined Weak Reference
    _terminate_user_alloc                     - Undefined Weak Reference
    _terminateio                              - Undefined Weak Reference
    __Vectors_Size                           0x000001ac   Number         0  startup_stm32f429xx.o ABSOLUTE
    __Vectors                                0x08000000   Data           4  startup_stm32f429xx.o(RESET)
    __Vectors_End                            0x080001ac   Data           0  startup_stm32f429xx.o(RESET)
    __main                                   0x080001ad   Thumb Code     8  __main.o(!!!main)
    __scatterload                            0x080001b5   Thumb Code     0  __scatter.o(!!!scatter)
    __scatterload_rt2                        0x080001b5   Thumb Code    44  __scatter.o(!!!scatter)
    __scatterload_rt2_thumb_only             0x080001b5   Thumb Code     0  __scatter.o(!!!scatter)
    __scatterload_null                       0x080001c3   Thumb Code     0  __scatter.o(!!!scatter)
    __scatterload_copy                       0x080001e9   Thumb Code    26  __scatter_copy.o(!!handler_copy)
    __scatterload_zeroinit                   0x08000205   Thumb Code    28  __scatter_zi.o(!!handler_zi)
    _printf_f                                0x08000221   Thumb Code     0  _printf_f.o(.ARM.Collect$$_printf_percent$$00000003)
    _printf_percent                          0x08000221   Thumb Code     0  _printf_percent.o(.ARM.Collect$$_printf_percent$$00000000)
    _printf_x                                0x08000227   Thumb Code     0  _printf_x.o(.ARM.Collect$$_printf_percent$$0000000C)
    _printf_percent_end                      0x0800022d   Thumb Code     0  _printf_percent_end.o(.ARM.Collect$$_printf_percent$$00000017)
    __rt_lib_init                            0x08000231   Thumb Code     0  libinit.o(.ARM.Collect$$libinit$$00000000)
    __rt_lib_init_fp_1                       0x08000233   Thumb Code     0  libinit2.o(.ARM.Collect$$libinit$$00000001)
    __rt_lib_init_heap_1                     0x08000237   Thumb Code     0  libinit2.o(.ARM.Collect$$libinit$$0000000A)
    __rt_lib_init_lc_common                  0x08000237   Thumb Code     0  libinit2.o(.ARM.Collect$$libinit$$0000000F)
    __rt_lib_init_preinit_1                  0x08000237   Thumb Code     0  libinit2.o(.ARM.Collect$$libinit$$00000004)
    __rt_lib_init_rand_1                     0x08000237   Thumb Code     0  libinit2.o(.ARM.Collect$$libinit$$0000000E)
    __rt_lib_init_user_alloc_1               0x08000237   Thumb Code     0  libinit2.o(.ARM.Collect$$libinit$$0000000C)
    __rt_lib_init_lc_collate_1               0x0800023d   Thumb Code     0  libinit2.o(.ARM.Collect$$libinit$$00000011)
    __rt_lib_init_lc_ctype_1                 0x0800023d   Thumb Code     0  libinit2.o(.ARM.Collect$$libinit$$00000013)
    __rt_lib_init_lc_monetary_1              0x0800023d   Thumb Code     0  libinit2.o(.ARM.Collect$$libinit$$00000015)
    __rt_lib_init_lc_numeric_2               0x0800023d   Thumb Code     0  libinit2.o(.ARM.Collect$$libinit$$00000016)
    __rt_lib_init_alloca_1                   0x08000247   Thumb Code     0  libinit2.o(.ARM.Collect$$libinit$$0000002E)
    __rt_lib_init_argv_1                     0x08000247   Thumb Code     0  libinit2.o(.ARM.Collect$$libinit$$0000002C)
    __rt_lib_init_atexit_1                   0x08000247   Thumb Code     0  libinit2.o(.ARM.Collect$$libinit$$0000001B)
    __rt_lib_init_clock_1                    0x08000247   Thumb Code     0  libinit2.o(.ARM.Collect$$libinit$$00000021)
    __rt_lib_init_cpp_1                      0x08000247   Thumb Code     0  libinit2.o(.ARM.Collect$$libinit$$00000032)
    __rt_lib_init_exceptions_1               0x08000247   Thumb Code     0  libinit2.o(.ARM.Collect$$libinit$$00000030)
    __rt_lib_init_fp_trap_1                  0x08000247   Thumb Code     0  libinit2.o(.ARM.Collect$$libinit$$0000001F)
    __rt_lib_init_getenv_1                   0x08000247   Thumb Code     0  libinit2.o(.ARM.Collect$$libinit$$00000023)
    __rt_lib_init_lc_numeric_1               0x08000247   Thumb Code     0  libinit2.o(.ARM.Collect$$libinit$$00000017)
    __rt_lib_init_lc_time_1                  0x08000247   Thumb Code     0  libinit2.o(.ARM.Collect$$libinit$$00000019)
    __rt_lib_init_return                     0x08000247   Thumb Code     0  libinit2.o(.ARM.Collect$$libinit$$00000033)
    __rt_lib_init_signal_1                   0x08000247   Thumb Code     0  libinit2.o(.ARM.Collect$$libinit$$0000001D)
    __rt_lib_init_stdio_1                    0x08000247   Thumb Code     0  libinit2.o(.ARM.Collect$$libinit$$00000025)
    __rt_lib_shutdown                        0x08000249   Thumb Code     0  libshutdown.o(.ARM.Collect$$libshutdown$$00000000)
    __rt_lib_shutdown_cpp_1                  0x0800024b   Thumb Code     0  libshutdown2.o(.ARM.Collect$$libshutdown$$00000002)
    __rt_lib_shutdown_fp_trap_1              0x0800024b   Thumb Code     0  libshutdown2.o(.ARM.Collect$$libshutdown$$00000007)
    __rt_lib_shutdown_heap_1                 0x0800024b   Thumb Code     0  libshutdown2.o(.ARM.Collect$$libshutdown$$0000000F)
    __rt_lib_shutdown_return                 0x0800024b   Thumb Code     0  libshutdown2.o(.ARM.Collect$$libshutdown$$00000010)
    __rt_lib_shutdown_signal_1               0x0800024b   Thumb Code     0  libshutdown2.o(.ARM.Collect$$libshutdown$$0000000A)
    __rt_lib_shutdown_stdio_1                0x0800024b   Thumb Code     0  libshutdown2.o(.ARM.Collect$$libshutdown$$00000004)
    __rt_lib_shutdown_user_alloc_1           0x0800024b   Thumb Code     0  libshutdown2.o(.ARM.Collect$$libshutdown$$0000000C)
    __rt_entry                               0x0800024d   Thumb Code     0  __rtentry.o(.ARM.Collect$$rtentry$$00000000)
    __rt_entry_presh_1                       0x0800024d   Thumb Code     0  __rtentry2.o(.ARM.Collect$$rtentry$$00000002)
    __rt_entry_sh                            0x0800024d   Thumb Code     0  __rtentry4.o(.ARM.Collect$$rtentry$$00000004)
    __rt_entry_li                            0x08000253   Thumb Code     0  __rtentry2.o(.ARM.Collect$$rtentry$$0000000A)
    __rt_entry_postsh_1                      0x08000253   Thumb Code     0  __rtentry2.o(.ARM.Collect$$rtentry$$00000009)
    __rt_entry_main                          0x08000257   Thumb Code     0  __rtentry2.o(.ARM.Collect$$rtentry$$0000000D)
    __rt_entry_postli_1                      0x08000257   Thumb Code     0  __rtentry2.o(.ARM.Collect$$rtentry$$0000000C)
    __rt_exit                                0x0800025f   Thumb Code     0  rtexit.o(.ARM.Collect$$rtexit$$00000000)
    __rt_exit_ls                             0x08000261   Thumb Code     0  rtexit2.o(.ARM.Collect$$rtexit$$00000003)
    __rt_exit_prels_1                        0x08000261   Thumb Code     0  rtexit2.o(.ARM.Collect$$rtexit$$00000002)
    __rt_exit_exit                           0x08000265   Thumb Code     0  rtexit2.o(.ARM.Collect$$rtexit$$00000004)
    Reset_Handler                            0x0800026d   Thumb Code     8  startup_stm32f429xx.o(.text)
    ADC_IRQHandler                           0x08000287   Thumb Code     0  startup_stm32f429xx.o(.text)
    CAN1_RX0_IRQHandler                      0x08000287   Thumb Code     0  startup_stm32f429xx.o(.text)
    CAN1_RX1_IRQHandler                      0x08000287   Thumb Code     0  startup_stm32f429xx.o(.text)
    CAN1_SCE_IRQHandler                      0x08000287   Thumb Code     0  startup_stm32f429xx.o(.text)
    CAN1_TX_IRQHandler                       0x08000287   Thumb Code     0  startup_stm32f429xx.o(.text)
    CAN2_RX0_IRQHandler                      0x08000287   Thumb Code     0  startup_stm32f429xx.o(.text)
    CAN2_RX1_IRQHandler                      0x08000287   Thumb Code     0  startup_stm32f429xx.o(.text)
    CAN2_SCE_IRQHandler                      0x08000287   Thumb Code     0  startup_stm32f429xx.o(.text)
    CAN2_TX_IRQHandler                       0x08000287   Thumb Code     0  startup_stm32f429xx.o(.text)
    DCMI_IRQHandler                          0x08000287   Thumb Code     0  startup_stm32f429xx.o(.text)
    DMA1_Stream0_IRQHandler                  0x08000287   Thumb Code     0  startup_stm32f429xx.o(.text)
    DMA1_Stream1_IRQHandler                  0x08000287   Thumb Code     0  startup_stm32f429xx.o(.text)
    DMA1_Stream2_IRQHandler                  0x08000287   Thumb Code     0  startup_stm32f429xx.o(.text)
    DMA1_Stream3_IRQHandler                  0x08000287   Thumb Code     0  startup_stm32f429xx.o(.text)
    DMA1_Stream4_IRQHandler                  0x08000287   Thumb Code     0  startup_stm32f429xx.o(.text)
    DMA1_Stream5_IRQHandler                  0x08000287   Thumb Code     0  startup_stm32f429xx.o(.text)
    DMA1_Stream6_IRQHandler                  0x08000287   Thumb Code     0  startup_stm32f429xx.o(.text)
    DMA1_Stream7_IRQHandler                  0x08000287   Thumb Code     0  startup_stm32f429xx.o(.text)
    DMA2D_IRQHandler                         0x08000287   Thumb Code     0  startup_stm32f429xx.o(.text)
    DMA2_Stream0_IRQHandler                  0x08000287   Thumb Code     0  startup_stm32f429xx.o(.text)
    DMA2_Stream1_IRQHandler                  0x08000287   Thumb Code     0  startup_stm32f429xx.o(.text)
    DMA2_Stream2_IRQHandler                  0x08000287   Thumb Code     0  startup_stm32f429xx.o(.text)
    DMA2_Stream3_IRQHandler                  0x08000287   Thumb Code     0  startup_stm32f429xx.o(.text)
    DMA2_Stream4_IRQHandler                  0x08000287   Thumb Code     0  startup_stm32f429xx.o(.text)
    DMA2_Stream5_IRQHandler                  0x08000287   Thumb Code     0  startup_stm32f429xx.o(.text)
    DMA2_Stream6_IRQHandler                  0x08000287   Thumb Code     0  startup_stm32f429xx.o(.text)
    DMA2_Stream7_IRQHandler                  0x08000287   Thumb Code     0  startup_stm32f429xx.o(.text)
    ETH_IRQHandler                           0x08000287   Thumb Code     0  startup_stm32f429xx.o(.text)
    ETH_WKUP_IRQHandler                      0x08000287   Thumb Code     0  startup_stm32f429xx.o(.text)
    EXTI0_IRQHandler                         0x08000287   Thumb Code     0  startup_stm32f429xx.o(.text)
    EXTI15_10_IRQHandler                     0x08000287   Thumb Code     0  startup_stm32f429xx.o(.text)
    EXTI1_IRQHandler                         0x08000287   Thumb Code     0  startup_stm32f429xx.o(.text)
    EXTI2_IRQHandler                         0x08000287   Thumb Code     0  startup_stm32f429xx.o(.text)
    EXTI3_IRQHandler                         0x08000287   Thumb Code     0  startup_stm32f429xx.o(.text)
    EXTI4_IRQHandler                         0x08000287   Thumb Code     0  startup_stm32f429xx.o(.text)
    FLASH_IRQHandler                         0x08000287   Thumb Code     0  startup_stm32f429xx.o(.text)
    FMC_IRQHandler                           0x08000287   Thumb Code     0  startup_stm32f429xx.o(.text)
    FPU_IRQHandler                           0x08000287   Thumb Code     0  startup_stm32f429xx.o(.text)
    HASH_RNG_IRQHandler                      0x08000287   Thumb Code     0  startup_stm32f429xx.o(.text)
    I2C1_ER_IRQHandler                       0x08000287   Thumb Code     0  startup_stm32f429xx.o(.text)
    I2C1_EV_IRQHandler                       0x08000287   Thumb Code     0  startup_stm32f429xx.o(.text)
    I2C2_ER_IRQHandler                       0x08000287   Thumb Code     0  startup_stm32f429xx.o(.text)
    I2C2_EV_IRQHandler                       0x08000287   Thumb Code     0  startup_stm32f429xx.o(.text)
    I2C3_ER_IRQHandler                       0x08000287   Thumb Code     0  startup_stm32f429xx.o(.text)
    I2C3_EV_IRQHandler                       0x08000287   Thumb Code     0  startup_stm32f429xx.o(.text)
    LTDC_ER_IRQHandler                       0x08000287   Thumb Code     0  startup_stm32f429xx.o(.text)
    LTDC_IRQHandler                          0x08000287   Thumb Code     0  startup_stm32f429xx.o(.text)
    OTG_FS_IRQHandler                        0x08000287   Thumb Code     0  startup_stm32f429xx.o(.text)
    OTG_FS_WKUP_IRQHandler                   0x08000287   Thumb Code     0  startup_stm32f429xx.o(.text)
    OTG_HS_EP1_IN_IRQHandler                 0x08000287   Thumb Code     0  startup_stm32f429xx.o(.text)
    OTG_HS_EP1_OUT_IRQHandler                0x08000287   Thumb Code     0  startup_stm32f429xx.o(.text)
    OTG_HS_IRQHandler                        0x08000287   Thumb Code     0  startup_stm32f429xx.o(.text)
    OTG_HS_WKUP_IRQHandler                   0x08000287   Thumb Code     0  startup_stm32f429xx.o(.text)
    PVD_IRQHandler                           0x08000287   Thumb Code     0  startup_stm32f429xx.o(.text)
    RCC_IRQHandler                           0x08000287   Thumb Code     0  startup_stm32f429xx.o(.text)
    RTC_Alarm_IRQHandler                     0x08000287   Thumb Code     0  startup_stm32f429xx.o(.text)
    RTC_WKUP_IRQHandler                      0x08000287   Thumb Code     0  startup_stm32f429xx.o(.text)
    SAI1_IRQHandler                          0x08000287   Thumb Code     0  startup_stm32f429xx.o(.text)
    SDIO_IRQHandler                          0x08000287   Thumb Code     0  startup_stm32f429xx.o(.text)
    SPI1_IRQHandler                          0x08000287   Thumb Code     0  startup_stm32f429xx.o(.text)
    SPI2_IRQHandler                          0x08000287   Thumb Code     0  startup_stm32f429xx.o(.text)
    SPI3_IRQHandler                          0x08000287   Thumb Code     0  startup_stm32f429xx.o(.text)
    SPI4_IRQHandler                          0x08000287   Thumb Code     0  startup_stm32f429xx.o(.text)
    SPI5_IRQHandler                          0x08000287   Thumb Code     0  startup_stm32f429xx.o(.text)
    SPI6_IRQHandler                          0x08000287   Thumb Code     0  startup_stm32f429xx.o(.text)
    TAMP_STAMP_IRQHandler                    0x08000287   Thumb Code     0  startup_stm32f429xx.o(.text)
    TIM1_BRK_TIM9_IRQHandler                 0x08000287   Thumb Code     0  startup_stm32f429xx.o(.text)
    TIM1_CC_IRQHandler                       0x08000287   Thumb Code     0  startup_stm32f429xx.o(.text)
    TIM1_TRG_COM_TIM11_IRQHandler            0x08000287   Thumb Code     0  startup_stm32f429xx.o(.text)
    TIM1_UP_TIM10_IRQHandler                 0x08000287   Thumb Code     0  startup_stm32f429xx.o(.text)
    TIM2_IRQHandler                          0x08000287   Thumb Code     0  startup_stm32f429xx.o(.text)
    TIM3_IRQHandler                          0x08000287   Thumb Code     0  startup_stm32f429xx.o(.text)
    TIM4_IRQHandler                          0x08000287   Thumb Code     0  startup_stm32f429xx.o(.text)
    TIM5_IRQHandler                          0x08000287   Thumb Code     0  startup_stm32f429xx.o(.text)
    TIM6_DAC_IRQHandler                      0x08000287   Thumb Code     0  startup_stm32f429xx.o(.text)
    TIM7_IRQHandler                          0x08000287   Thumb Code     0  startup_stm32f429xx.o(.text)
    TIM8_BRK_TIM12_IRQHandler                0x08000287   Thumb Code     0  startup_stm32f429xx.o(.text)
    TIM8_CC_IRQHandler                       0x08000287   Thumb Code     0  startup_stm32f429xx.o(.text)
    TIM8_TRG_COM_TIM14_IRQHandler            0x08000287   Thumb Code     0  startup_stm32f429xx.o(.text)
    TIM8_UP_TIM13_IRQHandler                 0x08000287   Thumb Code     0  startup_stm32f429xx.o(.text)
    UART4_IRQHandler                         0x08000287   Thumb Code     0  startup_stm32f429xx.o(.text)
    UART5_IRQHandler                         0x08000287   Thumb Code     0  startup_stm32f429xx.o(.text)
    UART7_IRQHandler                         0x08000287   Thumb Code     0  startup_stm32f429xx.o(.text)
    UART8_IRQHandler                         0x08000287   Thumb Code     0  startup_stm32f429xx.o(.text)
    USART2_IRQHandler                        0x08000287   Thumb Code     0  startup_stm32f429xx.o(.text)
    USART3_IRQHandler                        0x08000287   Thumb Code     0  startup_stm32f429xx.o(.text)
    USART6_IRQHandler                        0x08000287   Thumb Code     0  startup_stm32f429xx.o(.text)
    WWDG_IRQHandler                          0x08000287   Thumb Code     0  startup_stm32f429xx.o(.text)
    __user_initial_stackheap                 0x08000289   Thumb Code     0  startup_stm32f429xx.o(.text)
    __use_no_semihosting                     0x080002ad   Thumb Code     2  use_no_semi_2.o(.text)
    __2printf                                0x080002b1   Thumb Code    20  noretval__2printf.o(.text)
    __2sprintf                               0x080002c9   Thumb Code    34  noretval__2sprintf.o(.text)
    _printf_pre_padding                      0x080002f1   Thumb Code    44  _printf_pad.o(.text)
    _printf_post_padding                     0x0800031d   Thumb Code    34  _printf_pad.o(.text)
    _printf_int_hex                          0x08000341   Thumb Code    84  _printf_hex_int.o(.text)
    _printf_longlong_hex                     0x08000341   Thumb Code     0  _printf_hex_int.o(.text)
    __printf                                 0x08000399   Thumb Code   270  __printf_wp.o(.text)
    __aeabi_memcpy4                          0x080004a7   Thumb Code     0  rt_memcpy_w.o(.text)
    __aeabi_memcpy8                          0x080004a7   Thumb Code     0  rt_memcpy_w.o(.text)
    __rt_memcpy_w                            0x080004a7   Thumb Code   100  rt_memcpy_w.o(.text)
    _memcpy_lastbytes_aligned                0x080004ef   Thumb Code     0  rt_memcpy_w.o(.text)
    __aeabi_memclr4                          0x0800050b   Thumb Code     0  rt_memclr_w.o(.text)
    __aeabi_memclr8                          0x0800050b   Thumb Code     0  rt_memclr_w.o(.text)
    __rt_memclr_w                            0x0800050b   Thumb Code    78  rt_memclr_w.o(.text)
    _memset_w                                0x0800050f   Thumb Code     0  rt_memclr_w.o(.text)
    __use_two_region_memory                  0x08000559   Thumb Code     2  heapauxi.o(.text)
    __rt_heap_escrow$2region                 0x0800055b   Thumb Code     2  heapauxi.o(.text)
    __rt_heap_expand$2region                 0x0800055d   Thumb Code     2  heapauxi.o(.text)
    __I$use$semihosting                      0x0800055f   Thumb Code     0  use_no_semi.o(.text)
    __use_no_semihosting_swi                 0x0800055f   Thumb Code     2  use_no_semi.o(.text)
    _printf_int_common                       0x08000561   Thumb Code   178  _printf_intcommon.o(.text)
    __lib_sel_fp_printf                      0x08000613   Thumb Code     2  _printf_fp_dec.o(.text)
    _printf_fp_dec_real                      0x080007c1   Thumb Code   620  _printf_fp_dec.o(.text)
    _printf_char_common                      0x08000a37   Thumb Code    32  _printf_char_common.o(.text)
    _sputc                                   0x08000a5d   Thumb Code    10  _sputc.o(.text)
    _printf_char_file                        0x08000a69   Thumb Code    32  _printf_char_file.o(.text)
    __rt_locale                              0x08000a8d   Thumb Code     8  rt_locale_intlibspace.o(.text)
    _ll_udiv10                               0x08000a95   Thumb Code   138  lludiv10.o(.text)
    _printf_fp_infnan                        0x08000b21   Thumb Code   112  _printf_fp_infnan.o(.text)
    _btod_etento                             0x08000ba1   Thumb Code   216  bigflt0.o(.text)
    ferror                                   0x08000c7d   Thumb Code     8  ferror.o(.text)
    __user_libspace                          0x08000c85   Thumb Code     8  libspace.o(.text)
    __user_perproc_libspace                  0x08000c85   Thumb Code     0  libspace.o(.text)
    __user_perthread_libspace                0x08000c85   Thumb Code     0  libspace.o(.text)
    __user_setup_stackheap                   0x08000c8d   Thumb Code    74  sys_stackheap_outer.o(.text)
    exit                                     0x08000cd7   Thumb Code    18  exit.o(.text)
    strcmp                                   0x08000ce9   Thumb Code   128  strcmpv7m.o(.text)
    _btod_d2e                                0x08000d69   Thumb Code    62  btod.o(CL$$btod_d2e)
    _d2e_denorm_low                          0x08000da7   Thumb Code    70  btod.o(CL$$btod_d2e_denorm_low)
    _d2e_norm_op1                            0x08000ded   Thumb Code    96  btod.o(CL$$btod_d2e_norm_op1)
    __btod_div_common                        0x08000e4d   Thumb Code   696  btod.o(CL$$btod_div_common)
    _e2e                                     0x08001185   Thumb Code   198  btod.o(CL$$btod_e2e)
    _btod_ediv                               0x0800124b   Thumb Code    40  btod.o(CL$$btod_ediv)
    _btod_emul                               0x08001273   Thumb Code    40  btod.o(CL$$btod_emul)
    __btod_mult_common                       0x0800129b   Thumb Code   580  btod.o(CL$$btod_mult_common)
    BusFault_Handler                         0x080014df   Thumb Code     2  stm32f4xx_it.o(i.BusFault_Handler)
    Configuration_TMP275                     0x080014e1   Thumb Code    36  tmp275.o(i.Configuration_TMP275)
    DebugMon_Handler                         0x08001509   Thumb Code     2  stm32f4xx_it.o(i.DebugMon_Handler)
    EXTI9_5_IRQHandler                       0x0800150b   Thumb Code     8  exti.o(i.EXTI9_5_IRQHandler)
    EXTI_Init                                0x08001515   Thumb Code    64  exti.o(i.EXTI_Init)
    FMC_NORSRAM_Extended_Timing_Init         0x08001561   Thumb Code    60  stm32f4xx_ll_fmc.o(i.FMC_NORSRAM_Extended_Timing_Init)
    FMC_NORSRAM_Init                         0x080015a1   Thumb Code   110  stm32f4xx_ll_fmc.o(i.FMC_NORSRAM_Init)
    FMC_NORSRAM_Timing_Init                  0x08001619   Thumb Code    86  stm32f4xx_ll_fmc.o(i.FMC_NORSRAM_Timing_Init)
    FMC_SDRAM_Init                           0x08001675   Thumb Code    76  stm32f4xx_ll_fmc.o(i.FMC_SDRAM_Init)
    FMC_SDRAM_ProgramRefreshRate             0x080016c1   Thumb Code    12  stm32f4xx_ll_fmc.o(i.FMC_SDRAM_ProgramRefreshRate)
    FMC_SDRAM_SendCommand                    0x080016cd   Thumb Code    72  stm32f4xx_ll_fmc.o(i.FMC_SDRAM_SendCommand)
    FMC_SDRAM_Timing_Init                    0x08001715   Thumb Code   124  stm32f4xx_ll_fmc.o(i.FMC_SDRAM_Timing_Init)
    HAL_GPIO_EXTI_Callback                   0x08001791   Thumb Code   104  exti.o(i.HAL_GPIO_EXTI_Callback)
    HAL_GPIO_EXTI_IRQHandler                 0x08001829   Thumb Code    18  stm32f4xx_hal_gpio.o(i.HAL_GPIO_EXTI_IRQHandler)
    HAL_GPIO_Init                            0x08001841   Thumb Code   422  stm32f4xx_hal_gpio.o(i.HAL_GPIO_Init)
    HAL_GPIO_ReadPin                         0x08001a1d   Thumb Code    10  stm32f4xx_hal_gpio.o(i.HAL_GPIO_ReadPin)
    HAL_GPIO_WritePin                        0x08001a27   Thumb Code    10  stm32f4xx_hal_gpio.o(i.HAL_GPIO_WritePin)
    HAL_GetTick                              0x08001a31   Thumb Code     6  stm32f4xx_hal.o(i.HAL_GetTick)
    HAL_I2CEx_ConfigAnalogFilter             0x08001a3d   Thumb Code    74  stm32f4xx_hal_i2c_ex.o(i.HAL_I2CEx_ConfigAnalogFilter)
    HAL_I2CEx_ConfigDigitalFilter            0x08001a87   Thumb Code    70  stm32f4xx_hal_i2c_ex.o(i.HAL_I2CEx_ConfigDigitalFilter)
    HAL_I2C_Init                             0x08001acd   Thumb Code   246  stm32f4xx_hal_i2c.o(i.HAL_I2C_Init)
    HAL_I2C_Master_Receive                   0x08001bcd   Thumb Code   418  stm32f4xx_hal_i2c.o(i.HAL_I2C_Master_Receive)
    HAL_I2C_Master_Transmit                  0x08001d79   Thumb Code   224  stm32f4xx_hal_i2c.o(i.HAL_I2C_Master_Transmit)
    HAL_I2C_MspInit                          0x08001e61   Thumb Code    92  tmp275.o(i.HAL_I2C_MspInit)
    HAL_IncTick                              0x08001ec9   Thumb Code    10  stm32f4xx_hal.o(i.HAL_IncTick)
    HAL_InitTick                             0x08001ed9   Thumb Code    34  stm32f4xx_hal.o(i.HAL_InitTick)
    HAL_LTDC_ConfigLayer                     0x08001efb   Thumb Code    82  stm32f4xx_hal_ltdc.o(i.HAL_LTDC_ConfigLayer)
    HAL_LTDC_Init                            0x08001f4d   Thumb Code   248  stm32f4xx_hal_ltdc.o(i.HAL_LTDC_Init)
    HAL_LTDC_MspInit                         0x08002049   Thumb Code   218  ltdc.o(i.HAL_LTDC_MspInit)
    HAL_LTDC_SetWindowPosition               0x0800213d   Thumb Code    84  stm32f4xx_hal_ltdc.o(i.HAL_LTDC_SetWindowPosition)
    HAL_LTDC_SetWindowSize                   0x08002191   Thumb Code    84  stm32f4xx_hal_ltdc.o(i.HAL_LTDC_SetWindowSize)
    HAL_NVIC_EnableIRQ                       0x080021e5   Thumb Code    22  stm32f4xx_hal_cortex.o(i.HAL_NVIC_EnableIRQ)
    HAL_NVIC_SetPriority                     0x080021fd   Thumb Code    60  stm32f4xx_hal_cortex.o(i.HAL_NVIC_SetPriority)
    HAL_PWREx_EnableOverDrive                0x0800223d   Thumb Code   122  stm32f4xx_hal_pwr_ex.o(i.HAL_PWREx_EnableOverDrive)
    HAL_RCCEx_PeriphCLKConfig                0x080022c5   Thumb Code   644  stm32f4xx_hal_rcc_ex.o(i.HAL_RCCEx_PeriphCLKConfig)
    HAL_RCC_ClockConfig                      0x0800256d   Thumb Code   512  stm32f4xx_hal_rcc.o(i.HAL_RCC_ClockConfig)
    HAL_RCC_GetHCLKFreq                      0x08002775   Thumb Code    38  stm32f4xx_hal_rcc.o(i.HAL_RCC_GetHCLKFreq)
    HAL_RCC_GetPCLK1Freq                     0x080027a9   Thumb Code    36  stm32f4xx_hal_rcc.o(i.HAL_RCC_GetPCLK1Freq)
    HAL_RCC_GetPCLK2Freq                     0x080027d5   Thumb Code    36  stm32f4xx_hal_rcc.o(i.HAL_RCC_GetPCLK2Freq)
    HAL_RCC_GetSysClockFreq                  0x08002801   Thumb Code   104  stm32f4xx_hal_rcc.o(i.HAL_RCC_GetSysClockFreq)
    HAL_RCC_OscConfig                        0x08002875   Thumb Code   774  stm32f4xx_hal_rcc.o(i.HAL_RCC_OscConfig)
    HAL_SDRAM_Init                           0x08002b91   Thumb Code    66  stm32f4xx_hal_sdram.o(i.HAL_SDRAM_Init)
    HAL_SDRAM_MspInit                        0x08002bd5   Thumb Code   194  sdram.o(i.HAL_SDRAM_MspInit)
    HAL_SDRAM_ProgramRefreshRate             0x08002cb1   Thumb Code    34  stm32f4xx_hal_sdram.o(i.HAL_SDRAM_ProgramRefreshRate)
    HAL_SDRAM_SendCommand                    0x08002cd3   Thumb Code    46  stm32f4xx_hal_sdram.o(i.HAL_SDRAM_SendCommand)
    HAL_SRAM_Init                            0x08002d01   Thumb Code    86  stm32f4xx_hal_sram.o(i.HAL_SRAM_Init)
    HAL_SRAM_MspInit                         0x08002d59   Thumb Code   106  lcd.o(i.HAL_SRAM_MspInit)
    HAL_SYSTICK_CLKSourceConfig              0x08002dd1   Thumb Code    24  stm32f4xx_hal_cortex.o(i.HAL_SYSTICK_CLKSourceConfig)
    HAL_SYSTICK_Config                       0x08002de9   Thumb Code    40  stm32f4xx_hal_cortex.o(i.HAL_SYSTICK_Config)
    HAL_UART_ErrorCallback                   0x08002e11   Thumb Code     2  stm32f4xx_hal_uart.o(i.HAL_UART_ErrorCallback)
    HAL_UART_IRQHandler                      0x08002e13   Thumb Code   244  stm32f4xx_hal_uart.o(i.HAL_UART_IRQHandler)
    HAL_UART_Init                            0x08002f07   Thumb Code    94  stm32f4xx_hal_uart.o(i.HAL_UART_Init)
    HAL_UART_MspInit                         0x08002f65   Thumb Code   134  usart.o(i.HAL_UART_MspInit)
    HAL_UART_Receive                         0x08002ff9   Thumb Code   202  stm32f4xx_hal_uart.o(i.HAL_UART_Receive)
    HAL_UART_RxCpltCallback                  0x080030c3   Thumb Code     2  stm32f4xx_hal_uart.o(i.HAL_UART_RxCpltCallback)
    HAL_UART_TxCpltCallback                  0x080030c5   Thumb Code     2  stm32f4xx_hal_uart.o(i.HAL_UART_TxCpltCallback)
    HardFault_Handler                        0x080030c7   Thumb Code     2  stm32f4xx_it.o(i.HardFault_Handler)
    KEY_Init                                 0x08003305   Thumb Code   110  key.o(i.KEY_Init)
    LCD_Clear                                0x08003385   Thumb Code    58  lcd.o(i.LCD_Clear)
    LCD_Display_Dir                          0x080033cd   Thumb Code   246  lcd.o(i.LCD_Display_Dir)
    LCD_Fast_DrawPoint                       0x080034cd   Thumb Code   246  lcd.o(i.LCD_Fast_DrawPoint)
    LCD_Init                                 0x080035d1   Thumb Code  9636  lcd.o(i.LCD_Init)
    LCD_RD_DATA                              0x08005b79   Thumb Code    16  lcd.o(i.LCD_RD_DATA)
    LCD_SSD_BackLightSet                     0x08005b8d   Thumb Code    72  lcd.o(i.LCD_SSD_BackLightSet)
    LCD_Scan_Dir                             0x08005bdd   Thumb Code   442  lcd.o(i.LCD_Scan_Dir)
    LCD_SetCursor                            0x08005d9d   Thumb Code   270  lcd.o(i.LCD_SetCursor)
    LCD_ShowChar                             0x08005eb1   Thumb Code   196  lcd.o(i.LCD_ShowChar)
    LCD_ShowString                           0x08005f8d   Thumb Code    84  lcd.o(i.LCD_ShowString)
    LCD_WR_DATA                              0x08005fe1   Thumb Code    20  lcd.o(i.LCD_WR_DATA)
    LCD_WR_REG                               0x08005ff9   Thumb Code    20  lcd.o(i.LCD_WR_REG)
    LCD_WriteRAM_Prepare                     0x08006011   Thumb Code    10  lcd.o(i.LCD_WriteRAM_Prepare)
    LCD_WriteReg                             0x08006025   Thumb Code    10  lcd.o(i.LCD_WriteReg)
    LED_Init                                 0x08006035   Thumb Code    68  led.o(i.LED_Init)
    LTDC_Clear                               0x08006081   Thumb Code    28  ltdc.o(i.LTDC_Clear)
    LTDC_Clk_Set                             0x080060a1   Thumb Code    30  ltdc.o(i.LTDC_Clk_Set)
    LTDC_Display_Dir                         0x080060c1   Thumb Code    34  ltdc.o(i.LTDC_Display_Dir)
    LTDC_Draw_Point                          0x080060e9   Thumb Code    52  ltdc.o(i.LTDC_Draw_Point)
    LTDC_Fill                                0x08006125   Thumb Code   162  ltdc.o(i.LTDC_Fill)
    LTDC_Init                                0x080061d9   Thumb Code   494  ltdc.o(i.LTDC_Init)
    LTDC_Layer_Parameter_Config              0x080063e1   Thumb Code    86  ltdc.o(i.LTDC_Layer_Parameter_Config)
    LTDC_Layer_Window_Config                 0x0800643d   Thumb Code    32  ltdc.o(i.LTDC_Layer_Window_Config)
    LTDC_PanelID_Read                        0x08006461   Thumb Code   170  ltdc.o(i.LTDC_PanelID_Read)
    MX_I2C1_Init                             0x0800667d   Thumb Code    68  tmp275.o(i.MX_I2C1_Init)
    MemManage_Handler                        0x080066cd   Thumb Code     2  stm32f4xx_it.o(i.MemManage_Handler)
    NMI_Handler                              0x080066cf   Thumb Code     2  stm32f4xx_it.o(i.NMI_Handler)
    PendSV_Handler                           0x080066f1   Thumb Code     2  stm32f4xx_it.o(i.PendSV_Handler)
    Read_Temperature                         0x080066f5   Thumb Code   124  tmp275.o(i.Read_Temperature)
    SDRAM_Init                               0x08006799   Thumb Code    86  sdram.o(i.SDRAM_Init)
    SDRAM_Initialization_Sequence            0x080067f9   Thumb Code    74  sdram.o(i.SDRAM_Initialization_Sequence)
    SDRAM_Send_Cmd                           0x08006849   Thumb Code    48  sdram.o(i.SDRAM_Send_Cmd)
    SVC_Handler                              0x0800687d   Thumb Code     2  stm32f4xx_it.o(i.SVC_Handler)
    Set_Temp_Range                           0x08006881   Thumb Code    78  tmp275.o(i.Set_Temp_Range)
    Stm32_Clock_Init                         0x080068d5   Thumb Code   122  sys.o(i.Stm32_Clock_Init)
    SysTick_Handler                          0x08006959   Thumb Code     4  stm32f4xx_it.o(i.SysTick_Handler)
    SystemInit                               0x0800695d   Thumb Code    66  system_stm32f4xx.o(i.SystemInit)
    TMP275_Init                              0x080069b1   Thumb Code    36  tmp275.o(i.TMP275_Init)
    USART1_IRQHandler                        0x08006ce9   Thumb Code   100  usart.o(i.USART1_IRQHandler)
    UsageFault_Handler                       0x08006d55   Thumb Code     2  stm32f4xx_it.o(i.UsageFault_Handler)
    __ARM_fpclassify                         0x08006d57   Thumb Code    48  fpclassify.o(i.__ARM_fpclassify)
    _is_digit                                0x08006d87   Thumb Code    14  __printf_wp.o(i._is_digit)
    _sys_exit                                0x08006d95   Thumb Code     2  usart.o(i._sys_exit)
    delay_init                               0x08006d99   Thumb Code    16  delay.o(i.delay_init)
    delay_ms                                 0x08006dad   Thumb Code    26  delay.o(i.delay_ms)
    delay_us                                 0x08006dc9   Thumb Code    48  delay.o(i.delay_us)
    fputc                                    0x08006dfd   Thumb Code    14  usart.o(i.fputc)
    main                                     0x08006e11   Thumb Code   232  main.o(i.main)
    uart_init                                0x08006f75   Thumb Code    28  usart.o(i.uart_init)
    _get_lc_numeric                          0x08006f99   Thumb Code    44  lc_numeric_c.o(locale$$code)
    __aeabi_d2f                              0x08006fc5   Thumb Code     0  d2f.o(x$fpl$d2f)
    _d2f                                     0x08006fc5   Thumb Code    98  d2f.o(x$fpl$d2f)
    __aeabi_d2uiz                            0x08007029   Thumb Code     0  dfixu.o(x$fpl$dfixu)
    _dfixu                                   0x08007029   Thumb Code    90  dfixu.o(x$fpl$dfixu)
    __aeabi_ui2d                             0x08007083   Thumb Code     0  dflt_clz.o(x$fpl$dfltu)
    _dfltu                                   0x08007083   Thumb Code    38  dflt_clz.o(x$fpl$dfltu)
    __aeabi_dmul                             0x080070a9   Thumb Code     0  dmul.o(x$fpl$dmul)
    _dmul                                    0x080070a9   Thumb Code   332  dmul.o(x$fpl$dmul)
    __fpl_dnaninf                            0x080071fd   Thumb Code   156  dnaninf.o(x$fpl$dnaninf)
    __fpl_dretinf                            0x08007299   Thumb Code    12  dretinf.o(x$fpl$dretinf)
    __aeabi_f2d                              0x080072a5   Thumb Code     0  f2d.o(x$fpl$f2d)
    _f2d                                     0x080072a5   Thumb Code    86  f2d.o(x$fpl$f2d)
    __fpl_fnaninf                            0x080072fb   Thumb Code   140  fnaninf.o(x$fpl$fnaninf)
    _fp_init                                 0x08007387   Thumb Code    10  fpinit.o(x$fpl$fpinit)
    __fplib_config_fpu_vfp                   0x0800738f   Thumb Code     0  fpinit.o(x$fpl$fpinit)
    __fplib_config_pureend_doubles           0x0800738f   Thumb Code     0  fpinit.o(x$fpl$fpinit)
    __fpl_fretinf                            0x08007391   Thumb Code    10  fretinf.o(x$fpl$fretinf)
    _printf_fp_dec                           0x0800739b   Thumb Code     4  printf1.o(x$fpl$printf1)
    APBAHBPrescTable                         0x0800739e   Data          16  stm32f4xx_hal_rcc.o(.constdata)
    __I$use$fp                               0x0800739e   Number         0  usenofp.o(x$fpl$usenofp)
    asc2_1206                                0x080073ae   Data        1140  lcd.o(.constdata)
    asc2_1608                                0x08007822   Data        1520  lcd.o(.constdata)
    asc2_2412                                0x08007e12   Data        3420  lcd.o(.constdata)
    asc2_3216                                0x08008b6e   Data       12160  lcd.o(.constdata)
    Region$$Table$$Base                      0x0800bbac   Number         0  anon$$obj.o(Region$$Table)
    Region$$Table$$Limit                     0x0800bbcc   Number         0  anon$$obj.o(Region$$Table)
    SystemCoreClock                          0x20000000   Data           4  system_stm32f4xx.o(.data)
    AHBPrescTable                            0x20000004   Data          16  system_stm32f4xx.o(.data)
    USART_RX_STA                             0x2000001c   Data           2  usart.o(.data)
    __stdout                                 0x20000020   Data           4  usart.o(.data)
    POINT_COLOR                              0x20000024   Data           4  lcd.o(.data)
    BACK_COLOR                               0x20000028   Data           4  lcd.o(.data)
    ltdc_framebuf                            0x2000002c   Data           8  ltdc.o(.data)
    USART_RX_BUF                             0x20000034   Data         200  usart.o(.bss)
    UART1_Handler                            0x200000fc   Data          64  usart.o(.bss)
    SRAM_Handler                             0x2000013c   Data          80  lcd.o(.bss)
    lcddev                                   0x2000018c   Data          14  lcd.o(.bss)
    SDRAM_Handler                            0x2000019c   Data          52  sdram.o(.bss)
    LTDC_Handler                             0x200001d0   Data         168  ltdc.o(.bss)
    lcdltdc                                  0x20000278   Data          32  ltdc.o(.bss)
    hi2c1                                    0x20000298   Data          60  tmp275.o(.bss)
    __libspace_start                         0x200002d4   Data          96  libspace.o(.bss)
    __temporary_stack_top$libspace           0x20000334   Data           0  libspace.o(.bss)
    ltdc_lcd_framebuf                        0xc0000000   Data       2048000  ltdc.o(.ARM.__AT_0xC0000000)



==============================================================================

Memory Map of the image

  Image Entry point : 0x080001ad

  Load Region LR_IROM1 (Base: 0x08000000, Size: 0x0000bc1c, Max: 0x00100000, ABSOLUTE)

    Execution Region ER_IROM1 (Base: 0x08000000, Size: 0x0000bbe8, Max: 0x00100000, ABSOLUTE)

    Base Addr    Size         Type   Attr      Idx    E Section Name        Object

    0x08000000   0x000001ac   Data   RO          490    RESET               startup_stm32f429xx.o
    0x080001ac   0x00000008   Code   RO         4719  * !!!main             c_w.l(__main.o)
    0x080001b4   0x00000034   Code   RO         4961    !!!scatter          c_w.l(__scatter.o)
    0x080001e8   0x0000001a   Code   RO         4963    !!handler_copy      c_w.l(__scatter_copy.o)
    0x08000202   0x00000002   PAD
    0x08000204   0x0000001c   Code   RO         4965    !!handler_zi        c_w.l(__scatter_zi.o)
    0x08000220   0x00000000   Code   RO         4712    .ARM.Collect$$_printf_percent$$00000000  c_w.l(_printf_percent.o)
    0x08000220   0x00000006   Code   RO         4711    .ARM.Collect$$_printf_percent$$00000003  c_w.l(_printf_f.o)
    0x08000226   0x00000006   Code   RO         4710    .ARM.Collect$$_printf_percent$$0000000C  c_w.l(_printf_x.o)
    0x0800022c   0x00000004   Code   RO         4752    .ARM.Collect$$_printf_percent$$00000017  c_w.l(_printf_percent_end.o)
    0x08000230   0x00000002   Code   RO         4838    .ARM.Collect$$libinit$$00000000  c_w.l(libinit.o)
    0x08000232   0x00000004   Code   RO         4839    .ARM.Collect$$libinit$$00000001  c_w.l(libinit2.o)
    0x08000236   0x00000000   Code   RO         4842    .ARM.Collect$$libinit$$00000004  c_w.l(libinit2.o)
    0x08000236   0x00000000   Code   RO         4845    .ARM.Collect$$libinit$$0000000A  c_w.l(libinit2.o)
    0x08000236   0x00000000   Code   RO         4847    .ARM.Collect$$libinit$$0000000C  c_w.l(libinit2.o)
    0x08000236   0x00000000   Code   RO         4849    .ARM.Collect$$libinit$$0000000E  c_w.l(libinit2.o)
    0x08000236   0x00000006   Code   RO         4850    .ARM.Collect$$libinit$$0000000F  c_w.l(libinit2.o)
    0x0800023c   0x00000000   Code   RO         4852    .ARM.Collect$$libinit$$00000011  c_w.l(libinit2.o)
    0x0800023c   0x00000000   Code   RO         4854    .ARM.Collect$$libinit$$00000013  c_w.l(libinit2.o)
    0x0800023c   0x00000000   Code   RO         4856    .ARM.Collect$$libinit$$00000015  c_w.l(libinit2.o)
    0x0800023c   0x0000000a   Code   RO         4857    .ARM.Collect$$libinit$$00000016  c_w.l(libinit2.o)
    0x08000246   0x00000000   Code   RO         4858    .ARM.Collect$$libinit$$00000017  c_w.l(libinit2.o)
    0x08000246   0x00000000   Code   RO         4860    .ARM.Collect$$libinit$$00000019  c_w.l(libinit2.o)
    0x08000246   0x00000000   Code   RO         4862    .ARM.Collect$$libinit$$0000001B  c_w.l(libinit2.o)
    0x08000246   0x00000000   Code   RO         4864    .ARM.Collect$$libinit$$0000001D  c_w.l(libinit2.o)
    0x08000246   0x00000000   Code   RO         4866    .ARM.Collect$$libinit$$0000001F  c_w.l(libinit2.o)
    0x08000246   0x00000000   Code   RO         4868    .ARM.Collect$$libinit$$00000021  c_w.l(libinit2.o)
    0x08000246   0x00000000   Code   RO         4870    .ARM.Collect$$libinit$$00000023  c_w.l(libinit2.o)
    0x08000246   0x00000000   Code   RO         4872    .ARM.Collect$$libinit$$00000025  c_w.l(libinit2.o)
    0x08000246   0x00000000   Code   RO         4876    .ARM.Collect$$libinit$$0000002C  c_w.l(libinit2.o)
    0x08000246   0x00000000   Code   RO         4878    .ARM.Collect$$libinit$$0000002E  c_w.l(libinit2.o)
    0x08000246   0x00000000   Code   RO         4880    .ARM.Collect$$libinit$$00000030  c_w.l(libinit2.o)
    0x08000246   0x00000000   Code   RO         4882    .ARM.Collect$$libinit$$00000032  c_w.l(libinit2.o)
    0x08000246   0x00000002   Code   RO         4883    .ARM.Collect$$libinit$$00000033  c_w.l(libinit2.o)
    0x08000248   0x00000002   Code   RO         4911    .ARM.Collect$$libshutdown$$00000000  c_w.l(libshutdown.o)
    0x0800024a   0x00000000   Code   RO         4920    .ARM.Collect$$libshutdown$$00000002  c_w.l(libshutdown2.o)
    0x0800024a   0x00000000   Code   RO         4922    .ARM.Collect$$libshutdown$$00000004  c_w.l(libshutdown2.o)
    0x0800024a   0x00000000   Code   RO         4925    .ARM.Collect$$libshutdown$$00000007  c_w.l(libshutdown2.o)
    0x0800024a   0x00000000   Code   RO         4928    .ARM.Collect$$libshutdown$$0000000A  c_w.l(libshutdown2.o)
    0x0800024a   0x00000000   Code   RO         4930    .ARM.Collect$$libshutdown$$0000000C  c_w.l(libshutdown2.o)
    0x0800024a   0x00000000   Code   RO         4933    .ARM.Collect$$libshutdown$$0000000F  c_w.l(libshutdown2.o)
    0x0800024a   0x00000002   Code   RO         4934    .ARM.Collect$$libshutdown$$00000010  c_w.l(libshutdown2.o)
    0x0800024c   0x00000000   Code   RO         4741    .ARM.Collect$$rtentry$$00000000  c_w.l(__rtentry.o)
    0x0800024c   0x00000000   Code   RO         4763    .ARM.Collect$$rtentry$$00000002  c_w.l(__rtentry2.o)
    0x0800024c   0x00000006   Code   RO         4775    .ARM.Collect$$rtentry$$00000004  c_w.l(__rtentry4.o)
    0x08000252   0x00000000   Code   RO         4765    .ARM.Collect$$rtentry$$00000009  c_w.l(__rtentry2.o)
    0x08000252   0x00000004   Code   RO         4766    .ARM.Collect$$rtentry$$0000000A  c_w.l(__rtentry2.o)
    0x08000256   0x00000000   Code   RO         4768    .ARM.Collect$$rtentry$$0000000C  c_w.l(__rtentry2.o)
    0x08000256   0x00000008   Code   RO         4769    .ARM.Collect$$rtentry$$0000000D  c_w.l(__rtentry2.o)
    0x0800025e   0x00000002   Code   RO         4884    .ARM.Collect$$rtexit$$00000000  c_w.l(rtexit.o)
    0x08000260   0x00000000   Code   RO         4891    .ARM.Collect$$rtexit$$00000002  c_w.l(rtexit2.o)
    0x08000260   0x00000004   Code   RO         4892    .ARM.Collect$$rtexit$$00000003  c_w.l(rtexit2.o)
    0x08000264   0x00000006   Code   RO         4893    .ARM.Collect$$rtexit$$00000004  c_w.l(rtexit2.o)
    0x0800026a   0x00000002   PAD
    0x0800026c   0x00000040   Code   RO          491    .text               startup_stm32f429xx.o
    0x080002ac   0x00000002   Code   RO         4655    .text               c_w.l(use_no_semi_2.o)
    0x080002ae   0x00000002   PAD
    0x080002b0   0x00000018   Code   RO         4661    .text               c_w.l(noretval__2printf.o)
    0x080002c8   0x00000028   Code   RO         4663    .text               c_w.l(noretval__2sprintf.o)
    0x080002f0   0x0000004e   Code   RO         4667    .text               c_w.l(_printf_pad.o)
    0x0800033e   0x00000002   PAD
    0x08000340   0x00000058   Code   RO         4672    .text               c_w.l(_printf_hex_int.o)
    0x08000398   0x0000010e   Code   RO         4698    .text               c_w.l(__printf_wp.o)
    0x080004a6   0x00000064   Code   RO         4713    .text               c_w.l(rt_memcpy_w.o)
    0x0800050a   0x0000004e   Code   RO         4715    .text               c_w.l(rt_memclr_w.o)
    0x08000558   0x00000006   Code   RO         4717    .text               c_w.l(heapauxi.o)
    0x0800055e   0x00000002   Code   RO         4739    .text               c_w.l(use_no_semi.o)
    0x08000560   0x000000b2   Code   RO         4742    .text               c_w.l(_printf_intcommon.o)
    0x08000612   0x0000041a   Code   RO         4744    .text               c_w.l(_printf_fp_dec.o)
    0x08000a2c   0x00000030   Code   RO         4746    .text               c_w.l(_printf_char_common.o)
    0x08000a5c   0x0000000a   Code   RO         4748    .text               c_w.l(_sputc.o)
    0x08000a66   0x00000002   PAD
    0x08000a68   0x00000024   Code   RO         4750    .text               c_w.l(_printf_char_file.o)
    0x08000a8c   0x00000008   Code   RO         4780    .text               c_w.l(rt_locale_intlibspace.o)
    0x08000a94   0x0000008a   Code   RO         4782    .text               c_w.l(lludiv10.o)
    0x08000b1e   0x00000002   PAD
    0x08000b20   0x00000080   Code   RO         4784    .text               c_w.l(_printf_fp_infnan.o)
    0x08000ba0   0x000000dc   Code   RO         4788    .text               c_w.l(bigflt0.o)
    0x08000c7c   0x00000008   Code   RO         4813    .text               c_w.l(ferror.o)
    0x08000c84   0x00000008   Code   RO         4824    .text               c_w.l(libspace.o)
    0x08000c8c   0x0000004a   Code   RO         4827    .text               c_w.l(sys_stackheap_outer.o)
    0x08000cd6   0x00000012   Code   RO         4829    .text               c_w.l(exit.o)
    0x08000ce8   0x00000080   Code   RO         4831    .text               c_w.l(strcmpv7m.o)
    0x08000d68   0x0000003e   Code   RO         4791    CL$$btod_d2e        c_w.l(btod.o)
    0x08000da6   0x00000046   Code   RO         4793    CL$$btod_d2e_denorm_low  c_w.l(btod.o)
    0x08000dec   0x00000060   Code   RO         4792    CL$$btod_d2e_norm_op1  c_w.l(btod.o)
    0x08000e4c   0x00000338   Code   RO         4801    CL$$btod_div_common  c_w.l(btod.o)
    0x08001184   0x000000c6   Code   RO         4798    CL$$btod_e2e        c_w.l(btod.o)
    0x0800124a   0x00000028   Code   RO         4795    CL$$btod_ediv       c_w.l(btod.o)
    0x08001272   0x00000028   Code   RO         4794    CL$$btod_emul       c_w.l(btod.o)
    0x0800129a   0x00000244   Code   RO         4800    CL$$btod_mult_common  c_w.l(btod.o)
    0x080014de   0x00000002   Code   RO          277    i.BusFault_Handler  stm32f4xx_it.o
    0x080014e0   0x00000028   Code   RO         4563    i.Configuration_TMP275  tmp275.o
    0x08001508   0x00000002   Code   RO          278    i.DebugMon_Handler  stm32f4xx_it.o
    0x0800150a   0x00000008   Code   RO         4620    i.EXTI9_5_IRQHandler  exti.o
    0x08001512   0x00000002   PAD
    0x08001514   0x0000004c   Code   RO         4621    i.EXTI_Init         exti.o
    0x08001560   0x00000040   Code   RO         2635    i.FMC_NORSRAM_Extended_Timing_Init  stm32f4xx_ll_fmc.o
    0x080015a0   0x00000078   Code   RO         2636    i.FMC_NORSRAM_Init  stm32f4xx_ll_fmc.o
    0x08001618   0x0000005c   Code   RO         2637    i.FMC_NORSRAM_Timing_Init  stm32f4xx_ll_fmc.o
    0x08001674   0x0000004c   Code   RO         2647    i.FMC_SDRAM_Init    stm32f4xx_ll_fmc.o
    0x080016c0   0x0000000c   Code   RO         2648    i.FMC_SDRAM_ProgramRefreshRate  stm32f4xx_ll_fmc.o
    0x080016cc   0x00000048   Code   RO         2649    i.FMC_SDRAM_SendCommand  stm32f4xx_ll_fmc.o
    0x08001714   0x0000007c   Code   RO         2651    i.FMC_SDRAM_Timing_Init  stm32f4xx_ll_fmc.o
    0x08001790   0x00000098   Code   RO         4622    i.HAL_GPIO_EXTI_Callback  exti.o
    0x08001828   0x00000018   Code   RO          781    i.HAL_GPIO_EXTI_IRQHandler  stm32f4xx_hal_gpio.o
    0x08001840   0x000001dc   Code   RO          782    i.HAL_GPIO_Init     stm32f4xx_hal_gpio.o
    0x08001a1c   0x0000000a   Code   RO          784    i.HAL_GPIO_ReadPin  stm32f4xx_hal_gpio.o
    0x08001a26   0x0000000a   Code   RO          786    i.HAL_GPIO_WritePin  stm32f4xx_hal_gpio.o
    0x08001a30   0x0000000c   Code   RO          513    i.HAL_GetTick       stm32f4xx_hal.o
    0x08001a3c   0x0000004a   Code   RO         3714    i.HAL_I2CEx_ConfigAnalogFilter  stm32f4xx_hal_i2c_ex.o
    0x08001a86   0x00000046   Code   RO         3715    i.HAL_I2CEx_ConfigDigitalFilter  stm32f4xx_hal_i2c_ex.o
    0x08001acc   0x00000100   Code   RO         3423    i.HAL_I2C_Init      stm32f4xx_hal_i2c.o
    0x08001bcc   0x000001ac   Code   RO         3427    i.HAL_I2C_Master_Receive  stm32f4xx_hal_i2c.o
    0x08001d78   0x000000e8   Code   RO         3430    i.HAL_I2C_Master_Transmit  stm32f4xx_hal_i2c.o
    0x08001e60   0x00000068   Code   RO         4564    i.HAL_I2C_MspInit   tmp275.o
    0x08001ec8   0x00000010   Code   RO          514    i.HAL_IncTick       stm32f4xx_hal.o
    0x08001ed8   0x00000022   Code   RO          516    i.HAL_InitTick      stm32f4xx_hal.o
    0x08001efa   0x00000052   Code   RO         3085    i.HAL_LTDC_ConfigLayer  stm32f4xx_hal_ltdc.o
    0x08001f4c   0x000000fc   Code   RO         3097    i.HAL_LTDC_Init     stm32f4xx_hal_ltdc.o
    0x08002048   0x000000f4   Code   RO         4449    i.HAL_LTDC_MspInit  ltdc.o
    0x0800213c   0x00000054   Code   RO         3106    i.HAL_LTDC_SetWindowPosition  stm32f4xx_hal_ltdc.o
    0x08002190   0x00000054   Code   RO         3107    i.HAL_LTDC_SetWindowSize  stm32f4xx_hal_ltdc.o
    0x080021e4   0x00000016   Code   RO          659    i.HAL_NVIC_EnableIRQ  stm32f4xx_hal_cortex.o
    0x080021fa   0x00000002   PAD
    0x080021fc   0x00000040   Code   RO          665    i.HAL_NVIC_SetPriority  stm32f4xx_hal_cortex.o
    0x0800223c   0x00000088   Code   RO          971    i.HAL_PWREx_EnableOverDrive  stm32f4xx_hal_pwr_ex.o
    0x080022c4   0x000002a8   Code   RO         1143    i.HAL_RCCEx_PeriphCLKConfig  stm32f4xx_hal_rcc_ex.o
    0x0800256c   0x00000208   Code   RO         1038    i.HAL_RCC_ClockConfig  stm32f4xx_hal_rcc.o
    0x08002774   0x00000034   Code   RO         1043    i.HAL_RCC_GetHCLKFreq  stm32f4xx_hal_rcc.o
    0x080027a8   0x0000002c   Code   RO         1045    i.HAL_RCC_GetPCLK1Freq  stm32f4xx_hal_rcc.o
    0x080027d4   0x0000002c   Code   RO         1046    i.HAL_RCC_GetPCLK2Freq  stm32f4xx_hal_rcc.o
    0x08002800   0x00000074   Code   RO         1047    i.HAL_RCC_GetSysClockFreq  stm32f4xx_hal_rcc.o
    0x08002874   0x0000031c   Code   RO         1050    i.HAL_RCC_OscConfig  stm32f4xx_hal_rcc.o
    0x08002b90   0x00000042   Code   RO         2933    i.HAL_SDRAM_Init    stm32f4xx_hal_sdram.o
    0x08002bd2   0x00000002   PAD
    0x08002bd4   0x000000dc   Code   RO         4391    i.HAL_SDRAM_MspInit  sdram.o
    0x08002cb0   0x00000022   Code   RO         2936    i.HAL_SDRAM_ProgramRefreshRate  stm32f4xx_hal_sdram.o
    0x08002cd2   0x0000002e   Code   RO         2942    i.HAL_SDRAM_SendCommand  stm32f4xx_hal_sdram.o
    0x08002d00   0x00000056   Code   RO         2811    i.HAL_SRAM_Init     stm32f4xx_hal_sram.o
    0x08002d56   0x00000002   PAD
    0x08002d58   0x00000078   Code   RO         4170    i.HAL_SRAM_MspInit  lcd.o
    0x08002dd0   0x00000018   Code   RO          668    i.HAL_SYSTICK_CLKSourceConfig  stm32f4xx_hal_cortex.o
    0x08002de8   0x00000028   Code   RO          670    i.HAL_SYSTICK_Config  stm32f4xx_hal_cortex.o
    0x08002e10   0x00000002   Code   RO         1190    i.HAL_UART_ErrorCallback  stm32f4xx_hal_uart.o
    0x08002e12   0x000000f4   Code   RO         1193    i.HAL_UART_IRQHandler  stm32f4xx_hal_uart.o
    0x08002f06   0x0000005e   Code   RO         1194    i.HAL_UART_Init     stm32f4xx_hal_uart.o
    0x08002f64   0x00000094   Code   RO         4054    i.HAL_UART_MspInit  usart.o
    0x08002ff8   0x000000ca   Code   RO         1197    i.HAL_UART_Receive  stm32f4xx_hal_uart.o
    0x080030c2   0x00000002   Code   RO         1200    i.HAL_UART_RxCpltCallback  stm32f4xx_hal_uart.o
    0x080030c4   0x00000002   Code   RO         1205    i.HAL_UART_TxCpltCallback  stm32f4xx_hal_uart.o
    0x080030c6   0x00000002   Code   RO          279    i.HardFault_Handler  stm32f4xx_it.o
    0x080030c8   0x000000ba   Code   RO         3460    i.I2C_MasterRequestRead  stm32f4xx_hal_i2c.o
    0x08003182   0x00000002   PAD
    0x08003184   0x00000074   Code   RO         3461    i.I2C_MasterRequestWrite  stm32f4xx_hal_i2c.o
    0x080031f8   0x0000008a   Code   RO         3464    i.I2C_WaitOnFlagUntilTimeout  stm32f4xx_hal_i2c.o
    0x08003282   0x00000082   Code   RO         3465    i.I2C_WaitOnMasterAddressFlagUntilTimeout  stm32f4xx_hal_i2c.o
    0x08003304   0x00000080   Code   RO         4139    i.KEY_Init          key.o
    0x08003384   0x00000048   Code   RO         4172    i.LCD_Clear         lcd.o
    0x080033cc   0x00000100   Code   RO         4176    i.LCD_Display_Dir   lcd.o
    0x080034cc   0x00000104   Code   RO         4181    i.LCD_Fast_DrawPoint  lcd.o
    0x080035d0   0x000025a8   Code   RO         4183    i.LCD_Init          lcd.o
    0x08005b78   0x00000014   Code   RO         4185    i.LCD_RD_DATA       lcd.o
    0x08005b8c   0x00000050   Code   RO         4188    i.LCD_SSD_BackLightSet  lcd.o
    0x08005bdc   0x000001c0   Code   RO         4189    i.LCD_Scan_Dir      lcd.o
    0x08005d9c   0x00000114   Code   RO         4190    i.LCD_SetCursor     lcd.o
    0x08005eb0   0x000000dc   Code   RO         4192    i.LCD_ShowChar      lcd.o
    0x08005f8c   0x00000054   Code   RO         4194    i.LCD_ShowString    lcd.o
    0x08005fe0   0x00000018   Code   RO         4196    i.LCD_WR_DATA       lcd.o
    0x08005ff8   0x00000018   Code   RO         4197    i.LCD_WR_REG        lcd.o
    0x08006010   0x00000014   Code   RO         4199    i.LCD_WriteRAM_Prepare  lcd.o
    0x08006024   0x00000010   Code   RO         4200    i.LCD_WriteReg      lcd.o
    0x08006034   0x0000004c   Code   RO         4115    i.LED_Init          led.o
    0x08006080   0x00000020   Code   RO         4450    i.LTDC_Clear        ltdc.o
    0x080060a0   0x0000001e   Code   RO         4451    i.LTDC_Clk_Set      ltdc.o
    0x080060be   0x00000002   PAD
    0x080060c0   0x00000028   Code   RO         4453    i.LTDC_Display_Dir  ltdc.o
    0x080060e8   0x0000003c   Code   RO         4454    i.LTDC_Draw_Point   ltdc.o
    0x08006124   0x000000b4   Code   RO         4455    i.LTDC_Fill         ltdc.o
    0x080061d8   0x00000208   Code   RO         4456    i.LTDC_Init         ltdc.o
    0x080063e0   0x0000005c   Code   RO         4457    i.LTDC_Layer_Parameter_Config  ltdc.o
    0x0800643c   0x00000024   Code   RO         4459    i.LTDC_Layer_Window_Config  ltdc.o
    0x08006460   0x000000b8   Code   RO         4460    i.LTDC_PanelID_Read  ltdc.o
    0x08006518   0x00000162   Code   RO         3108    i.LTDC_SetConfig    stm32f4xx_hal_ltdc.o
    0x0800667a   0x00000002   PAD
    0x0800667c   0x00000050   Code   RO         4565    i.MX_I2C1_Init      tmp275.o
    0x080066cc   0x00000002   Code   RO          280    i.MemManage_Handler  stm32f4xx_it.o
    0x080066ce   0x00000002   Code   RO          281    i.NMI_Handler       stm32f4xx_it.o
    0x080066d0   0x00000020   Code   RO          672    i.NVIC_SetPriority  stm32f4xx_hal_cortex.o
    0x080066f0   0x00000002   Code   RO          282    i.PendSV_Handler    stm32f4xx_it.o
    0x080066f2   0x00000002   PAD
    0x080066f4   0x000000a4   Code   RO         4566    i.Read_Temperature  tmp275.o
    0x08006798   0x00000060   Code   RO         4392    i.SDRAM_Init        sdram.o
    0x080067f8   0x00000050   Code   RO         4393    i.SDRAM_Initialization_Sequence  sdram.o
    0x08006848   0x00000034   Code   RO         4394    i.SDRAM_Send_Cmd    sdram.o
    0x0800687c   0x00000002   Code   RO          283    i.SVC_Handler       stm32f4xx_it.o
    0x0800687e   0x00000002   PAD
    0x08006880   0x00000054   Code   RO         4567    i.Set_Temp_Range    tmp275.o
    0x080068d4   0x00000084   Code   RO         4027    i.Stm32_Clock_Init  sys.o
    0x08006958   0x00000004   Code   RO          284    i.SysTick_Handler   stm32f4xx_it.o
    0x0800695c   0x00000054   Code   RO          356    i.SystemInit        system_stm32f4xx.o
    0x080069b0   0x00000024   Code   RO         4568    i.TMP275_Init       tmp275.o
    0x080069d4   0x000000a6   Code   RO         1212    i.UART_Receive_IT   stm32f4xx_hal_uart.o
    0x08006a7a   0x00000002   PAD
    0x08006a7c   0x00000174   Code   RO         1213    i.UART_SetConfig    stm32f4xx_hal_uart.o
    0x08006bf0   0x00000066   Code   RO         1214    i.UART_Transmit_IT  stm32f4xx_hal_uart.o
    0x08006c56   0x00000092   Code   RO         1215    i.UART_WaitOnFlagUntilTimeout  stm32f4xx_hal_uart.o
    0x08006ce8   0x0000006c   Code   RO         4055    i.USART1_IRQHandler  usart.o
    0x08006d54   0x00000002   Code   RO          285    i.UsageFault_Handler  stm32f4xx_it.o
    0x08006d56   0x00000030   Code   RO         4822    i.__ARM_fpclassify  m_wm.l(fpclassify.o)
    0x08006d86   0x0000000e   Code   RO         4700    i._is_digit         c_w.l(__printf_wp.o)
    0x08006d94   0x00000002   Code   RO         4056    i._sys_exit         usart.o
    0x08006d96   0x00000002   PAD
    0x08006d98   0x00000014   Code   RO         3988    i.delay_init        delay.o
    0x08006dac   0x0000001a   Code   RO         3989    i.delay_ms          delay.o
    0x08006dc6   0x00000002   PAD
    0x08006dc8   0x00000034   Code   RO         3990    i.delay_us          delay.o
    0x08006dfc   0x00000014   Code   RO         4057    i.fputc             usart.o
    0x08006e10   0x00000164   Code   RO            4    i.main              main.o
    0x08006f74   0x00000024   Code   RO         4058    i.uart_init         usart.o
    0x08006f98   0x0000002c   Code   RO         4818    locale$$code        c_w.l(lc_numeric_c.o)
    0x08006fc4   0x00000062   Code   RO         4721    x$fpl$d2f           fz_wm.l(d2f.o)
    0x08007026   0x00000002   PAD
    0x08007028   0x0000005a   Code   RO         4723    x$fpl$dfixu         fz_wm.l(dfixu.o)
    0x08007082   0x00000026   Code   RO         4727    x$fpl$dfltu         fz_wm.l(dflt_clz.o)
    0x080070a8   0x00000154   Code   RO         4733    x$fpl$dmul          fz_wm.l(dmul.o)
    0x080071fc   0x0000009c   Code   RO         4753    x$fpl$dnaninf       fz_wm.l(dnaninf.o)
    0x08007298   0x0000000c   Code   RO         4755    x$fpl$dretinf       fz_wm.l(dretinf.o)
    0x080072a4   0x00000056   Code   RO         4735    x$fpl$f2d           fz_wm.l(f2d.o)
    0x080072fa   0x0000008c   Code   RO         4757    x$fpl$fnaninf       fz_wm.l(fnaninf.o)
    0x08007386   0x0000000a   Code   RO         4888    x$fpl$fpinit        fz_wm.l(fpinit.o)
    0x08007390   0x0000000a   Code   RO         4759    x$fpl$fretinf       fz_wm.l(fretinf.o)
    0x0800739a   0x00000004   Code   RO         4737    x$fpl$printf1       fz_wm.l(printf1.o)
    0x0800739e   0x00000000   Code   RO         4761    x$fpl$usenofp       fz_wm.l(usenofp.o)
    0x0800739e   0x00000010   Data   RO         1051    .constdata          stm32f4xx_hal_rcc.o
    0x080073ae   0x00004740   Data   RO         4203    .constdata          lcd.o
    0x0800baee   0x00000028   Data   RO         4673    .constdata          c_w.l(_printf_hex_int.o)
    0x0800bb16   0x00000002   PAD
    0x0800bb18   0x00000094   Data   RO         4789    .constdata          c_w.l(bigflt0.o)
    0x0800bbac   0x00000020   Data   RO         4959    Region$$Table       anon$$obj.o
    0x0800bbcc   0x0000001c   Data   RO         4817    locale$$data        c_w.l(lc_numeric_c.o)


    Execution Region RW_IRAM1 (Base: 0x20000000, Size: 0x00000938, Max: 0x00030000, ABSOLUTE)

    Base Addr    Size         Type   Attr      Idx    E Section Name        Object

    0x20000000   0x00000014   Data   RW          357    .data               system_stm32f4xx.o
    0x20000014   0x00000004   Data   RW          521    .data               stm32f4xx_hal.o
    0x20000018   0x00000004   Data   RW         3991    .data               delay.o
    0x2000001c   0x00000002   Data   RW         4060    .data               usart.o
    0x2000001e   0x00000002   PAD
    0x20000020   0x00000004   Data   RW         4061    .data               usart.o
    0x20000024   0x00000008   Data   RW         4204    .data               lcd.o
    0x2000002c   0x00000008   Data   RW         4467    .data               ltdc.o
    0x20000034   0x00000108   Zero   RW         4059    .bss                usart.o
    0x2000013c   0x0000005e   Zero   RW         4202    .bss                lcd.o
    0x2000019a   0x00000002   PAD
    0x2000019c   0x00000034   Zero   RW         4395    .bss                sdram.o
    0x200001d0   0x000000c8   Zero   RW         4465    .bss                ltdc.o
    0x20000298   0x0000003c   Zero   RW         4569    .bss                tmp275.o
    0x200002d4   0x00000060   Zero   RW         4825    .bss                c_w.l(libspace.o)
    0x20000334   0x00000004   PAD
    0x20000338   0x00000200   Zero   RW          489    HEAP                startup_stm32f429xx.o
    0x20000538   0x00000400   Zero   RW          488    STACK               startup_stm32f429xx.o



  Load Region LR$$.ARM.__AT_0xC0000000 (Base: 0xc0000000, Size: 0x00000000, Max: 0x001f4000, ABSOLUTE)

    Execution Region ER$$.ARM.__AT_0xC0000000 (Base: 0xc0000000, Size: 0x001f4000, Max: 0x001f4000, ABSOLUTE, UNINIT)

    Base Addr    Size         Type   Attr      Idx    E Section Name        Object

    0xc0000000   0x001f4000   Zero   RW         4464    .ARM.__AT_0xC0000000  ltdc.o


==============================================================================

Image component sizes


      Code (inc. data)   RO Data    RW Data    ZI Data      Debug   Object Name

        98          8          0          4          0       2087   delay.o
       236         60          0          0          0       2334   exti.o
       128         18          0          0          0       1067   key.o
     11560        176      18240          8         94      19817   lcd.o
        76          8          0          0          0        951   led.o
      1418        118          0          8    2048200       9984   ltdc.o
       356        124          0          0          0     413611   main.o
       448         46          0          0         52       3670   sdram.o
        64         26        428          0       1536        864   startup_stm32f429xx.o
        62         12          0          4          0       3227   stm32f4xx_hal.o
       182          4          0          0          0      30442   stm32f4xx_hal_cortex.o
       520         60          0          0          0       4162   stm32f4xx_hal_gpio.o
      1486         32          0          0          0       8574   stm32f4xx_hal_i2c.o
       144          0          0          0          0       2111   stm32f4xx_hal_i2c_ex.o
       856          4          0          0          0       5013   stm32f4xx_hal_ltdc.o
       136         14          0          0          0       1388   stm32f4xx_hal_pwr_ex.o
      1572         72         16          0          0       6711   stm32f4xx_hal_rcc.o
       680         36          0          0          0       1760   stm32f4xx_hal_rcc_ex.o
       146          0          0          0          0       2900   stm32f4xx_hal_sdram.o
        86          0          0          0          0       1304   stm32f4xx_hal_sram.o
      1332          8          0          0          0       9202   stm32f4xx_hal_uart.o
        20          0          0          0          0       4382   stm32f4xx_it.o
       560         20          0          0          0       6328   stm32f4xx_ll_fmc.o
       132         10          0          0          0       1227   sys.o
        84         18          0         20          0       1169   system_stm32f4xx.o
       508         74          0          0         60       4906   tmp275.o
       314         36          0          6        264       5103   usart.o

    ----------------------------------------------------------------------
     23228        984      18716         52    2050208     554294   Object Totals
         0          0         32          0          0          0   (incl. Generated)
        24          0          0          2          2          0   (incl. Padding)

    ----------------------------------------------------------------------

      Code (inc. data)   RO Data    RW Data    ZI Data      Debug   Library Member Name

         8          0          0          0          0         68   __main.o
       284          0          0          0          0        156   __printf_wp.o
         0          0          0          0          0          0   __rtentry.o
        12          0          0          0          0          0   __rtentry2.o
         6          0          0          0          0          0   __rtentry4.o
        52          8          0          0          0          0   __scatter.o
        26          0          0          0          0          0   __scatter_copy.o
        28          0          0          0          0          0   __scatter_zi.o
        48          6          0          0          0         96   _printf_char_common.o
        36          4          0          0          0         80   _printf_char_file.o
         6          0          0          0          0          0   _printf_f.o
      1050          0          0          0          0        216   _printf_fp_dec.o
       128         16          0          0          0         84   _printf_fp_infnan.o
        88          4         40          0          0         88   _printf_hex_int.o
       178          0          0          0          0         88   _printf_intcommon.o
        78          0          0          0          0        108   _printf_pad.o
         0          0          0          0          0          0   _printf_percent.o
         4          0          0          0          0          0   _printf_percent_end.o
         6          0          0          0          0          0   _printf_x.o
        10          0          0          0          0         68   _sputc.o
       220          4        148          0          0         96   bigflt0.o
      1910        128          0          0          0        672   btod.o
        18          0          0          0          0         80   exit.o
         8          0          0          0          0         68   ferror.o
         6          0          0          0          0        152   heapauxi.o
        44         10         28          0          0         76   lc_numeric_c.o
         2          0          0          0          0          0   libinit.o
        22          0          0          0          0          0   libinit2.o
         2          0          0          0          0          0   libshutdown.o
         2          0          0          0          0          0   libshutdown2.o
         8          4          0          0         96         68   libspace.o
       138          0          0          0          0         80   lludiv10.o
        24          4          0          0          0         84   noretval__2printf.o
        40          6          0          0          0         84   noretval__2sprintf.o
         8          4          0          0          0         68   rt_locale_intlibspace.o
        78          0          0          0          0         80   rt_memclr_w.o
       100          0          0          0          0         80   rt_memcpy_w.o
         2          0          0          0          0          0   rtexit.o
        10          0          0          0          0          0   rtexit2.o
       128          0          0          0          0         68   strcmpv7m.o
        74          0          0          0          0         80   sys_stackheap_outer.o
         2          0          0          0          0         68   use_no_semi.o
         2          0          0          0          0         68   use_no_semi_2.o
        98          4          0          0          0        140   d2f.o
        90          4          0          0          0        140   dfixu.o
        38          0          0          0          0        116   dflt_clz.o
       340         12          0          0          0        152   dmul.o
       156          4          0          0          0        140   dnaninf.o
        12          0          0          0          0        116   dretinf.o
        86          4          0          0          0        132   f2d.o
       140          4          0          0          0        132   fnaninf.o
        10          0          0          0          0        116   fpinit.o
        10          0          0          0          0        116   fretinf.o
         4          0          0          0          0        116   printf1.o
         0          0          0          0          0          0   usenofp.o
        48          0          0          0          0        124   fpclassify.o

    ----------------------------------------------------------------------
      5942        230        218          0        100       4564   Library Totals
        14          0          2          0          4          0   (incl. Padding)

    ----------------------------------------------------------------------

      Code (inc. data)   RO Data    RW Data    ZI Data      Debug   Library Name

      4896        198        216          0         96       3024   c_w.l
       984         32          0          0          0       1416   fz_wm.l
        48          0          0          0          0        124   m_wm.l

    ----------------------------------------------------------------------
      5942        230        218          0        100       4564   Library Totals

    ----------------------------------------------------------------------

==============================================================================


      Code (inc. data)   RO Data    RW Data    ZI Data      Debug   

     29170       1214      18934         52    2050308     545494   Grand Totals
     29170       1214      18934         52    2050308     545494   ELF Image Totals
     29170       1214      18934         52          0          0   ROM Totals

==============================================================================

    Total RO  Size (Code + RO Data)                48104 (  46.98kB)
    Total RW  Size (RW Data + ZI Data)           2050360 (2002.30kB)
    Total ROM Size (Code + RO Data + RW Data)      48156 (  47.03kB)

==============================================================================

