Component: ARM Compiler 5.06 update 1 (build 61) Tool: armlink [4d35a8]

==============================================================================

Section Cross References

    main.o(i.main) refers to _printf_pad.o(.text) for _printf_pre_padding
    main.o(i.main) refers to _printf_percent.o(.ARM.Collect$$_printf_percent$$00000000) for _printf_percent
    main.o(i.main) refers to _printf_f.o(.ARM.Collect$$_printf_percent$$00000003) for _printf_f
    main.o(i.main) refers to printf1.o(x$fpl$printf1) for _printf_fp_dec
    main.o(i.main) refers to stm32f4xx_hal.o(i.HAL_Init) for HAL_Init
    main.o(i.main) refers to stm32f429_winner.o(i.SystemClock_Config) for SystemClock_Config
    main.o(i.main) refers to led.o(i.LED_Init) for LED_Init
    main.o(i.main) refers to usart.o(i.uart_init) for uart_init
    main.o(i.main) refers to sdram.o(i.SDRAM_Init) for SDRAM_Init
    main.o(i.main) refers to lcd.o(i.LCD_Init) for LCD_Init
    main.o(i.main) refers to tmp275.o(i.TMP275_Init) for TMP275_Init
    main.o(i.main) refers to lcd.o(i.LCD_DisplayOn) for LCD_DisplayOn
    main.o(i.main) refers to lcd.o(i.LCD_ShowString) for LCD_ShowString
    main.o(i.main) refers to delay.o(i.delay_ms) for delay_ms
    main.o(i.main) refers to tmp275.o(i.Read_Temperature) for Read_Temperature
    main.o(i.main) refers to f2d.o(x$fpl$f2d) for __aeabi_f2d
    main.o(i.main) refers to noretval__2sprintf.o(.text) for __2sprintf
    main.o(i.main) refers to noretval__2printf.o(.text) for __2printf
    main.o(i.main) refers to lcd.o(.data) for POINT_COLOR
    stm32f4xx_it.o(i.SysTick_Handler) refers to stm32f4xx_hal.o(i.HAL_IncTick) for HAL_IncTick
    system_stm32f4xx.o(i.SystemCoreClockUpdate) refers to system_stm32f4xx.o(.data) for SystemCoreClock
    stm32f429_winner.o(i.SystemClock_Config) refers to stm32f4xx_hal_rcc.o(i.HAL_RCC_OscConfig) for HAL_RCC_OscConfig
    stm32f429_winner.o(i.SystemClock_Config) refers to stm32f4xx_hal_pwr_ex.o(i.HAL_PWREx_EnableOverDrive) for HAL_PWREx_EnableOverDrive
    stm32f429_winner.o(i.SystemClock_Config) refers to stm32f4xx_hal_rcc.o(i.HAL_RCC_ClockConfig) for HAL_RCC_ClockConfig
    delay.o(i.SysTick_clkconfig) refers to stm32f4xx_hal_cortex.o(i.HAL_SYSTICK_CLKSourceConfig) for HAL_SYSTICK_CLKSourceConfig
    delay.o(i.SysTick_clkconfig) refers to delay.o(.data) for fac_us
    delay.o(i.SysTick_delay_ms) refers to delay.o(i.SysTick_delay_us) for SysTick_delay_us
    delay.o(i.SysTick_delay_us) refers to delay.o(.data) for fac_us
    delay.o(i.delay_ms) refers to delay.o(i.delay_us) for delay_us
    led.o(i.BSP_LED_Init) refers to stm32f4xx_hal_gpio.o(i.HAL_GPIO_Init) for HAL_GPIO_Init
    led.o(i.BSP_LED_Init) refers to stm32f4xx_hal_gpio.o(i.HAL_GPIO_WritePin) for HAL_GPIO_WritePin
    led.o(i.BSP_LED_Init) refers to led.o(.constdata) for GPIO_PIN
    led.o(i.BSP_LED_Init) refers to led.o(.data) for GPIO_PORT
    led.o(i.LED_Init) refers to led.o(i.BSP_LED_Init) for BSP_LED_Init
    lcd.o(i.HAL_SRAM_MspInit) refers to stm32f4xx_hal_gpio.o(i.HAL_GPIO_Init) for HAL_GPIO_Init
    lcd.o(i.LCD_Clear) refers to ltdc.o(i.LTDC_Clear) for LTDC_Clear
    lcd.o(i.LCD_Clear) refers to lcd.o(i.LCD_Fill) for LCD_Fill
    lcd.o(i.LCD_Clear) refers to ltdc.o(.bss) for lcdltdc
    lcd.o(i.LCD_Clear) refers to lcd.o(.bss) for lcddev
    lcd.o(i.LCD_Color_Fill) refers to ltdc.o(i.LTDC_Color_Fill) for LTDC_Color_Fill
    lcd.o(i.LCD_Color_Fill) refers to lcd.o(i.LCD_Set_Window) for LCD_Set_Window
    lcd.o(i.LCD_Color_Fill) refers to lcd.o(i.LCD_WriteRAM_Prepare) for LCD_WriteRAM_Prepare
    lcd.o(i.LCD_Color_Fill) refers to lcd.o(i.LCD_WriteRAM) for LCD_WriteRAM
    lcd.o(i.LCD_Color_Fill) refers to lcd.o(i.LCD_SetCursor) for LCD_SetCursor
    lcd.o(i.LCD_Color_Fill) refers to ltdc.o(.bss) for lcdltdc
    lcd.o(i.LCD_Color_Fill) refers to lcd.o(.bss) for lcddev
    lcd.o(i.LCD_DisplayOff) refers to ltdc.o(i.LTDC_Switch) for LTDC_Switch
    lcd.o(i.LCD_DisplayOff) refers to lcd.o(i.LCD_WR_REG) for LCD_WR_REG
    lcd.o(i.LCD_DisplayOff) refers to lcd.o(i.LCD_WriteReg) for LCD_WriteReg
    lcd.o(i.LCD_DisplayOff) refers to ltdc.o(.bss) for lcdltdc
    lcd.o(i.LCD_DisplayOff) refers to lcd.o(.bss) for lcddev
    lcd.o(i.LCD_DisplayOn) refers to ltdc.o(i.LTDC_Switch) for LTDC_Switch
    lcd.o(i.LCD_DisplayOn) refers to lcd.o(i.LCD_WR_REG) for LCD_WR_REG
    lcd.o(i.LCD_DisplayOn) refers to lcd.o(i.LCD_WriteReg) for LCD_WriteReg
    lcd.o(i.LCD_DisplayOn) refers to ltdc.o(.bss) for lcdltdc
    lcd.o(i.LCD_DisplayOn) refers to lcd.o(.bss) for lcddev
    lcd.o(i.LCD_Display_Dir) refers to lcd.o(.bss) for lcddev
    lcd.o(i.LCD_DrawLine) refers to lcd.o(i.LCD_DrawPoint) for LCD_DrawPoint
    lcd.o(i.LCD_DrawPoint) refers to ltdc.o(i.LTDC_Draw_Point) for LTDC_Draw_Point
    lcd.o(i.LCD_DrawPoint) refers to lcd.o(i.LCD_Set_Window) for LCD_Set_Window
    lcd.o(i.LCD_DrawPoint) refers to lcd.o(i.LCD_SetCursor) for LCD_SetCursor
    lcd.o(i.LCD_DrawPoint) refers to lcd.o(i.LCD_WriteRAM_Prepare) for LCD_WriteRAM_Prepare
[...]
    i.I2C_IsAcknowledgeFailed                0x08003b0a   Section        0  stm32f4xx_hal_i2c.o(i.I2C_IsAcknowledgeFailed)
    I2C_IsAcknowledgeFailed                  0x08003b0b   Thumb Code    52  stm32f4xx_hal_i2c.o(i.I2C_IsAcknowledgeFailed)
    i.I2C_MasterRequestRead                  0x08003b40   Section        0  stm32f4xx_hal_i2c.o(i.I2C_MasterRequestRead)
    I2C_MasterRequestRead                    0x08003b41   Thumb Code   298  stm32f4xx_hal_i2c.o(i.I2C_MasterRequestRead)
    i.I2C_MasterRequestWrite                 0x08003c70   Section        0  stm32f4xx_hal_i2c.o(i.I2C_MasterRequestWrite)
    I2C_MasterRequestWrite                   0x08003c71   Thumb Code   176  stm32f4xx_hal_i2c.o(i.I2C_MasterRequestWrite)
    i.I2C_WaitOnBTFFlagUntilTimeout          0x08003d24   Section        0  stm32f4xx_hal_i2c.o(i.I2C_WaitOnBTFFlagUntilTimeout)
    I2C_WaitOnBTFFlagUntilTimeout            0x08003d25   Thumb Code    90  stm32f4xx_hal_i2c.o(i.I2C_WaitOnBTFFlagUntilTimeout)
    i.I2C_WaitOnFlagUntilTimeout             0x08003d7e   Section        0  stm32f4xx_hal_i2c.o(i.I2C_WaitOnFlagUntilTimeout)
    I2C_WaitOnFlagUntilTimeout               0x08003d7f   Thumb Code   230  stm32f4xx_hal_i2c.o(i.I2C_WaitOnFlagUntilTimeout)
    i.I2C_WaitOnMasterAddressFlagUntilTimeout 0x08003e64   Section        0  stm32f4xx_hal_i2c.o(i.I2C_WaitOnMasterAddressFlagUntilTimeout)
    I2C_WaitOnMasterAddressFlagUntilTimeout  0x08003e65   Thumb Code   178  stm32f4xx_hal_i2c.o(i.I2C_WaitOnMasterAddressFlagUntilTimeout)
    i.I2C_WaitOnRXNEFlagUntilTimeout         0x08003f16   Section        0  stm32f4xx_hal_i2c.o(i.I2C_WaitOnRXNEFlagUntilTimeout)
    I2C_WaitOnRXNEFlagUntilTimeout           0x08003f17   Thumb Code   116  stm32f4xx_hal_i2c.o(i.I2C_WaitOnRXNEFlagUntilTimeout)
    i.I2C_WaitOnTXEFlagUntilTimeout          0x08003f8a   Section        0  stm32f4xx_hal_i2c.o(i.I2C_WaitOnTXEFlagUntilTimeout)
    I2C_WaitOnTXEFlagUntilTimeout            0x08003f8b   Thumb Code    90  stm32f4xx_hal_i2c.o(i.I2C_WaitOnTXEFlagUntilTimeout)
    i.LCD_Clear                              0x08003fe4   Section        0  lcd.o(i.LCD_Clear)
    i.LCD_DisplayOn                          0x08004010   Section        0  lcd.o(i.LCD_DisplayOn)
    i.LCD_Display_Dir                        0x08004068   Section        0  lcd.o(i.LCD_Display_Dir)
    i.LCD_Fast_DrawPoint                     0x0800429c   Section        0  lcd.o(i.LCD_Fast_DrawPoint)
    i.LCD_Fill                               0x08004370   Section        0  lcd.o(i.LCD_Fill)
    i.LCD_GPIO_Config                        0x08004438   Section        0  ltdc.o(i.LCD_GPIO_Config)
    LCD_GPIO_Config                          0x08004439   Thumb Code   154  ltdc.o(i.LCD_GPIO_Config)
    i.LCD_Init                               0x080044e0   Section        0  lcd.o(i.LCD_Init)
    i.LCD_RD_DATA                            0x080059c0   Section        0  lcd.o(i.LCD_RD_DATA)
    i.LCD_ReadReg                            0x080059d4   Section        0  lcd.o(i.LCD_ReadReg)
    i.LCD_SetCursor                          0x080059ec   Section        0  lcd.o(i.LCD_SetCursor)
    i.LCD_Set_Window                         0x08005a9c   Section        0  lcd.o(i.LCD_Set_Window)
    i.LCD_ShowChar                           0x08005ce4   Section        0  lcd.o(i.LCD_ShowChar)
    i.LCD_ShowString                         0x08005e20   Section        0  lcd.o(i.LCD_ShowString)
    i.LCD_WR_DATA                            0x08005ea0   Section        0  lcd.o(i.LCD_WR_DATA)
    i.LCD_WR_REG                             0x08005eb8   Section        0  lcd.o(i.LCD_WR_REG)
    i.LCD_WriteByteSPI                       0x08005ed0   Section        0  ltdc.o(i.LCD_WriteByteSPI)
    i.LCD_WriteRAM                           0x08005f1c   Section        0  lcd.o(i.LCD_WriteRAM)
    i.LCD_WriteRAM_Prepare                   0x08005f28   Section        0  lcd.o(i.LCD_WriteRAM_Prepare)
    i.LCD_WriteReg                           0x08005f3c   Section        0  lcd.o(i.LCD_WriteReg)
    i.LED_Init                               0x08005f4c   Section        0  led.o(i.LED_Init)
    i.LTDC_Clear                             0x08005f64   Section        0  ltdc.o(i.LTDC_Clear)
    i.LTDC_Clk_Set                           0x08005f88   Section        0  ltdc.o(i.LTDC_Clk_Set)
    i.LTDC_Display_Dir                       0x08005fb0   Section        0  ltdc.o(i.LTDC_Display_Dir)
    i.LTDC_Draw_Point                        0x0800600c   Section        0  ltdc.o(i.LTDC_Draw_Point)
    i.LTDC_Fill                              0x080061a8   Section        0  ltdc.o(i.LTDC_Fill)
    i.LTDC_Init                              0x08006504   Section        0  ltdc.o(i.LTDC_Init)
    i.LTDC_Layer_Parameter_Config            0x080067cc   Section        0  ltdc.o(i.LTDC_Layer_Parameter_Config)
    i.LTDC_Layer_Window_Config               0x08006848   Section        0  ltdc.o(i.LTDC_Layer_Window_Config)
    i.LTDC_Select_Layer                      0x08006878   Section        0  ltdc.o(i.LTDC_Select_Layer)
    i.LTDC_SetConfig                         0x08006884   Section        0  stm32f4xx_hal_ltdc.o(i.LTDC_SetConfig)
    LTDC_SetConfig                           0x08006885   Thumb Code   530  stm32f4xx_hal_ltdc.o(i.LTDC_SetConfig)
    i.LTDC_Switch                            0x08006a98   Section        0  ltdc.o(i.LTDC_Switch)
    i.Lcd_Initialize                         0x08006ac8   Section        0  ltdc.o(i.Lcd_Initialize)
    i.MX_I2C1_Init                           0x08007f10   Section        0  tmp275.o(i.MX_I2C1_Init)
    i.MemManage_Handler                      0x08007f68   Section        0  stm32f4xx_it.o(i.MemManage_Handler)
    i.NMI_Handler                            0x08007f6c   Section        0  stm32f4xx_it.o(i.NMI_Handler)
    i.NVIC_GetPriorityGrouping               0x08007f70   Section        0  stm32f4xx_hal_cortex.o(i.NVIC_GetPriorityGrouping)
    NVIC_GetPriorityGrouping                 0x08007f71   Thumb Code    10  stm32f4xx_hal_cortex.o(i.NVIC_GetPriorityGrouping)
    i.NVIC_SetPriority                       0x08007f80   Section        0  stm32f4xx_hal_cortex.o(i.NVIC_SetPriority)
    NVIC_SetPriority                         0x08007f81   Thumb Code    32  stm32f4xx_hal_cortex.o(i.NVIC_SetPriority)
    i.PendSV_Handler                         0x08007fa8   Section        0  stm32f4xx_it.o(i.PendSV_Handler)
    i.Read_Temperature                       0x08007fac   Section        0  tmp275.o(i.Read_Temperature)
    i.SDRAM_Init                             0x08008098   Section        0  sdram.o(i.SDRAM_Init)
    i.SDRAM_Initialization_Sequence          0x0800810c   Section        0  sdram.o(i.SDRAM_Initialization_Sequence)
    i.SDRAM_Send_Cmd                         0x08008150   Section        0  sdram.o(i.SDRAM_Send_Cmd)
    i.SPI_WriteComm                          0x08008198   Section        0  ltdc.o(i.SPI_WriteComm)
    i.SPI_WriteData                          0x0800820c   Section        0  ltdc.o(i.SPI_WriteData)
    i.SVC_Handler                            0x0800824c   Section        0  stm32f4xx_it.o(i.SVC_Handler)
    i.Set_Temp_Range                         0x08008250   Section        0  tmp275.o(i.Set_Temp_Range)
    i.SysTick_Handler                        0x080082b8   Section        0  stm32f4xx_it.o(i.SysTick_Handler)
    i.SystemClock_Config                     0x080082c0   Section        0  stm32f429_winner.o(i.SystemClock_Config)
    i.SystemInit                             0x08008378   Section        0  system_stm32f4xx.o(i.SystemInit)
    i.TIM6_DAC_IRQHandler                    0x080083dc   Section        0  stm32f4xx_hal_timebase_tim_template.o(i.TIM6_DAC_IRQHandler)
    i.TIM_Base_SetConfig                     0x080083ec   Section        0  stm32f4xx_hal_tim.o(i.TIM_Base_SetConfig)
    i.TMP275_Init                            0x080084d0   Section        0  tmp275.o(i.TMP275_Init)
    i.UART_EndTransmit_IT                    0x080084f2   Section        0  stm32f4xx_hal_uart.o(i.UART_EndTransmit_IT)
    UART_EndTransmit_IT                      0x080084f3   Thumb Code    32  stm32f4xx_hal_uart.o(i.UART_EndTransmit_IT)
    i.UART_Receive_IT                        0x08008512   Section        0  stm32f4xx_hal_uart.o(i.UART_Receive_IT)
    UART_Receive_IT                          0x08008513   Thumb Code   166  stm32f4xx_hal_uart.o(i.UART_Receive_IT)
    i.UART_SetConfig                         0x080085b8   Section        0  stm32f4xx_hal_uart.o(i.UART_SetConfig)
    UART_SetConfig                           0x080085b9   Thumb Code   864  stm32f4xx_hal_uart.o(i.UART_SetConfig)
    i.UART_Transmit_IT                       0x08008920   Section        0  stm32f4xx_hal_uart.o(i.UART_Transmit_IT)
    UART_Transmit_IT                         0x08008921   Thumb Code   104  stm32f4xx_hal_uart.o(i.UART_Transmit_IT)
    i.USART1_IRQHandler                      0x08008988   Section        0  usart.o(i.USART1_IRQHandler)
    i.UsageFault_Handler                     0x080089d8   Section        0  stm32f4xx_it.o(i.UsageFault_Handler)
    i.__ARM_fpclassify                       0x080089dc   Section        0  fpclassify.o(i.__ARM_fpclassify)
    i._is_digit                              0x08008a0c   Section        0  __printf_wp.o(i._is_digit)
    i._sys_exit                              0x08008a1a   Section        0  usart.o(i._sys_exit)
    i.delay_ms                               0x08008a1e   Section        0  delay.o(i.delay_ms)
    i.delay_us                               0x08008a36   Section        0  delay.o(i.delay_us)
    i.fputc                                  0x08008a50   Section        0  usart.o(i.fputc)
    i.main                                   0x08008a6c   Section        0  main.o(i.main)
    i.uart_init                              0x08008c24   Section        0  usart.o(i.uart_init)
    locale$$code                             0x08008c5c   Section       44  lc_numeric_c.o(locale$$code)
    x$fpl$d2f                                0x08008c88   Section       98  d2f.o(x$fpl$d2f)
    $v0                                      0x08008c88   Number         0  d2f.o(x$fpl$d2f)
    x$fpl$dfltu                              0x08008cea   Section       38  dflt_clz.o(x$fpl$dfltu)
    $v0                                      0x08008cea   Number         0  dflt_clz.o(x$fpl$dfltu)
    x$fpl$dmul                               0x08008d10   Section      340  dmul.o(x$fpl$dmul)
    $v0                                      0x08008d10   Number         0  dmul.o(x$fpl$dmul)
    x$fpl$dnaninf                            0x08008e64   Section      156  dnaninf.o(x$fpl$dnaninf)
    $v0                                      0x08008e64   Number         0  dnaninf.o(x$fpl$dnaninf)
    x$fpl$dretinf                            0x08008f00   Section       12  dretinf.o(x$fpl$dretinf)
    $v0                                      0x08008f00   Number         0  dretinf.o(x$fpl$dretinf)
    x$fpl$f2d                                0x08008f0c   Section       86  f2d.o(x$fpl$f2d)
    $v0                                      0x08008f0c   Number         0  f2d.o(x$fpl$f2d)
    x$fpl$fnaninf                            0x08008f62   Section      140  fnaninf.o(x$fpl$fnaninf)
    $v0                                      0x08008f62   Number         0  fnaninf.o(x$fpl$fnaninf)
    x$fpl$fpinit                             0x08008fee   Section       10  fpinit.o(x$fpl$fpinit)
    $v0                                      0x08008fee   Number         0  fpinit.o(x$fpl$fpinit)
    x$fpl$fretinf                            0x08008ff8   Section       10  fretinf.o(x$fpl$fretinf)
    $v0                                      0x08008ff8   Number         0  fretinf.o(x$fpl$fretinf)
    x$fpl$printf1                            0x08009002   Section        4  printf1.o(x$fpl$printf1)
    $v0                                      0x08009002   Number         0  printf1.o(x$fpl$printf1)
    .constdata                               0x08009006   Section        6  led.o(.constdata)
    x$fpl$usenofp                            0x08009006   Section        0  usenofp.o(x$fpl$usenofp)
    .constdata                               0x0800900c   Section    18240  lcd.o(.constdata)
    .constdata                               0x0800d74c   Section       16  stm32f4xx_hal_rcc.o(.constdata)
    .constdata                               0x0800d75c   Section       40  _printf_hex_int.o(.constdata)
    uc_hextab                                0x0800d75c   Data          20  _printf_hex_int.o(.constdata)
    lc_hextab                                0x0800d770   Data          20  _printf_hex_int.o(.constdata)
    .constdata                               0x0800d784   Section      148  bigflt0.o(.constdata)
    tenpwrs_x                                0x0800d784   Data          60  bigflt0.o(.constdata)
    tenpwrs_i                                0x0800d7c0   Data          64  bigflt0.o(.constdata)
    locale$$data                             0x0800d838   Section       28  lc_numeric_c.o(locale$$data)
    __lcnum_c_name                           0x0800d83c   Data           2  lc_numeric_c.o(locale$$data)
    __lcnum_c_start                          0x0800d844   Data           0  lc_numeric_c.o(locale$$data)
    __lcnum_c_point                          0x0800d850   Data           0  lc_numeric_c.o(locale$$data)
    __lcnum_c_thousands                      0x0800d852   Data           0  lc_numeric_c.o(locale$$data)
    __lcnum_c_grouping                       0x0800d853   Data           0  lc_numeric_c.o(locale$$data)
    __lcnum_c_end                            0x0800d854   Data           0  lc_numeric_c.o(locale$$data)
    .data                                    0x20000000   Section       20  system_stm32f4xx.o(.data)
    .data                                    0x20000014   Section       12  led.o(.data)
    .data                                    0x20000020   Section        8  lcd.o(.data)
    .data                                    0x20000028   Section        8  ltdc.o(.data)
    .data                                    0x20000030   Section        8  usart.o(.data)
    .data                                    0x20000038   Section        4  stm32f4xx_hal.o(.data)
    .bss                                     0x2000003c   Section       96  lcd.o(.bss)
    .bss                                     0x2000009c   Section      264  ltdc.o(.bss)
    .bss                                     0x200001a4   Section       52  sdram.o(.bss)
    .bss                                     0x200001d8   Section      264  usart.o(.bss)
    .bss                                     0x200002e0   Section       68  tmp275.o(.bss)
    .bss                                     0x20000324   Section       60  stm32f4xx_hal_timebase_tim_template.o(.bss)
    .bss                                     0x20000360   Section       96  libspace.o(.bss)
    HEAP                                     0x200003c0   Section      512  startup_stm32f429xx.o(HEAP)
    Heap_Mem                                 0x200003c0   Data         512  startup_stm32f429xx.o(HEAP)
    STACK                                    0x200005c0   Section     1024  startup_stm32f429xx.o(STACK)
    Stack_Mem                                0x200005c0   Data        1024  startup_stm32f429xx.o(STACK)
    __initial_sp                             0x200009c0   Data           0  startup_stm32f429xx.o(STACK)
    .ARM.__AT_0xC0000000                     0xc0000000   Section    1228800  ltdc.o(.ARM.__AT_0xC0000000)

    Global Symbols

    Symbol Name                              Value     Ov Type        Size  Object(Section)

    BuildAttributes$$THM_ISAv4$E$P$D$K$B$S$7EM$VFPi3$EXTD16$VFPS$VFMA$PE$A:L22UL41UL21$X:L11$S22US41US21$IEEE1$IW$USESV6$~STKCKD$USESV7$~SHL$OTIME$ROPI$IEEEJ$EBA8$UX$STANDARDLIB$REQ8$PRES8$EABIv2 0x00000000   Number         0  anon$$obj.o ABSOLUTE
    __ARM_use_no_argv                        0x00000000   Number         0  main.o ABSOLUTE
    _printf_flags                            0x00000000   Number         0  printf_stubs.o ABSOLUTE
    _printf_return_value                     0x00000000   Number         0  printf_stubs.o ABSOLUTE
    _printf_sizespec                         0x00000000   Number         0  printf_stubs.o ABSOLUTE
    _printf_widthprec                        0x00000000   Number         0  printf_stubs.o ABSOLUTE
    __ARM_exceptions_init                     - Undefined Weak Reference
    __alloca_initialize                       - Undefined Weak Reference
    __arm_preinit_                            - Undefined Weak Reference
    __cpp_initialize__aeabi_                  - Undefined Weak Reference
    __cxa_finalize                            - Undefined Weak Reference
    __sigvec_lookup                           - Undefined Weak Reference
    _atexit_init                              - Undefined Weak Reference
    _call_atexit_fns                          - Undefined Weak Reference
    _clock_init                               - Undefined Weak Reference
    _fp_trap_init                             - Undefined Weak Reference
    _fp_trap_shutdown                         - Undefined Weak Reference
    _get_lc_collate                           - Undefined Weak Reference
    _get_lc_ctype                             - Undefined Weak Reference
    _get_lc_monetary                          - Undefined Weak Reference
    _get_lc_time                              - Undefined Weak Reference
    _getenv_init                              - Undefined Weak Reference
    _handle_redirection                       - Undefined Weak Reference
    _init_alloc                               - Undefined Weak Reference
    _init_user_alloc                          - Undefined Weak Reference
    _initio                                   - Undefined Weak Reference
    _mutex_acquire                            - Undefined Weak Reference
    _mutex_release                            - Undefined Weak Reference
    _printf_truncate_unsigned                 - Undefined Weak Reference
    _rand_init                                - Undefined Weak Reference
    _signal_finish                            - Undefined Weak Reference
    _signal_init                              - Undefined Weak Reference
    _terminate_alloc                          - Undefined Weak Reference
    _terminate_user_alloc                     - Undefined Weak Reference
    _terminateio                              - Undefined Weak Reference
    __Vectors_Size                           0x000001ac   Number         0  startup_stm32f429xx.o ABSOLUTE
    __Vectors                                0x08000000   Data           4  startup_stm32f429xx.o(RESET)
    __Vectors_End                            0x080001ac   Data           0  startup_stm32f429xx.o(RESET)
    __main                                   0x080001ad   Thumb Code     8  __main.o(!!!main)
    __scatterload                            0x080001b5   Thumb Code     0  __scatter.o(!!!scatter)
    __scatterload_rt2                        0x080001b5   Thumb Code    44  __scatter.o(!!!scatter)
    __scatterload_rt2_thumb_only             0x080001b5   Thumb Code     0  __scatter.o(!!!scatter)
    __scatterload_null                       0x080001c3   Thumb Code     0  __scatter.o(!!!scatter)
    __scatterload_copy                       0x080001e9   Thumb Code    26  __scatter_copy.o(!!handler_copy)
    __scatterload_zeroinit                   0x08000205   Thumb Code    28  __scatter_zi.o(!!handler_zi)
    _printf_f                                0x08000221   Thumb Code     0  _printf_f.o(.ARM.Collect$$_printf_percent$$00000003)
    _printf_percent                          0x08000221   Thumb Code     0  _printf_percent.o(.ARM.Collect$$_printf_percent$$00000000)
    _printf_x                                0x08000227   Thumb Code     0  _printf_x.o(.ARM.Collect$$_printf_percent$$0000000C)
    _printf_percent_end                      0x0800022d   Thumb Code     0  _printf_percent_end.o(.ARM.Collect$$_printf_percent$$00000017)
    __rt_lib_init                            0x08000231   Thumb Code     0  libinit.o(.ARM.Collect$$libinit$$00000000)
    __rt_lib_init_fp_1                       0x08000233   Thumb Code     0  libinit2.o(.ARM.Collect$$libinit$$00000001)
    __rt_lib_init_heap_1                     0x08000237   Thumb Code     0  libinit2.o(.ARM.Collect$$libinit$$0000000A)
    __rt_lib_init_lc_common                  0x08000237   Thumb Code     0  libinit2.o(.ARM.Collect$$libinit$$0000000F)
    __rt_lib_init_preinit_1                  0x08000237   Thumb Code     0  libinit2.o(.ARM.Collect$$libinit$$00000004)
    __rt_lib_init_rand_1                     0x08000237   Thumb Code     0  libinit2.o(.ARM.Collect$$libinit$$0000000E)
    __rt_lib_init_user_alloc_1               0x08000237   Thumb Code     0  libinit2.o(.ARM.Collect$$libinit$$0000000C)
    __rt_lib_init_lc_collate_1               0x0800023d   Thumb Code     0  libinit2.o(.ARM.Collect$$libinit$$00000011)
    __rt_lib_init_lc_ctype_1                 0x0800023d   Thumb Code     0  libinit2.o(.ARM.Collect$$libinit$$00000013)
    __rt_lib_init_lc_monetary_1              0x0800023d   Thumb Code     0  libinit2.o(.ARM.Collect$$libinit$$00000015)
    __rt_lib_init_lc_numeric_2               0x0800023d   Thumb Code     0  libinit2.o(.ARM.Collect$$libinit$$00000016)
    __rt_lib_init_alloca_1                   0x08000247   Thumb Code     0  libinit2.o(.ARM.Collect$$libinit$$0000002E)
    __rt_lib_init_argv_1                     0x08000247   Thumb Code     0  libinit2.o(.ARM.Collect$$libinit$$0000002C)
    __rt_lib_init_atexit_1                   0x08000247   Thumb Code     0  libinit2.o(.ARM.Collect$$libinit$$0000001B)
    __rt_lib_init_clock_1                    0x08000247   Thumb Code     0  libinit2.o(.ARM.Collect$$libinit$$00000021)
    __rt_lib_init_cpp_1                      0x08000247   Thumb Code     0  libinit2.o(.ARM.Collect$$libinit$$00000032)
    __rt_lib_init_exceptions_1               0x08000247   Thumb Code     0  libinit2.o(.ARM.Collect$$libinit$$00000030)
    __rt_lib_init_fp_trap_1                  0x08000247   Thumb Code     0  libinit2.o(.ARM.Collect$$libinit$$0000001F)
    __rt_lib_init_getenv_1                   0x08000247   Thumb Code     0  libinit2.o(.ARM.Collect$$libinit$$00000023)
    __rt_lib_init_lc_numeric_1               0x08000247   Thumb Code     0  libinit2.o(.ARM.Collect$$libinit$$00000017)
    __rt_lib_init_lc_time_1                  0x08000247   Thumb Code     0  libinit2.o(.ARM.Collect$$libinit$$00000019)
    __rt_lib_init_return                     0x08000247   Thumb Code     0  libinit2.o(.ARM.Collect$$libinit$$00000033)
    __rt_lib_init_signal_1                   0x08000247   Thumb Code     0  libinit2.o(.ARM.Collect$$libinit$$0000001D)
    __rt_lib_init_stdio_1                    0x08000247   Thumb Code     0  libinit2.o(.ARM.Collect$$libinit$$00000025)
    __rt_lib_shutdown                        0x08000249   Thumb Code     0  libshutdown.o(.ARM.Collect$$libshutdown$$00000000)
    __rt_lib_shutdown_cpp_1                  0x0800024b   Thumb Code     0  libshutdown2.o(.ARM.Collect$$libshutdown$$00000002)
    __rt_lib_shutdown_fp_trap_1              0x0800024b   Thumb Code     0  libshutdown2.o(.ARM.Collect$$libshutdown$$00000007)
    __rt_lib_shutdown_heap_1                 0x0800024b   Thumb Code     0  libshutdown2.o(.ARM.Collect$$libshutdown$$0000000F)
    __rt_lib_shutdown_return                 0x0800024b   Thumb Code     0  libshutdown2.o(.ARM.Collect$$libshutdown$$00000010)
    __rt_lib_shutdown_signal_1               0x0800024b   Thumb Code     0  libshutdown2.o(.ARM.Collect$$libshutdown$$0000000A)
    __rt_lib_shutdown_stdio_1                0x0800024b   Thumb Code     0  libshutdown2.o(.ARM.Collect$$libshutdown$$00000004)
    __rt_lib_shutdown_user_alloc_1           0x0800024b   Thumb Code     0  libshutdown2.o(.ARM.Collect$$libshutdown$$0000000C)
    __rt_entry                               0x0800024d   Thumb Code     0  __rtentry.o(.ARM.Collect$$rtentry$$00000000)
    __rt_entry_presh_1                       0x0800024d   Thumb Code     0  __rtentry2.o(.ARM.Collect$$rtentry$$00000002)
    __rt_entry_sh                            0x0800024d   Thumb Code     0  __rtentry4.o(.ARM.Collect$$rtentry$$00000004)
    __rt_entry_li                            0x08000253   Thumb Code     0  __rtentry2.o(.ARM.Collect$$rtentry$$0000000A)
    __rt_entry_postsh_1                      0x08000253   Thumb Code     0  __rtentry2.o(.ARM.Collect$$rtentry$$00000009)
    __rt_entry_main                          0x08000257   Thumb Code     0  __rtentry2.o(.ARM.Collect$$rtentry$$0000000D)
    __rt_entry_postli_1                      0x08000257   Thumb Code     0  __rtentry2.o(.ARM.Collect$$rtentry$$0000000C)
    __rt_exit                                0x0800025f   Thumb Code     0  rtexit.o(.ARM.Collect$$rtexit$$00000000)
    __rt_exit_ls                             0x08000261   Thumb Code     0  rtexit2.o(.ARM.Collect$$rtexit$$00000003)
    __rt_exit_prels_1                        0x08000261   Thumb Code     0  rtexit2.o(.ARM.Collect$$rtexit$$00000002)
    __rt_exit_exit                           0x08000265   Thumb Code     0  rtexit2.o(.ARM.Collect$$rtexit$$00000004)
    Reset_Handler                            0x0800026d   Thumb Code     8  startup_stm32f429xx.o(.text)
    ADC_IRQHandler                           0x08000287   Thumb Code     0  startup_stm32f429xx.o(.text)
    CAN1_RX0_IRQHandler                      0x08000287   Thumb Code     0  startup_stm32f429xx.o(.text)
    CAN1_RX1_IRQHandler                      0x08000287   Thumb Code     0  startup_stm32f429xx.o(.text)
    CAN1_SCE_IRQHandler                      0x08000287   Thumb Code     0  startup_stm32f429xx.o(.text)
    CAN1_TX_IRQHandler                       0x08000287   Thumb Code     0  startup_stm32f429xx.o(.text)
    CAN2_RX0_IRQHandler                      0x08000287   Thumb Code     0  startup_stm32f429xx.o(.text)
    CAN2_RX1_IRQHandler                      0x08000287   Thumb Code     0  startup_stm32f429xx.o(.text)
    CAN2_SCE_IRQHandler                      0x08000287   Thumb Code     0  startup_stm32f429xx.o(.text)
    CAN2_TX_IRQHandler                       0x08000287   Thumb Code     0  startup_stm32f429xx.o(.text)
    DCMI_IRQHandler                          0x08000287   Thumb Code     0  startup_stm32f429xx.o(.text)
    DMA1_Stream0_IRQHandler                  0x08000287   Thumb Code     0  startup_stm32f429xx.o(.text)
    DMA1_Stream1_IRQHandler                  0x08000287   Thumb Code     0  startup_stm32f429xx.o(.text)
    DMA1_Stream2_IRQHandler                  0x08000287   Thumb Code     0  startup_stm32f429xx.o(.text)
    DMA1_Stream3_IRQHandler                  0x08000287   Thumb Code     0  startup_stm32f429xx.o(.text)
    DMA1_Stream4_IRQHandler                  0x08000287   Thumb Code     0  startup_stm32f429xx.o(.text)
    DMA1_Stream5_IRQHandler                  0x08000287   Thumb Code     0  startup_stm32f429xx.o(.text)
    DMA1_Stream6_IRQHandler                  0x08000287   Thumb Code     0  startup_stm32f429xx.o(.text)
    DMA1_Stream7_IRQHandler                  0x08000287   Thumb Code     0  startup_stm32f429xx.o(.text)
    DMA2D_IRQHandler                         0x08000287   Thumb Code     0  startup_stm32f429xx.o(.text)
    DMA2_Stream0_IRQHandler                  0x08000287   Thumb Code     0  startup_stm32f429xx.o(.text)
    DMA2_Stream1_IRQHandler                  0x08000287   Thumb Code     0  startup_stm32f429xx.o(.text)
    DMA2_Stream2_IRQHandler                  0x08000287   Thumb Code     0  startup_stm32f429xx.o(.text)
    DMA2_Stream3_IRQHandler                  0x08000287   Thumb Code     0  startup_stm32f429xx.o(.text)
    DMA2_Stream4_IRQHandler                  0x08000287   Thumb Code     0  startup_stm32f429xx.o(.text)
    DMA2_Stream5_IRQHandler                  0x08000287   Thumb Code     0  startup_stm32f429xx.o(.text)
    DMA2_Stream6_IRQHandler                  0x08000287   Thumb Code     0  startup_stm32f429xx.o(.text)
    DMA2_Stream7_IRQHandler                  0x08000287   Thumb Code     0  startup_stm32f429xx.o(.text)
    ETH_IRQHandler                           0x08000287   Thumb Code     0  startup_stm32f429xx.o(.text)
    ETH_WKUP_IRQHandler                      0x08000287   Thumb Code     0  startup_stm32f429xx.o(.text)
    EXTI0_IRQHandler                         0x08000287   Thumb Code     0  startup_stm32f429xx.o(.text)
    EXTI15_10_IRQHandler                     0x08000287   Thumb Code     0  startup_stm32f429xx.o(.text)
    EXTI2_IRQHandler                         0x08000287   Thumb Code     0  startup_stm32f429xx.o(.text)
    EXTI3_IRQHandler                         0x08000287   Thumb Code     0  startup_stm32f429xx.o(.text)
    EXTI4_IRQHandler                         0x08000287   Thumb Code     0  startup_stm32f429xx.o(.text)
    EXTI9_5_IRQHandler                       0x08000287   Thumb Code     0  startup_stm32f429xx.o(.text)
    FLASH_IRQHandler                         0x08000287   Thumb Code     0  startup_stm32f429xx.o(.text)
    FMC_IRQHandler                           0x08000287   Thumb Code     0  startup_stm32f429xx.o(.text)
    FPU_IRQHandler                           0x08000287   Thumb Code     0  startup_stm32f429xx.o(.text)
    HASH_RNG_IRQHandler                      0x08000287   Thumb Code     0  startup_stm32f429xx.o(.text)
    I2C1_ER_IRQHandler                       0x08000287   Thumb Code     0  startup_stm32f429xx.o(.text)
    I2C1_EV_IRQHandler                       0x08000287   Thumb Code     0  startup_stm32f429xx.o(.text)
    I2C2_ER_IRQHandler                       0x08000287   Thumb Code     0  startup_stm32f429xx.o(.text)
    I2C2_EV_IRQHandler                       0x08000287   Thumb Code     0  startup_stm32f429xx.o(.text)
    I2C3_ER_IRQHandler                       0x08000287   Thumb Code     0  startup_stm32f429xx.o(.text)
    I2C3_EV_IRQHandler                       0x08000287   Thumb Code     0  startup_stm32f429xx.o(.text)
    LTDC_ER_IRQHandler                       0x08000287   Thumb Code     0  startup_stm32f429xx.o(.text)
    LTDC_IRQHandler                          0x08000287   Thumb Code     0  startup_stm32f429xx.o(.text)
    OTG_FS_IRQHandler                        0x08000287   Thumb Code     0  startup_stm32f429xx.o(.text)
    OTG_FS_WKUP_IRQHandler                   0x08000287   Thumb Code     0  startup_stm32f429xx.o(.text)
    OTG_HS_EP1_IN_IRQHandler                 0x08000287   Thumb Code     0  startup_stm32f429xx.o(.text)
    OTG_HS_EP1_OUT_IRQHandler                0x08000287   Thumb Code     0  startup_stm32f429xx.o(.text)
    OTG_HS_IRQHandler                        0x08000287   Thumb Code     0  startup_stm32f429xx.o(.text)
    OTG_HS_WKUP_IRQHandler                   0x08000287   Thumb Code     0  startup_stm32f429xx.o(.text)
    PVD_IRQHandler                           0x08000287   Thumb Code     0  startup_stm32f429xx.o(.text)
    RCC_IRQHandler                           0x08000287   Thumb Code     0  startup_stm32f429xx.o(.text)
    RTC_Alarm_IRQHandler                     0x08000287   Thumb Code     0  startup_stm32f429xx.o(.text)
    RTC_WKUP_IRQHandler                      0x08000287   Thumb Code     0  startup_stm32f429xx.o(.text)
    SAI1_IRQHandler                          0x08000287   Thumb Code     0  startup_stm32f429xx.o(.text)
    SDIO_IRQHandler                          0x08000287   Thumb Code     0  startup_stm32f429xx.o(.text)
    SPI1_IRQHandler                          0x08000287   Thumb Code     0  startup_stm32f429xx.o(.text)
    SPI2_IRQHandler                          0x08000287   Thumb Code     0  startup_stm32f429xx.o(.text)
    SPI3_IRQHandler                          0x08000287   Thumb Code     0  startup_stm32f429xx.o(.text)
    SPI4_IRQHandler                          0x08000287   Thumb Code     0  startup_stm32f429xx.o(.text)
    SPI5_IRQHandler                          0x08000287   Thumb Code     0  startup_stm32f429xx.o(.text)
    SPI6_IRQHandler                          0x08000287   Thumb Code     0  startup_stm32f429xx.o(.text)
    TAMP_STAMP_IRQHandler                    0x08000287   Thumb Code     0  startup_stm32f429xx.o(.text)
    TIM1_BRK_TIM9_IRQHandler                 0x08000287   Thumb Code     0  startup_stm32f429xx.o(.text)
    TIM1_CC_IRQHandler                       0x08000287   Thumb Code     0  startup_stm32f429xx.o(.text)
    TIM1_TRG_COM_TIM11_IRQHandler            0x08000287   Thumb Code     0  startup_stm32f429xx.o(.text)
    TIM1_UP_TIM10_IRQHandler                 0x08000287   Thumb Code     0  startup_stm32f429xx.o(.text)
    TIM2_IRQHandler                          0x08000287   Thumb Code     0  startup_stm32f429xx.o(.text)
    TIM3_IRQHandler                          0x08000287   Thumb Code     0  startup_stm32f429xx.o(.text)
    TIM4_IRQHandler                          0x08000287   Thumb Code     0  startup_stm32f429xx.o(.text)
    TIM5_IRQHandler                          0x08000287   Thumb Code     0  startup_stm32f429xx.o(.text)
    TIM7_IRQHandler                          0x08000287   Thumb Code     0  startup_stm32f429xx.o(.text)
    TIM8_BRK_TIM12_IRQHandler                0x08000287   Thumb Code     0  startup_stm32f429xx.o(.text)
    TIM8_CC_IRQHandler                       0x08000287   Thumb Code     0  startup_stm32f429xx.o(.text)
    TIM8_TRG_COM_TIM14_IRQHandler            0x08000287   Thumb Code     0  startup_stm32f429xx.o(.text)
    TIM8_UP_TIM13_IRQHandler                 0x08000287   Thumb Code     0  startup_stm32f429xx.o(.text)
    UART4_IRQHandler                         0x08000287   Thumb Code     0  startup_stm32f429xx.o(.text)
    UART5_IRQHandler                         0x08000287   Thumb Code     0  startup_stm32f429xx.o(.text)
    UART7_IRQHandler                         0x08000287   Thumb Code     0  startup_stm32f429xx.o(.text)
    UART8_IRQHandler                         0x08000287   Thumb Code     0  startup_stm32f429xx.o(.text)
    USART2_IRQHandler                        0x08000287   Thumb Code     0  startup_stm32f429xx.o(.text)
    USART3_IRQHandler                        0x08000287   Thumb Code     0  startup_stm32f429xx.o(.text)
    USART6_IRQHandler                        0x08000287   Thumb Code     0  startup_stm32f429xx.o(.text)
    WWDG_IRQHandler                          0x08000287   Thumb Code     0  startup_stm32f429xx.o(.text)
    __user_initial_stackheap                 0x08000289   Thumb Code     0  startup_stm32f429xx.o(.text)
    __use_no_semihosting                     0x080002ad   Thumb Code     2  use_no_semi_2.o(.text)
    __2printf                                0x080002b1   Thumb Code    20  noretval__2printf.o(.text)
    __2sprintf                               0x080002c9   Thumb Code    34  noretval__2sprintf.o(.text)
    _printf_pre_padding                      0x080002f1   Thumb Code    44  _printf_pad.o(.text)
    _printf_post_padding                     0x0800031d   Thumb Code    34  _printf_pad.o(.text)
    _printf_int_hex                          0x08000341   Thumb Code    84  _printf_hex_int.o(.text)
    _printf_longlong_hex                     0x08000341   Thumb Code     0  _printf_hex_int.o(.text)
    __printf                                 0x08000399   Thumb Code   270  __printf_wp.o(.text)
    __aeabi_memcpy4                          0x080004a7   Thumb Code     0  rt_memcpy_w.o(.text)
    __aeabi_memcpy8                          0x080004a7   Thumb Code     0  rt_memcpy_w.o(.text)
    __rt_memcpy_w                            0x080004a7   Thumb Code   100  rt_memcpy_w.o(.text)
    _memcpy_lastbytes_aligned                0x080004ef   Thumb Code     0  rt_memcpy_w.o(.text)
    __aeabi_memclr4                          0x0800050b   Thumb Code     0  rt_memclr_w.o(.text)
    __aeabi_memclr8                          0x0800050b   Thumb Code     0  rt_memclr_w.o(.text)
    __rt_memclr_w                            0x0800050b   Thumb Code    78  rt_memclr_w.o(.text)
    _memset_w                                0x0800050f   Thumb Code     0  rt_memclr_w.o(.text)
    __use_two_region_memory                  0x08000559   Thumb Code     2  heapauxi.o(.text)
    __rt_heap_escrow$2region                 0x0800055b   Thumb Code     2  heapauxi.o(.text)
    __rt_heap_expand$2region                 0x0800055d   Thumb Code     2  heapauxi.o(.text)
    __I$use$semihosting                      0x0800055f   Thumb Code     0  use_no_semi.o(.text)
    __use_no_semihosting_swi                 0x0800055f   Thumb Code     2  use_no_semi.o(.text)
    _printf_int_common                       0x08000561   Thumb Code   178  _printf_intcommon.o(.text)
    __lib_sel_fp_printf                      0x08000613   Thumb Code     2  _printf_fp_dec.o(.text)
    _printf_fp_dec_real                      0x080007c1   Thumb Code   620  _printf_fp_dec.o(.text)
    _printf_char_common                      0x08000a37   Thumb Code    32  _printf_char_common.o(.text)
    _sputc                                   0x08000a5d   Thumb Code    10  _sputc.o(.text)
    _printf_char_file                        0x08000a69   Thumb Code    32  _printf_char_file.o(.text)
    __rt_locale                              0x08000a8d   Thumb Code     8  rt_locale_intlibspace.o(.text)
    _ll_udiv10                               0x08000a95   Thumb Code   138  lludiv10.o(.text)
    _printf_fp_infnan                        0x08000b21   Thumb Code   112  _printf_fp_infnan.o(.text)
    _btod_etento                             0x08000ba1   Thumb Code   216  bigflt0.o(.text)
    ferror                                   0x08000c7d   Thumb Code     8  ferror.o(.text)
    __user_libspace                          0x08000c85   Thumb Code     8  libspace.o(.text)
    __user_perproc_libspace                  0x08000c85   Thumb Code     0  libspace.o(.text)
    __user_perthread_libspace                0x08000c85   Thumb Code     0  libspace.o(.text)
    __user_setup_stackheap                   0x08000c8d   Thumb Code    74  sys_stackheap_outer.o(.text)
    exit                                     0x08000cd7   Thumb Code    18  exit.o(.text)
    strcmp                                   0x08000ce9   Thumb Code   128  strcmpv7m.o(.text)
    _btod_d2e                                0x08000d69   Thumb Code    62  btod.o(CL$$btod_d2e)
    _d2e_denorm_low                          0x08000da7   Thumb Code    70  btod.o(CL$$btod_d2e_denorm_low)
    _d2e_norm_op1                            0x08000ded   Thumb Code    96  btod.o(CL$$btod_d2e_norm_op1)
    __btod_div_common                        0x08000e4d   Thumb Code   696  btod.o(CL$$btod_div_common)
    _e2e                                     0x08001185   Thumb Code   198  btod.o(CL$$btod_e2e)
    _btod_ediv                               0x0800124b   Thumb Code    40  btod.o(CL$$btod_ediv)
    _btod_emul                               0x08001273   Thumb Code    40  btod.o(CL$$btod_emul)
    __btod_mult_common                       0x0800129b   Thumb Code   580  btod.o(CL$$btod_mult_common)
    BSP_LED_Init                             0x080014e1   Thumb Code   168  led.o(i.BSP_LED_Init)
    BusFault_Handler                         0x08001595   Thumb Code     4  stm32f4xx_it.o(i.BusFault_Handler)
    Configuration_TMP275                     0x08001599   Thumb Code    42  tmp275.o(i.Configuration_TMP275)
    DebugMon_Handler                         0x080015c9   Thumb Code     2  stm32f4xx_it.o(i.DebugMon_Handler)
    EXTI1_IRQHandler                         0x080015cb   Thumb Code    10  exti.o(i.EXTI1_IRQHandler)
    EXTI_Init                                0x080015d5   Thumb Code    76  exti.o(i.EXTI_Init)
    FMC_NORSRAM_Extended_Timing_Init         0x0800162d   Thumb Code    66  stm32f4xx_ll_fmc.o(i.FMC_NORSRAM_Extended_Timing_Init)
    FMC_NORSRAM_Init                         0x08001675   Thumb Code   112  stm32f4xx_ll_fmc.o(i.FMC_NORSRAM_Init)
    FMC_NORSRAM_Timing_Init                  0x080016e9   Thumb Code    94  stm32f4xx_ll_fmc.o(i.FMC_NORSRAM_Timing_Init)
    FMC_SDRAM_Init                           0x08001747   Thumb Code   116  stm32f4xx_ll_fmc.o(i.FMC_SDRAM_Init)
    FMC_SDRAM_ProgramRefreshRate             0x080017bb   Thumb Code    14  stm32f4xx_ll_fmc.o(i.FMC_SDRAM_ProgramRefreshRate)
    FMC_SDRAM_SendCommand                    0x080017c9   Thumb Code    82  stm32f4xx_ll_fmc.o(i.FMC_SDRAM_SendCommand)
    FMC_SDRAM_Timing_Init                    0x0800181b   Thumb Code   152  stm32f4xx_ll_fmc.o(i.FMC_SDRAM_Timing_Init)
    HAL_GPIO_EXTI_Callback                   0x080018b5   Thumb Code   120  exti.o(i.HAL_GPIO_EXTI_Callback)
    HAL_GPIO_EXTI_IRQHandler                 0x0800195d   Thumb Code    24  stm32f4xx_hal_gpio.o(i.HAL_GPIO_EXTI_IRQHandler)
    HAL_GPIO_Init                            0x08001979   Thumb Code   486  stm32f4xx_hal_gpio.o(i.HAL_GPIO_Init)
    HAL_GPIO_ReadPin                         0x08001b95   Thumb Code    16  stm32f4xx_hal_gpio.o(i.HAL_GPIO_ReadPin)
    HAL_GPIO_WritePin                        0x08001ba5   Thumb Code    12  stm32f4xx_hal_gpio.o(i.HAL_GPIO_WritePin)
    HAL_GetTick                              0x08001bb1   Thumb Code     6  stm32f4xx_hal.o(i.HAL_GetTick)
    HAL_I2CEx_ConfigAnalogFilter             0x08001bbd   Thumb Code    76  stm32f4xx_hal_i2c_ex.o(i.HAL_I2CEx_ConfigAnalogFilter)
    HAL_I2CEx_ConfigDigitalFilter            0x08001c09   Thumb Code    80  stm32f4xx_hal_i2c_ex.o(i.HAL_I2CEx_ConfigDigitalFilter)
    HAL_I2C_Init                             0x08001c59   Thumb Code   286  stm32f4xx_hal_i2c.o(i.HAL_I2C_Init)
    HAL_I2C_Master_Receive                   0x08001d81   Thumb Code   618  stm32f4xx_hal_i2c.o(i.HAL_I2C_Master_Receive)
    HAL_I2C_Master_Transmit                  0x08001ff9   Thumb Code   320  stm32f4xx_hal_i2c.o(i.HAL_I2C_Master_Transmit)
    HAL_I2C_MspInit                          0x08002141   Thumb Code   124  tmp275.o(i.HAL_I2C_MspInit)
    HAL_IncTick                              0x080021c9   Thumb Code    12  stm32f4xx_hal.o(i.HAL_IncTick)
    HAL_Init                                 0x080021d9   Thumb Code    54  stm32f4xx_hal.o(i.HAL_Init)
    HAL_InitTick                             0x08002215   Thumb Code   134  stm32f4xx_hal_timebase_tim_template.o(i.HAL_InitTick)
    HAL_LTDC_ConfigLayer                     0x080022ad   Thumb Code    94  stm32f4xx_hal_ltdc.o(i.HAL_LTDC_ConfigLayer)
    HAL_LTDC_Init                            0x0800230d   Thumb Code   290  stm32f4xx_hal_ltdc.o(i.HAL_LTDC_Init)
    HAL_LTDC_MspInit                         0x08002435   Thumb Code   364  ltdc.o(i.HAL_LTDC_MspInit)
    HAL_LTDC_SetWindowPosition               0x080025b9   Thumb Code   108  stm32f4xx_hal_ltdc.o(i.HAL_LTDC_SetWindowPosition)
    HAL_LTDC_SetWindowSize                   0x08002625   Thumb Code   116  stm32f4xx_hal_ltdc.o(i.HAL_LTDC_SetWindowSize)
    HAL_MspInit                              0x08002699   Thumb Code     2  stm32f4xx_hal.o(i.HAL_MspInit)
    HAL_NVIC_EnableIRQ                       0x0800269b   Thumb Code    26  stm32f4xx_hal_cortex.o(i.HAL_NVIC_EnableIRQ)
    HAL_NVIC_SetPriority                     0x080026b5   Thumb Code   124  stm32f4xx_hal_cortex.o(i.HAL_NVIC_SetPriority)
    HAL_NVIC_SetPriorityGrouping             0x08002731   Thumb Code    32  stm32f4xx_hal_cortex.o(i.HAL_NVIC_SetPriorityGrouping)
    HAL_PWREx_EnableOverDrive                0x08002759   Thumb Code   152  stm32f4xx_hal_pwr_ex.o(i.HAL_PWREx_EnableOverDrive)
    HAL_RCCEx_PeriphCLKConfig                0x080027fd   Thumb Code   848  stm32f4xx_hal_rcc_ex.o(i.HAL_RCCEx_PeriphCLKConfig)
    HAL_RCC_ClockConfig                      0x08002b65   Thumb Code   412  stm32f4xx_hal_rcc.o(i.HAL_RCC_ClockConfig)
    HAL_RCC_GetClockConfig                   0x08002d09   Thumb Code    58  stm32f4xx_hal_rcc.o(i.HAL_RCC_GetClockConfig)
    HAL_RCC_GetHCLKFreq                      0x08002d4d   Thumb Code    42  stm32f4xx_hal_rcc.o(i.HAL_RCC_GetHCLKFreq)
    HAL_RCC_GetPCLK1Freq                     0x08002d85   Thumb Code    36  stm32f4xx_hal_rcc.o(i.HAL_RCC_GetPCLK1Freq)
    HAL_RCC_GetPCLK2Freq                     0x08002db1   Thumb Code    36  stm32f4xx_hal_rcc.o(i.HAL_RCC_GetPCLK2Freq)
    HAL_RCC_GetSysClockFreq                  0x08002ddd   Thumb Code   168  stm32f4xx_hal_rcc.o(i.HAL_RCC_GetSysClockFreq)
    HAL_RCC_OscConfig                        0x08002e91   Thumb Code   906  stm32f4xx_hal_rcc.o(i.HAL_RCC_OscConfig)
    HAL_SDRAM_Init                           0x0800322d   Thumb Code    64  stm32f4xx_hal_sdram.o(i.HAL_SDRAM_Init)
    HAL_SDRAM_MspInit                        0x0800326d   Thumb Code   282  sdram.o(i.HAL_SDRAM_MspInit)
    HAL_SDRAM_ProgramRefreshRate             0x080033a1   Thumb Code    40  stm32f4xx_hal_sdram.o(i.HAL_SDRAM_ProgramRefreshRate)
    HAL_SDRAM_SendCommand                    0x080033c9   Thumb Code    58  stm32f4xx_hal_sdram.o(i.HAL_SDRAM_SendCommand)
    HAL_SRAM_Init                            0x08003403   Thumb Code    88  stm32f4xx_hal_sram.o(i.HAL_SRAM_Init)
    HAL_SRAM_MspInit                         0x0800345d   Thumb Code   292  lcd.o(i.HAL_SRAM_MspInit)
    HAL_TIMEx_BreakCallback                  0x08003595   Thumb Code     2  stm32f4xx_hal_tim_ex.o(i.HAL_TIMEx_BreakCallback)
    HAL_TIMEx_CommutationCallback            0x08003597   Thumb Code     2  stm32f4xx_hal_tim_ex.o(i.HAL_TIMEx_CommutationCallback)
    HAL_TIM_Base_Init                        0x08003599   Thumb Code    52  stm32f4xx_hal_tim.o(i.HAL_TIM_Base_Init)
    HAL_TIM_Base_MspInit                     0x080035cd   Thumb Code     2  stm32f4xx_hal_tim.o(i.HAL_TIM_Base_MspInit)
    HAL_TIM_Base_Start_IT                    0x080035cf   Thumb Code    30  stm32f4xx_hal_tim.o(i.HAL_TIM_Base_Start_IT)
    HAL_TIM_IC_CaptureCallback               0x080035ed   Thumb Code     2  stm32f4xx_hal_tim.o(i.HAL_TIM_IC_CaptureCallback)
    HAL_TIM_IRQHandler                       0x080035ef   Thumb Code   406  stm32f4xx_hal_tim.o(i.HAL_TIM_IRQHandler)
    HAL_TIM_OC_DelayElapsedCallback          0x08003785   Thumb Code     2  stm32f4xx_hal_tim.o(i.HAL_TIM_OC_DelayElapsedCallback)
    HAL_TIM_PWM_PulseFinishedCallback        0x08003787   Thumb Code     2  stm32f4xx_hal_tim.o(i.HAL_TIM_PWM_PulseFinishedCallback)
    HAL_TIM_PeriodElapsedCallback            0x08003789   Thumb Code    10  stm32f4xx_hal_timebase_tim_template.o(i.HAL_TIM_PeriodElapsedCallback)
    HAL_TIM_TriggerCallback                  0x08003793   Thumb Code     2  stm32f4xx_hal_tim.o(i.HAL_TIM_TriggerCallback)
    HAL_UART_ErrorCallback                   0x08003795   Thumb Code     2  stm32f4xx_hal_uart.o(i.HAL_UART_ErrorCallback)
    HAL_UART_GetState                        0x08003797   Thumb Code    20  stm32f4xx_hal_uart.o(i.HAL_UART_GetState)
    HAL_UART_IRQHandler                      0x080037ab   Thumb Code   308  stm32f4xx_hal_uart.o(i.HAL_UART_IRQHandler)
    HAL_UART_Init                            0x080038df   Thumb Code   114  stm32f4xx_hal_uart.o(i.HAL_UART_Init)
    HAL_UART_MspInit                         0x08003951   Thumb Code   174  usart.o(i.HAL_UART_MspInit)
    HAL_UART_Receive_IT                      0x08003a0d   Thumb Code   112  stm32f4xx_hal_uart.o(i.HAL_UART_Receive_IT)
    HAL_UART_RxCpltCallback                  0x08003a7d   Thumb Code   120  usart.o(i.HAL_UART_RxCpltCallback)
    HAL_UART_TxCpltCallback                  0x08003b05   Thumb Code     2  stm32f4xx_hal_uart.o(i.HAL_UART_TxCpltCallback)
    HardFault_Handler                        0x08003b07   Thumb Code     4  stm32f4xx_it.o(i.HardFault_Handler)
    LCD_Clear                                0x08003fe5   Thumb Code    36  lcd.o(i.LCD_Clear)
    LCD_DisplayOn                            0x08004011   Thumb Code    80  lcd.o(i.LCD_DisplayOn)
    LCD_Display_Dir                          0x08004069   Thumb Code   558  lcd.o(i.LCD_Display_Dir)
    LCD_Fast_DrawPoint                       0x0800429d   Thumb Code   198  lcd.o(i.LCD_Fast_DrawPoint)
    LCD_Fill                                 0x08004371   Thumb Code   188  lcd.o(i.LCD_Fill)
    LCD_Init                                 0x080044e1   Thumb Code  5336  lcd.o(i.LCD_Init)
    LCD_RD_DATA                              0x080059c1   Thumb Code    14  lcd.o(i.LCD_RD_DATA)
    LCD_ReadReg                              0x080059d5   Thumb Code    22  lcd.o(i.LCD_ReadReg)
    LCD_SetCursor                            0x080059ed   Thumb Code   172  lcd.o(i.LCD_SetCursor)
    LCD_Set_Window                           0x08005a9d   Thumb Code   580  lcd.o(i.LCD_Set_Window)
    LCD_ShowChar                             0x08005ce5   Thumb Code   288  lcd.o(i.LCD_ShowChar)
    LCD_ShowString                           0x08005e21   Thumb Code   124  lcd.o(i.LCD_ShowString)
    LCD_WR_DATA                              0x08005ea1   Thumb Code    18  lcd.o(i.LCD_WR_DATA)
    LCD_WR_REG                               0x08005eb9   Thumb Code    18  lcd.o(i.LCD_WR_REG)
    LCD_WriteByteSPI                         0x08005ed1   Thumb Code    66  ltdc.o(i.LCD_WriteByteSPI)
    LCD_WriteRAM                             0x08005f1d   Thumb Code     6  lcd.o(i.LCD_WriteRAM)
    LCD_WriteRAM_Prepare                     0x08005f29   Thumb Code    10  lcd.o(i.LCD_WriteRAM_Prepare)
    LCD_WriteReg                             0x08005f3d   Thumb Code    10  lcd.o(i.LCD_WriteReg)
    LED_Init                                 0x08005f4d   Thumb Code    22  led.o(i.LED_Init)
    LTDC_Clear                               0x08005f65   Thumb Code    32  ltdc.o(i.LTDC_Clear)
    LTDC_Clk_Set                             0x08005f89   Thumb Code    38  ltdc.o(i.LTDC_Clk_Set)
    LTDC_Display_Dir                         0x08005fb1   Thumb Code    84  ltdc.o(i.LTDC_Display_Dir)
    LTDC_Draw_Point                          0x0800600d   Thumb Code   398  ltdc.o(i.LTDC_Draw_Point)
    LTDC_Fill                                0x080061a9   Thumb Code   840  ltdc.o(i.LTDC_Fill)
    LTDC_Init                                0x08006505   Thumb Code   684  ltdc.o(i.LTDC_Init)
    LTDC_Layer_Parameter_Config              0x080067cd   Thumb Code   114  ltdc.o(i.LTDC_Layer_Parameter_Config)
    LTDC_Layer_Window_Config                 0x08006849   Thumb Code    44  ltdc.o(i.LTDC_Layer_Window_Config)
    LTDC_Select_Layer                        0x08006879   Thumb Code     6  ltdc.o(i.LTDC_Select_Layer)
    LTDC_Switch                              0x08006a99   Thumb Code    42  ltdc.o(i.LTDC_Switch)
    Lcd_Initialize                           0x08006ac9   Thumb Code  5192  ltdc.o(i.Lcd_Initialize)
    MX_I2C1_Init                             0x08007f11   Thumb Code    76  tmp275.o(i.MX_I2C1_Init)
    MemManage_Handler                        0x08007f69   Thumb Code     4  stm32f4xx_it.o(i.MemManage_Handler)
    NMI_Handler                              0x08007f6d   Thumb Code     2  stm32f4xx_it.o(i.NMI_Handler)
    PendSV_Handler                           0x08007fa9   Thumb Code     2  stm32f4xx_it.o(i.PendSV_Handler)
    Read_Temperature                         0x08007fad   Thumb Code   192  tmp275.o(i.Read_Temperature)
    SDRAM_Init                               0x08008099   Thumb Code   106  sdram.o(i.SDRAM_Init)
    SDRAM_Initialization_Sequence            0x0800810d   Thumb Code    68  sdram.o(i.SDRAM_Initialization_Sequence)
    SDRAM_Send_Cmd                           0x08008151   Thumb Code    68  sdram.o(i.SDRAM_Send_Cmd)
    SPI_WriteComm                            0x08008199   Thumb Code   110  ltdc.o(i.SPI_WriteComm)
    SPI_WriteData                            0x0800820d   Thumb Code    60  ltdc.o(i.SPI_WriteData)
    SVC_Handler                              0x0800824d   Thumb Code     2  stm32f4xx_it.o(i.SVC_Handler)
    Set_Temp_Range                           0x08008251   Thumb Code   100  tmp275.o(i.Set_Temp_Range)
    SysTick_Handler                          0x080082b9   Thumb Code     8  stm32f4xx_it.o(i.SysTick_Handler)
    SystemClock_Config                       0x080082c1   Thumb Code   176  stm32f429_winner.o(i.SystemClock_Config)
    SystemInit                               0x08008379   Thumb Code    82  system_stm32f4xx.o(i.SystemInit)
    TIM6_DAC_IRQHandler                      0x080083dd   Thumb Code    10  stm32f4xx_hal_timebase_tim_template.o(i.TIM6_DAC_IRQHandler)
    TIM_Base_SetConfig                       0x080083ed   Thumb Code   184  stm32f4xx_hal_tim.o(i.TIM_Base_SetConfig)
    TMP275_Init                              0x080084d1   Thumb Code    34  tmp275.o(i.TMP275_Init)
    USART1_IRQHandler                        0x08008989   Thumb Code    66  usart.o(i.USART1_IRQHandler)
    UsageFault_Handler                       0x080089d9   Thumb Code     4  stm32f4xx_it.o(i.UsageFault_Handler)
    __ARM_fpclassify                         0x080089dd   Thumb Code    48  fpclassify.o(i.__ARM_fpclassify)
    _is_digit                                0x08008a0d   Thumb Code    14  __printf_wp.o(i._is_digit)
    _sys_exit                                0x08008a1b   Thumb Code     4  usart.o(i._sys_exit)
    delay_ms                                 0x08008a1f   Thumb Code    24  delay.o(i.delay_ms)
    delay_us                                 0x08008a37   Thumb Code    24  delay.o(i.delay_us)
    fputc                                    0x08008a51   Thumb Code    22  usart.o(i.fputc)
    main                                     0x08008a6d   Thumb Code   276  main.o(i.main)
    uart_init                                0x08008c25   Thumb Code    44  usart.o(i.uart_init)
    _get_lc_numeric                          0x08008c5d   Thumb Code    44  lc_numeric_c.o(locale$$code)
    __aeabi_d2f                              0x08008c89   Thumb Code     0  d2f.o(x$fpl$d2f)
    _d2f                                     0x08008c89   Thumb Code    98  d2f.o(x$fpl$d2f)
    __aeabi_ui2d                             0x08008ceb   Thumb Code     0  dflt_clz.o(x$fpl$dfltu)
    _dfltu                                   0x08008ceb   Thumb Code    38  dflt_clz.o(x$fpl$dfltu)
    __aeabi_dmul                             0x08008d11   Thumb Code     0  dmul.o(x$fpl$dmul)
    _dmul                                    0x08008d11   Thumb Code   332  dmul.o(x$fpl$dmul)
    __fpl_dnaninf                            0x08008e65   Thumb Code   156  dnaninf.o(x$fpl$dnaninf)
    __fpl_dretinf                            0x08008f01   Thumb Code    12  dretinf.o(x$fpl$dretinf)
    __aeabi_f2d                              0x08008f0d   Thumb Code     0  f2d.o(x$fpl$f2d)
    _f2d                                     0x08008f0d   Thumb Code    86  f2d.o(x$fpl$f2d)
    __fpl_fnaninf                            0x08008f63   Thumb Code   140  fnaninf.o(x$fpl$fnaninf)
    _fp_init                                 0x08008fef   Thumb Code    10  fpinit.o(x$fpl$fpinit)
    __fplib_config_fpu_vfp                   0x08008ff7   Thumb Code     0  fpinit.o(x$fpl$fpinit)
    __fplib_config_pureend_doubles           0x08008ff7   Thumb Code     0  fpinit.o(x$fpl$fpinit)
    __fpl_fretinf                            0x08008ff9   Thumb Code    10  fretinf.o(x$fpl$fretinf)
    _printf_fp_dec                           0x08009003   Thumb Code     4  printf1.o(x$fpl$printf1)
    GPIO_PIN                                 0x08009006   Data           6  led.o(.constdata)
    __I$use$fp                               0x08009006   Number         0  usenofp.o(x$fpl$usenofp)
    asc2_1206                                0x0800900c   Data        1140  lcd.o(.constdata)
    asc2_1608                                0x08009480   Data        1520  lcd.o(.constdata)
    asc2_2412                                0x08009a70   Data        3420  lcd.o(.constdata)
    asc2_3216                                0x0800a7cc   Data       12160  lcd.o(.constdata)
    APBAHBPrescTable                         0x0800d74c   Data          16  stm32f4xx_hal_rcc.o(.constdata)
    Region$$Table$$Base                      0x0800d818   Number         0  anon$$obj.o(Region$$Table)
    Region$$Table$$Limit                     0x0800d838   Number         0  anon$$obj.o(Region$$Table)
    SystemCoreClock                          0x20000000   Data           4  system_stm32f4xx.o(.data)
    AHBPrescTable                            0x20000004   Data          16  system_stm32f4xx.o(.data)
    GPIO_PORT                                0x20000014   Data          12  led.o(.data)
    POINT_COLOR                              0x20000020   Data           4  lcd.o(.data)
    BACK_COLOR                               0x20000024   Data           4  lcd.o(.data)
    ltdc_framebuf                            0x20000028   Data           8  ltdc.o(.data)
    USART_RX_STA                             0x20000030   Data           2  usart.o(.data)
    aRxBuffer                                0x20000032   Data           1  usart.o(.data)
    __stdout                                 0x20000034   Data           4  usart.o(.data)
    uwTick                                   0x20000038   Data           4  stm32f4xx_hal.o(.data)
    SRAM_Handler                             0x2000003c   Data          80  lcd.o(.bss)
    lcddev                                   0x2000008c   Data          16  lcd.o(.bss)
    LTDC_Handler                             0x2000009c   Data         168  ltdc.o(.bss)
    DMA2D_Handler                            0x20000144   Data          64  ltdc.o(.bss)
    lcdltdc                                  0x20000184   Data          32  ltdc.o(.bss)
    SDRAM_Handler                            0x200001a4   Data          52  sdram.o(.bss)
    USART_RX_BUF                             0x200001d8   Data         200  usart.o(.bss)
    UART_Handler                             0x200002a0   Data          64  usart.o(.bss)
    hi2c2                                    0x200002e0   Data          68  tmp275.o(.bss)
    TimHandle                                0x20000324   Data          60  stm32f4xx_hal_timebase_tim_template.o(.bss)
    __libspace_start                         0x20000360   Data          96  libspace.o(.bss)
    __temporary_stack_top$libspace           0x200003c0   Data           0  libspace.o(.bss)
    ltdc_lcd_framebuf                        0xc0000000   Data       1228800  ltdc.o(.ARM.__AT_0xC0000000)



==============================================================================

Memory Map of the image

  Image Entry point : 0x080001ad

  Load Region LR_IROM1 (Base: 0x08000000, Size: 0x0000d890, Max: 0x00100000, ABSOLUTE)

    Execution Region ER_IROM1 (Base: 0x08000000, Size: 0x0000d854, Max: 0x00100000, ABSOLUTE)

    Base Addr    Size         Type   Attr      Idx    E Section Name        Object

    0x08000000   0x000001ac   Data   RO         4999    RESET               startup_stm32f429xx.o
    0x080001ac   0x00000008   Code   RO         5070  * !!!main             c_w.l(__main.o)
    0x080001b4   0x00000034   Code   RO         5308    !!!scatter          c_w.l(__scatter.o)
    0x080001e8   0x0000001a   Code   RO         5310    !!handler_copy      c_w.l(__scatter_copy.o)
    0x08000202   0x00000002   PAD
    0x08000204   0x0000001c   Code   RO         5312    !!handler_zi        c_w.l(__scatter_zi.o)
    0x08000220   0x00000000   Code   RO         5063    .ARM.Collect$$_printf_percent$$00000000  c_w.l(_printf_percent.o)
    0x08000220   0x00000006   Code   RO         5062    .ARM.Collect$$_printf_percent$$00000003  c_w.l(_printf_f.o)
    0x08000226   0x00000006   Code   RO         5061    .ARM.Collect$$_printf_percent$$0000000C  c_w.l(_printf_x.o)
    0x0800022c   0x00000004   Code   RO         5099    .ARM.Collect$$_printf_percent$$00000017  c_w.l(_printf_percent_end.o)
    0x08000230   0x00000002   Code   RO         5185    .ARM.Collect$$libinit$$00000000  c_w.l(libinit.o)
    0x08000232   0x00000004   Code   RO         5186    .ARM.Collect$$libinit$$00000001  c_w.l(libinit2.o)
    0x08000236   0x00000000   Code   RO         5189    .ARM.Collect$$libinit$$00000004  c_w.l(libinit2.o)
    0x08000236   0x00000000   Code   RO         5192    .ARM.Collect$$libinit$$0000000A  c_w.l(libinit2.o)
    0x08000236   0x00000000   Code   RO         5194    .ARM.Collect$$libinit$$0000000C  c_w.l(libinit2.o)
    0x08000236   0x00000000   Code   RO         5196    .ARM.Collect$$libinit$$0000000E  c_w.l(libinit2.o)
    0x08000236   0x00000006   Code   RO         5197    .ARM.Collect$$libinit$$0000000F  c_w.l(libinit2.o)
    0x0800023c   0x00000000   Code   RO         5199    .ARM.Collect$$libinit$$00000011  c_w.l(libinit2.o)
    0x0800023c   0x00000000   Code   RO         5201    .ARM.Collect$$libinit$$00000013  c_w.l(libinit2.o)
    0x0800023c   0x00000000   Code   RO         5203    .ARM.Collect$$libinit$$00000015  c_w.l(libinit2.o)
    0x0800023c   0x0000000a   Code   RO         5204    .ARM.Collect$$libinit$$00000016  c_w.l(libinit2.o)
    0x08000246   0x00000000   Code   RO         5205    .ARM.Collect$$libinit$$00000017  c_w.l(libinit2.o)
    0x08000246   0x00000000   Code   RO         5207    .ARM.Collect$$libinit$$00000019  c_w.l(libinit2.o)
    0x08000246   0x00000000   Code   RO         5209    .ARM.Collect$$libinit$$0000001B  c_w.l(libinit2.o)
    0x08000246   0x00000000   Code   RO         5211    .ARM.Collect$$libinit$$0000001D  c_w.l(libinit2.o)
    0x08000246   0x00000000   Code   RO         5213    .ARM.Collect$$libinit$$0000001F  c_w.l(libinit2.o)
    0x08000246   0x00000000   Code   RO         5215    .ARM.Collect$$libinit$$00000021  c_w.l(libinit2.o)
    0x08000246   0x00000000   Code   RO         5217    .ARM.Collect$$libinit$$00000023  c_w.l(libinit2.o)
    0x08000246   0x00000000   Code   RO         5219    .ARM.Collect$$libinit$$00000025  c_w.l(libinit2.o)
    0x08000246   0x00000000   Code   RO         5223    .ARM.Collect$$libinit$$0000002C  c_w.l(libinit2.o)
    0x08000246   0x00000000   Code   RO         5225    .ARM.Collect$$libinit$$0000002E  c_w.l(libinit2.o)
    0x08000246   0x00000000   Code   RO         5227    .ARM.Collect$$libinit$$00000030  c_w.l(libinit2.o)
    0x08000246   0x00000000   Code   RO         5229    .ARM.Collect$$libinit$$00000032  c_w.l(libinit2.o)
    0x08000246   0x00000002   Code   RO         5230    .ARM.Collect$$libinit$$00000033  c_w.l(libinit2.o)
    0x08000248   0x00000002   Code   RO         5258    .ARM.Collect$$libshutdown$$00000000  c_w.l(libshutdown.o)
    0x0800024a   0x00000000   Code   RO         5267    .ARM.Collect$$libshutdown$$00000002  c_w.l(libshutdown2.o)
    0x0800024a   0x00000000   Code   RO         5269    .ARM.Collect$$libshutdown$$00000004  c_w.l(libshutdown2.o)
    0x0800024a   0x00000000   Code   RO         5272    .ARM.Collect$$libshutdown$$00000007  c_w.l(libshutdown2.o)
    0x0800024a   0x00000000   Code   RO         5275    .ARM.Collect$$libshutdown$$0000000A  c_w.l(libshutdown2.o)
    0x0800024a   0x00000000   Code   RO         5277    .ARM.Collect$$libshutdown$$0000000C  c_w.l(libshutdown2.o)
    0x0800024a   0x00000000   Code   RO         5280    .ARM.Collect$$libshutdown$$0000000F  c_w.l(libshutdown2.o)
    0x0800024a   0x00000002   Code   RO         5281    .ARM.Collect$$libshutdown$$00000010  c_w.l(libshutdown2.o)
    0x0800024c   0x00000000   Code   RO         5088    .ARM.Collect$$rtentry$$00000000  c_w.l(__rtentry.o)
    0x0800024c   0x00000000   Code   RO         5110    .ARM.Collect$$rtentry$$00000002  c_w.l(__rtentry2.o)
    0x0800024c   0x00000006   Code   RO         5122    .ARM.Collect$$rtentry$$00000004  c_w.l(__rtentry4.o)
    0x08000252   0x00000000   Code   RO         5112    .ARM.Collect$$rtentry$$00000009  c_w.l(__rtentry2.o)
    0x08000252   0x00000004   Code   RO         5113    .ARM.Collect$$rtentry$$0000000A  c_w.l(__rtentry2.o)
    0x08000256   0x00000000   Code   RO         5115    .ARM.Collect$$rtentry$$0000000C  c_w.l(__rtentry2.o)
    0x08000256   0x00000008   Code   RO         5116    .ARM.Collect$$rtentry$$0000000D  c_w.l(__rtentry2.o)
    0x0800025e   0x00000002   Code   RO         5231    .ARM.Collect$$rtexit$$00000000  c_w.l(rtexit.o)
    0x08000260   0x00000000   Code   RO         5238    .ARM.Collect$$rtexit$$00000002  c_w.l(rtexit2.o)
    0x08000260   0x00000004   Code   RO         5239    .ARM.Collect$$rtexit$$00000003  c_w.l(rtexit2.o)
    0x08000264   0x00000006   Code   RO         5240    .ARM.Collect$$rtexit$$00000004  c_w.l(rtexit2.o)
    0x0800026a   0x00000002   PAD
    0x0800026c   0x00000040   Code   RO         5000    .text               startup_stm32f429xx.o
    0x080002ac   0x00000002   Code   RO         5006    .text               c_w.l(use_no_semi_2.o)
    0x080002ae   0x00000002   PAD
    0x080002b0   0x00000018   Code   RO         5012    .text               c_w.l(noretval__2printf.o)
    0x080002c8   0x00000028   Code   RO         5014    .text               c_w.l(noretval__2sprintf.o)
    0x080002f0   0x0000004e   Code   RO         5018    .text               c_w.l(_printf_pad.o)
    0x0800033e   0x00000002   PAD
    0x08000340   0x00000058   Code   RO         5023    .text               c_w.l(_printf_hex_int.o)
    0x08000398   0x0000010e   Code   RO         5049    .text               c_w.l(__printf_wp.o)
    0x080004a6   0x00000064   Code   RO         5064    .text               c_w.l(rt_memcpy_w.o)
    0x0800050a   0x0000004e   Code   RO         5066    .text               c_w.l(rt_memclr_w.o)
    0x08000558   0x00000006   Code   RO         5068    .text               c_w.l(heapauxi.o)
    0x0800055e   0x00000002   Code   RO         5086    .text               c_w.l(use_no_semi.o)
    0x08000560   0x000000b2   Code   RO         5089    .text               c_w.l(_printf_intcommon.o)
    0x08000612   0x0000041a   Code   RO         5091    .text               c_w.l(_printf_fp_dec.o)
    0x08000a2c   0x00000030   Code   RO         5093    .text               c_w.l(_printf_char_common.o)
    0x08000a5c   0x0000000a   Code   RO         5095    .text               c_w.l(_sputc.o)
    0x08000a66   0x00000002   PAD
    0x08000a68   0x00000024   Code   RO         5097    .text               c_w.l(_printf_char_file.o)
    0x08000a8c   0x00000008   Code   RO         5127    .text               c_w.l(rt_locale_intlibspace.o)
    0x08000a94   0x0000008a   Code   RO         5129    .text               c_w.l(lludiv10.o)
    0x08000b1e   0x00000002   PAD
    0x08000b20   0x00000080   Code   RO         5131    .text               c_w.l(_printf_fp_infnan.o)
    0x08000ba0   0x000000dc   Code   RO         5135    .text               c_w.l(bigflt0.o)
    0x08000c7c   0x00000008   Code   RO         5160    .text               c_w.l(ferror.o)
    0x08000c84   0x00000008   Code   RO         5171    .text               c_w.l(libspace.o)
    0x08000c8c   0x0000004a   Code   RO         5174    .text               c_w.l(sys_stackheap_outer.o)
    0x08000cd6   0x00000012   Code   RO         5176    .text               c_w.l(exit.o)
    0x08000ce8   0x00000080   Code   RO         5178    .text               c_w.l(strcmpv7m.o)
    0x08000d68   0x0000003e   Code   RO         5138    CL$$btod_d2e        c_w.l(btod.o)
    0x08000da6   0x00000046   Code   RO         5140    CL$$btod_d2e_denorm_low  c_w.l(btod.o)
    0x08000dec   0x00000060   Code   RO         5139    CL$$btod_d2e_norm_op1  c_w.l(btod.o)
    0x08000e4c   0x00000338   Code   RO         5148    CL$$btod_div_common  c_w.l(btod.o)
    0x08001184   0x000000c6   Code   RO         5145    CL$$btod_e2e        c_w.l(btod.o)
    0x0800124a   0x00000028   Code   RO         5142    CL$$btod_ediv       c_w.l(btod.o)
    0x08001272   0x00000028   Code   RO         5141    CL$$btod_emul       c_w.l(btod.o)
    0x0800129a   0x00000244   Code   RO         5147    CL$$btod_mult_common  c_w.l(btod.o)
    0x080014de   0x00000002   PAD
    0x080014e0   0x000000b4   Code   RO          462    i.BSP_LED_Init      led.o
    0x08001594   0x00000004   Code   RO          268    i.BusFault_Handler  stm32f4xx_it.o
    0x08001598   0x00000030   Code   RO         1003    i.Configuration_TMP275  tmp275.o
    0x080015c8   0x00000002   Code   RO          269    i.DebugMon_Handler  stm32f4xx_it.o
    0x080015ca   0x0000000a   Code   RO         1063    i.EXTI1_IRQHandler  exti.o
    0x080015d4   0x00000058   Code   RO         1064    i.EXTI_Init         exti.o
    0x0800162c   0x00000048   Code   RO         3942    i.FMC_NORSRAM_Extended_Timing_Init  stm32f4xx_ll_fmc.o
    0x08001674   0x00000074   Code   RO         3943    i.FMC_NORSRAM_Init  stm32f4xx_ll_fmc.o
    0x080016e8   0x0000005e   Code   RO         3944    i.FMC_NORSRAM_Timing_Init  stm32f4xx_ll_fmc.o
    0x08001746   0x00000074   Code   RO         3954    i.FMC_SDRAM_Init    stm32f4xx_ll_fmc.o
    0x080017ba   0x0000000e   Code   RO         3955    i.FMC_SDRAM_ProgramRefreshRate  stm32f4xx_ll_fmc.o
    0x080017c8   0x00000052   Code   RO         3956    i.FMC_SDRAM_SendCommand  stm32f4xx_ll_fmc.o
    0x0800181a   0x00000098   Code   RO         3958    i.FMC_SDRAM_Timing_Init  stm32f4xx_ll_fmc.o
    0x080018b2   0x00000002   PAD
    0x080018b4   0x000000a8   Code   RO         1065    i.HAL_GPIO_EXTI_Callback  exti.o
    0x0800195c   0x0000001c   Code   RO         1388    i.HAL_GPIO_EXTI_IRQHandler  stm32f4xx_hal_gpio.o
    0x08001978   0x0000021c   Code   RO         1389    i.HAL_GPIO_Init     stm32f4xx_hal_gpio.o
    0x08001b94   0x00000010   Code   RO         1391    i.HAL_GPIO_ReadPin  stm32f4xx_hal_gpio.o
    0x08001ba4   0x0000000c   Code   RO         1393    i.HAL_GPIO_WritePin  stm32f4xx_hal_gpio.o
    0x08001bb0   0x0000000c   Code   RO         1114    i.HAL_GetTick       stm32f4xx_hal.o
    0x08001bbc   0x0000004c   Code   RO         4970    i.HAL_I2CEx_ConfigAnalogFilter  stm32f4xx_hal_i2c_ex.o
    0x08001c08   0x00000050   Code   RO         4971    i.HAL_I2CEx_ConfigDigitalFilter  stm32f4xx_hal_i2c_ex.o
    0x08001c58   0x00000128   Code   RO         4553    i.HAL_I2C_Init      stm32f4xx_hal_i2c.o
    0x08001d80   0x00000278   Code   RO         4559    i.HAL_I2C_Master_Receive  stm32f4xx_hal_i2c.o
    0x08001ff8   0x00000148   Code   RO         4564    i.HAL_I2C_Master_Transmit  stm32f4xx_hal_i2c.o
    0x08002140   0x00000088   Code   RO         1004    i.HAL_I2C_MspInit   tmp275.o
    0x080021c8   0x00000010   Code   RO         1115    i.HAL_IncTick       stm32f4xx_hal.o
    0x080021d8   0x0000003c   Code   RO         1116    i.HAL_Init          stm32f4xx_hal.o
    0x08002214   0x00000098   Code   RO         3418    i.HAL_InitTick      stm32f4xx_hal_timebase_tim_template.o
    0x080022ac   0x0000005e   Code   RO         2073    i.HAL_LTDC_ConfigLayer  stm32f4xx_hal_ltdc.o
    0x0800230a   0x00000002   PAD
    0x0800230c   0x00000128   Code   RO         2085    i.HAL_LTDC_Init     stm32f4xx_hal_ltdc.o
    0x08002434   0x00000184   Code   RO          736    i.HAL_LTDC_MspInit  ltdc.o
    0x080025b8   0x0000006c   Code   RO         2094    i.HAL_LTDC_SetWindowPosition  stm32f4xx_hal_ltdc.o
    0x08002624   0x00000074   Code   RO         2095    i.HAL_LTDC_SetWindowSize  stm32f4xx_hal_ltdc.o
    0x08002698   0x00000002   Code   RO         1119    i.HAL_MspInit       stm32f4xx_hal.o
    0x0800269a   0x0000001a   Code   RO         1261    i.HAL_NVIC_EnableIRQ  stm32f4xx_hal_cortex.o
    0x080026b4   0x0000007c   Code   RO         1267    i.HAL_NVIC_SetPriority  stm32f4xx_hal_cortex.o
    0x08002730   0x00000028   Code   RO         1268    i.HAL_NVIC_SetPriorityGrouping  stm32f4xx_hal_cortex.o
    0x08002758   0x000000a4   Code   RO         1578    i.HAL_PWREx_EnableOverDrive  stm32f4xx_hal_pwr_ex.o
    0x080027fc   0x00000368   Code   RO         1750    i.HAL_RCCEx_PeriphCLKConfig  stm32f4xx_hal_rcc_ex.o
    0x08002b64   0x000001a4   Code   RO         1645    i.HAL_RCC_ClockConfig  stm32f4xx_hal_rcc.o
    0x08002d08   0x00000044   Code   RO         1649    i.HAL_RCC_GetClockConfig  stm32f4xx_hal_rcc.o
    0x08002d4c   0x00000038   Code   RO         1650    i.HAL_RCC_GetHCLKFreq  stm32f4xx_hal_rcc.o
    0x08002d84   0x0000002c   Code   RO         1652    i.HAL_RCC_GetPCLK1Freq  stm32f4xx_hal_rcc.o
    0x08002db0   0x0000002c   Code   RO         1653    i.HAL_RCC_GetPCLK2Freq  stm32f4xx_hal_rcc.o
    0x08002ddc   0x000000b4   Code   RO         1654    i.HAL_RCC_GetSysClockFreq  stm32f4xx_hal_rcc.o
    0x08002e90   0x0000039c   Code   RO         1657    i.HAL_RCC_OscConfig  stm32f4xx_hal_rcc.o
    0x0800322c   0x00000040   Code   RO         2268    i.HAL_SDRAM_Init    stm32f4xx_hal_sdram.o
    0x0800326c   0x00000134   Code   RO          877    i.HAL_SDRAM_MspInit  sdram.o
    0x080033a0   0x00000028   Code   RO         2271    i.HAL_SDRAM_ProgramRefreshRate  stm32f4xx_hal_sdram.o
    0x080033c8   0x0000003a   Code   RO         2277    i.HAL_SDRAM_SendCommand  stm32f4xx_hal_sdram.o
    0x08003402   0x00000058   Code   RO         2422    i.HAL_SRAM_Init     stm32f4xx_hal_sram.o
    0x0800345a   0x00000002   PAD
    0x0800345c   0x00000138   Code   RO          496    i.HAL_SRAM_MspInit  lcd.o
    0x08003594   0x00000002   Code   RO         3179    i.HAL_TIMEx_BreakCallback  stm32f4xx_hal_tim_ex.o
    0x08003596   0x00000002   Code   RO         3180    i.HAL_TIMEx_CommutationCallback  stm32f4xx_hal_tim_ex.o
    0x08003598   0x00000034   Code   RO         2540    i.HAL_TIM_Base_Init  stm32f4xx_hal_tim.o
    0x080035cc   0x00000002   Code   RO         2542    i.HAL_TIM_Base_MspInit  stm32f4xx_hal_tim.o
    0x080035ce   0x0000001e   Code   RO         2545    i.HAL_TIM_Base_Start_IT  stm32f4xx_hal_tim.o
    0x080035ec   0x00000002   Code   RO         2569    i.HAL_TIM_IC_CaptureCallback  stm32f4xx_hal_tim.o
    0x080035ee   0x00000196   Code   RO         2582    i.HAL_TIM_IRQHandler  stm32f4xx_hal_tim.o
    0x08003784   0x00000002   Code   RO         2585    i.HAL_TIM_OC_DelayElapsedCallback  stm32f4xx_hal_tim.o
    0x08003786   0x00000002   Code   RO         2612    i.HAL_TIM_PWM_PulseFinishedCallback  stm32f4xx_hal_tim.o
    0x08003788   0x0000000a   Code   RO         3421    i.HAL_TIM_PeriodElapsedCallback  stm32f4xx_hal_timebase_tim_template.o
    0x08003792   0x00000002   Code   RO         2623    i.HAL_TIM_TriggerCallback  stm32f4xx_hal_tim.o
    0x08003794   0x00000002   Code   RO         3481    i.HAL_UART_ErrorCallback  stm32f4xx_hal_uart.o
    0x08003796   0x00000014   Code   RO         3483    i.HAL_UART_GetState  stm32f4xx_hal_uart.o
    0x080037aa   0x00000134   Code   RO         3484    i.HAL_UART_IRQHandler  stm32f4xx_hal_uart.o
    0x080038de   0x00000072   Code   RO         3485    i.HAL_UART_Init     stm32f4xx_hal_uart.o
    0x08003950   0x000000bc   Code   RO          935    i.HAL_UART_MspInit  usart.o
    0x08003a0c   0x00000070   Code   RO         3490    i.HAL_UART_Receive_IT  stm32f4xx_hal_uart.o
    0x08003a7c   0x00000088   Code   RO          936    i.HAL_UART_RxCpltCallback  usart.o
    0x08003b04   0x00000002   Code   RO         3496    i.HAL_UART_TxCpltCallback  stm32f4xx_hal_uart.o
    0x08003b06   0x00000004   Code   RO          270    i.HardFault_Handler  stm32f4xx_it.o
    0x08003b0a   0x00000034   Code   RO         4594    i.I2C_IsAcknowledgeFailed  stm32f4xx_hal_i2c.o
    0x08003b3e   0x00000002   PAD
    0x08003b40   0x00000130   Code   RO         4597    i.I2C_MasterRequestRead  stm32f4xx_hal_i2c.o
    0x08003c70   0x000000b4   Code   RO         4598    i.I2C_MasterRequestWrite  stm32f4xx_hal_i2c.o
    0x08003d24   0x0000005a   Code   RO         4610    i.I2C_WaitOnBTFFlagUntilTimeout  stm32f4xx_hal_i2c.o
    0x08003d7e   0x000000e6   Code   RO         4611    i.I2C_WaitOnFlagUntilTimeout  stm32f4xx_hal_i2c.o
    0x08003e64   0x000000b2   Code   RO         4612    i.I2C_WaitOnMasterAddressFlagUntilTimeout  stm32f4xx_hal_i2c.o
    0x08003f16   0x00000074   Code   RO         4613    i.I2C_WaitOnRXNEFlagUntilTimeout  stm32f4xx_hal_i2c.o
    0x08003f8a   0x0000005a   Code   RO         4615    i.I2C_WaitOnTXEFlagUntilTimeout  stm32f4xx_hal_i2c.o
    0x08003fe4   0x0000002c   Code   RO          498    i.LCD_Clear         lcd.o
    0x08004010   0x00000058   Code   RO          501    i.LCD_DisplayOn     lcd.o
    0x08004068   0x00000234   Code   RO          502    i.LCD_Display_Dir   lcd.o
    0x0800429c   0x000000d4   Code   RO          507    i.LCD_Fast_DrawPoint  lcd.o
    0x08004370   0x000000c8   Code   RO          508    i.LCD_Fill          lcd.o
    0x08004438   0x000000a8   Code   RO          737    i.LCD_GPIO_Config   ltdc.o
    0x080044e0   0x000014e0   Code   RO          509    i.LCD_Init          lcd.o
    0x080059c0   0x00000014   Code   RO          511    i.LCD_RD_DATA       lcd.o
    0x080059d4   0x00000016   Code   RO          513    i.LCD_ReadReg       lcd.o
    0x080059ea   0x00000002   PAD
    0x080059ec   0x000000b0   Code   RO          514    i.LCD_SetCursor     lcd.o
    0x08005a9c   0x00000248   Code   RO          515    i.LCD_Set_Window    lcd.o
    0x08005ce4   0x0000013c   Code   RO          516    i.LCD_ShowChar      lcd.o
    0x08005e20   0x00000080   Code   RO          518    i.LCD_ShowString    lcd.o
    0x08005ea0   0x00000018   Code   RO          520    i.LCD_WR_DATA       lcd.o
    0x08005eb8   0x00000018   Code   RO          521    i.LCD_WR_REG        lcd.o
    0x08005ed0   0x0000004c   Code   RO          738    i.LCD_WriteByteSPI  ltdc.o
    0x08005f1c   0x0000000c   Code   RO          522    i.LCD_WriteRAM      lcd.o
    0x08005f28   0x00000014   Code   RO          523    i.LCD_WriteRAM_Prepare  lcd.o
    0x08005f3c   0x00000010   Code   RO          524    i.LCD_WriteReg      lcd.o
    0x08005f4c   0x00000016   Code   RO          463    i.LED_Init          led.o
    0x08005f62   0x00000002   PAD
    0x08005f64   0x00000024   Code   RO          739    i.LTDC_Clear        ltdc.o
    0x08005f88   0x00000026   Code   RO          740    i.LTDC_Clk_Set      ltdc.o
    0x08005fae   0x00000002   PAD
    0x08005fb0   0x0000005c   Code   RO          742    i.LTDC_Display_Dir  ltdc.o
    0x0800600c   0x0000019c   Code   RO          743    i.LTDC_Draw_Point   ltdc.o
    0x080061a8   0x0000035c   Code   RO          744    i.LTDC_Fill         ltdc.o
    0x08006504   0x000002c8   Code   RO          745    i.LTDC_Init         ltdc.o
    0x080067cc   0x0000007c   Code   RO          746    i.LTDC_Layer_Parameter_Config  ltdc.o
    0x08006848   0x00000030   Code   RO          748    i.LTDC_Layer_Window_Config  ltdc.o
    0x08006878   0x0000000c   Code   RO          750    i.LTDC_Select_Layer  ltdc.o
    0x08006884   0x00000212   Code   RO         2096    i.LTDC_SetConfig    stm32f4xx_hal_ltdc.o
    0x08006a96   0x00000002   PAD
    0x08006a98   0x00000030   Code   RO          751    i.LTDC_Switch       ltdc.o
    0x08006ac8   0x00001448   Code   RO          752    i.Lcd_Initialize    ltdc.o
    0x08007f10   0x00000058   Code   RO         1005    i.MX_I2C1_Init      tmp275.o
    0x08007f68   0x00000004   Code   RO          271    i.MemManage_Handler  stm32f4xx_it.o
    0x08007f6c   0x00000002   Code   RO          272    i.NMI_Handler       stm32f4xx_it.o
    0x08007f6e   0x00000002   PAD
    0x08007f70   0x00000010   Code   RO         1274    i.NVIC_GetPriorityGrouping  stm32f4xx_hal_cortex.o
    0x08007f80   0x00000028   Code   RO         1275    i.NVIC_SetPriority  stm32f4xx_hal_cortex.o
    0x08007fa8   0x00000002   Code   RO          273    i.PendSV_Handler    stm32f4xx_it.o
    0x08007faa   0x00000002   PAD
    0x08007fac   0x000000ec   Code   RO         1006    i.Read_Temperature  tmp275.o
    0x08008098   0x00000074   Code   RO          878    i.SDRAM_Init        sdram.o
    0x0800810c   0x00000044   Code   RO          879    i.SDRAM_Initialization_Sequence  sdram.o
    0x08008150   0x00000048   Code   RO          880    i.SDRAM_Send_Cmd    sdram.o
    0x08008198   0x00000074   Code   RO          753    i.SPI_WriteComm     ltdc.o
    0x0800820c   0x00000040   Code   RO          754    i.SPI_WriteData     ltdc.o
    0x0800824c   0x00000002   Code   RO          274    i.SVC_Handler       stm32f4xx_it.o
    0x0800824e   0x00000002   PAD
    0x08008250   0x00000068   Code   RO         1007    i.Set_Temp_Range    tmp275.o
    0x080082b8   0x00000008   Code   RO          275    i.SysTick_Handler   stm32f4xx_it.o
    0x080082c0   0x000000b8   Code   RO          382    i.SystemClock_Config  stm32f429_winner.o
    0x08008378   0x00000064   Code   RO          347    i.SystemInit        system_stm32f4xx.o
    0x080083dc   0x00000010   Code   RO         3422    i.TIM6_DAC_IRQHandler  stm32f4xx_hal_timebase_tim_template.o
    0x080083ec   0x000000e4   Code   RO         2624    i.TIM_Base_SetConfig  stm32f4xx_hal_tim.o
    0x080084d0   0x00000022   Code   RO         1008    i.TMP275_Init       tmp275.o
    0x080084f2   0x00000020   Code   RO         3503    i.UART_EndTransmit_IT  stm32f4xx_hal_uart.o
    0x08008512   0x000000a6   Code   RO         3504    i.UART_Receive_IT   stm32f4xx_hal_uart.o
    0x080085b8   0x00000368   Code   RO         3505    i.UART_SetConfig    stm32f4xx_hal_uart.o
    0x08008920   0x00000068   Code   RO         3506    i.UART_Transmit_IT  stm32f4xx_hal_uart.o
    0x08008988   0x00000050   Code   RO          937    i.USART1_IRQHandler  usart.o
    0x080089d8   0x00000004   Code   RO          276    i.UsageFault_Handler  stm32f4xx_it.o
    0x080089dc   0x00000030   Code   RO         5169    i.__ARM_fpclassify  m_wm.l(fpclassify.o)
    0x08008a0c   0x0000000e   Code   RO         5051    i._is_digit         c_w.l(__printf_wp.o)
    0x08008a1a   0x00000004   Code   RO          938    i._sys_exit         usart.o
    0x08008a1e   0x00000018   Code   RO          410    i.delay_ms          delay.o
    0x08008a36   0x00000018   Code   RO          411    i.delay_us          delay.o
    0x08008a4e   0x00000002   PAD
    0x08008a50   0x0000001c   Code   RO          939    i.fputc             usart.o
    0x08008a6c   0x000001b8   Code   RO            4    i.main              main.o
    0x08008c24   0x00000038   Code   RO          940    i.uart_init         usart.o
    0x08008c5c   0x0000002c   Code   RO         5165    locale$$code        c_w.l(lc_numeric_c.o)
    0x08008c88   0x00000062   Code   RO         5072    x$fpl$d2f           fz_wm.l(d2f.o)
    0x08008cea   0x00000026   Code   RO         5074    x$fpl$dfltu         fz_wm.l(dflt_clz.o)
    0x08008d10   0x00000154   Code   RO         5080    x$fpl$dmul          fz_wm.l(dmul.o)
    0x08008e64   0x0000009c   Code   RO         5100    x$fpl$dnaninf       fz_wm.l(dnaninf.o)
    0x08008f00   0x0000000c   Code   RO         5102    x$fpl$dretinf       fz_wm.l(dretinf.o)
    0x08008f0c   0x00000056   Code   RO         5082    x$fpl$f2d           fz_wm.l(f2d.o)
    0x08008f62   0x0000008c   Code   RO         5104    x$fpl$fnaninf       fz_wm.l(fnaninf.o)
    0x08008fee   0x0000000a   Code   RO         5235    x$fpl$fpinit        fz_wm.l(fpinit.o)
    0x08008ff8   0x0000000a   Code   RO         5106    x$fpl$fretinf       fz_wm.l(fretinf.o)
    0x08009002   0x00000004   Code   RO         5084    x$fpl$printf1       fz_wm.l(printf1.o)
    0x08009006   0x00000000   Code   RO         5108    x$fpl$usenofp       fz_wm.l(usenofp.o)
    0x08009006   0x00000006   Data   RO          464    .constdata          led.o
    0x0800900c   0x00004740   Data   RO          531    .constdata          lcd.o
    0x0800d74c   0x00000010   Data   RO         1658    .constdata          stm32f4xx_hal_rcc.o
    0x0800d75c   0x00000028   Data   RO         5024    .constdata          c_w.l(_printf_hex_int.o)
    0x0800d784   0x00000094   Data   RO         5136    .constdata          c_w.l(bigflt0.o)
    0x0800d818   0x00000020   Data   RO         5306    Region$$Table       anon$$obj.o
    0x0800d838   0x0000001c   Data   RO         5164    locale$$data        c_w.l(lc_numeric_c.o)


    Execution Region RW_IRAM1 (Base: 0x20000000, Size: 0x000009c0, Max: 0x00030000, ABSOLUTE)

    Base Addr    Size         Type   Attr      Idx    E Section Name        Object

    0x20000000   0x00000014   Data   RW          348    .data               system_stm32f4xx.o
    0x20000014   0x0000000c   Data   RW          465    .data               led.o
    0x20000020   0x00000008   Data   RW          532    .data               lcd.o
    0x20000028   0x00000008   Data   RW          757    .data               ltdc.o
    0x20000030   0x00000008   Data   RW          942    .data               usart.o
    0x20000038   0x00000004   Data   RW         1122    .data               stm32f4xx_hal.o
    0x2000003c   0x00000060   Zero   RW          530    .bss                lcd.o
    0x2000009c   0x00000108   Zero   RW          756    .bss                ltdc.o
    0x200001a4   0x00000034   Zero   RW          881    .bss                sdram.o
    0x200001d8   0x00000108   Zero   RW          941    .bss                usart.o
    0x200002e0   0x00000044   Zero   RW         1009    .bss                tmp275.o
    0x20000324   0x0000003c   Zero   RW         3423    .bss                stm32f4xx_hal_timebase_tim_template.o
    0x20000360   0x00000060   Zero   RW         5172    .bss                c_w.l(libspace.o)
    0x200003c0   0x00000200   Zero   RW         4998    HEAP                startup_stm32f429xx.o
    0x200005c0   0x00000400   Zero   RW         4997    STACK               startup_stm32f429xx.o



  Load Region LR$$.ARM.__AT_0xC0000000 (Base: 0xc0000000, Size: 0x00000000, Max: 0x0012c000, ABSOLUTE)

    Execution Region ER$$.ARM.__AT_0xC0000000 (Base: 0xc0000000, Size: 0x0012c000, Max: 0x0012c000, ABSOLUTE, UNINIT)

    Base Addr    Size         Type   Attr      Idx    E Section Name        Object

    0xc0000000   0x0012c000   Zero   RW          755    .ARM.__AT_0xC0000000  ltdc.o


==============================================================================

Image component sizes


      Code (inc. data)   RO Data    RW Data    ZI Data      Debug   Object Name

        48          0          0          0          0       1122   delay.o
       266         60          0          0          0       2224   exti.o
      8106        194      18240          8         96      21338   lcd.o
       202         12          6         12          0       1831   led.o
      8386        158          0          8    1229064      17920   ltdc.o
       440        164          0          0          0     450075   main.o
       564         40          0          0         52       3694   sdram.o
        64         26        428          0       1536        888   startup_stm32f429xx.o
       184          8          0          0          0       1417   stm32f429_winner.o
        90         16          0          4          0       3622   stm32f4xx_hal.o
       246         22          0          0          0      30238   stm32f4xx_hal_cortex.o
       596         58          0          0          0       3826   stm32f4xx_hal_gpio.o
      2496         42          0          0          0      11186   stm32f4xx_hal_i2c.o
       156          0          0          0          0       1967   stm32f4xx_hal_i2c_ex.o
      1144          6          0          0          0       4773   stm32f4xx_hal_ltdc.o
       164         12          0          0          0       1312   stm32f4xx_hal_pwr_ex.o
      1736         78         16          0          0       6536   stm32f4xx_hal_rcc.o
       872         24          0          0          0       1592   stm32f4xx_hal_rcc_ex.o
       162          0          0          0          0       2796   stm32f4xx_hal_sdram.o
        88          0          0          0          0       1236   stm32f4xx_hal_sram.o
       726         44          0          0          0       6442   stm32f4xx_hal_tim.o
         4          0          0          0          0       1630   stm32f4xx_hal_tim_ex.o
       178         24          0          0         60       3061   stm32f4xx_hal_timebase_tim_template.o
      1732          8          0          0          0       7683   stm32f4xx_hal_uart.o
        32          0          0          0          0       4694   stm32f4xx_it.o
       646         10          0          0          0       6012   stm32f4xx_ll_fmc.o
       100         18          0         20          0       1269   system_stm32f4xx.o
       646         78          0          0         68       4810   tmp275.o
       492         62          0          8        264       5732   usart.o

    ----------------------------------------------------------------------
     30590       1164      18722         60    1231140     610926   Object Totals
         0          0         32          0          0          0   (incl. Generated)
        24          0          0          0          0          0   (incl. Padding)

    ----------------------------------------------------------------------

      Code (inc. data)   RO Data    RW Data    ZI Data      Debug   Library Member Name

         8          0          0          0          0         68   __main.o
       284          0          0          0          0        156   __printf_wp.o
         0          0          0          0          0          0   __rtentry.o
        12          0          0          0          0          0   __rtentry2.o
         6          0          0          0          0          0   __rtentry4.o
        52          8          0          0          0          0   __scatter.o
        26          0          0          0          0          0   __scatter_copy.o
        28          0          0          0          0          0   __scatter_zi.o
        48          6          0          0          0         96   _printf_char_common.o
        36          4          0          0          0         80   _printf_char_file.o
         6          0          0          0          0          0   _printf_f.o
      1050          0          0          0          0        216   _printf_fp_dec.o
       128         16          0          0          0         84   _printf_fp_infnan.o
        88          4         40          0          0         88   _printf_hex_int.o
       178          0          0          0          0         88   _printf_intcommon.o
        78          0          0          0          0        108   _printf_pad.o
         0          0          0          0          0          0   _printf_percent.o
         4          0          0          0          0          0   _printf_percent_end.o
         6          0          0          0          0          0   _printf_x.o
        10          0          0          0          0         68   _sputc.o
       220          4        148          0          0         96   bigflt0.o
      1910        128          0          0          0        672   btod.o
        18          0          0          0          0         80   exit.o
         8          0          0          0          0         68   ferror.o
         6          0          0          0          0        152   heapauxi.o
        44         10         28          0          0         76   lc_numeric_c.o
         2          0          0          0          0          0   libinit.o
        22          0          0          0          0          0   libinit2.o
         2          0          0          0          0          0   libshutdown.o
         2          0          0          0          0          0   libshutdown2.o
         8          4          0          0         96         68   libspace.o
       138          0          0          0          0         80   lludiv10.o
        24          4          0          0          0         84   noretval__2printf.o
        40          6          0          0          0         84   noretval__2sprintf.o
         8          4          0          0          0         68   rt_locale_intlibspace.o
        78          0          0          0          0         80   rt_memclr_w.o
       100          0          0          0          0         80   rt_memcpy_w.o
         2          0          0          0          0          0   rtexit.o
        10          0          0          0          0          0   rtexit2.o
       128          0          0          0          0         68   strcmpv7m.o
        74          0          0          0          0         80   sys_stackheap_outer.o
         2          0          0          0          0         68   use_no_semi.o
         2          0          0          0          0         68   use_no_semi_2.o
        98          4          0          0          0        140   d2f.o
        38          0          0          0          0        116   dflt_clz.o
       340         12          0          0          0        152   dmul.o
       156          4          0          0          0        140   dnaninf.o
        12          0          0          0          0        116   dretinf.o
        86          4          0          0          0        132   f2d.o
       140          4          0          0          0        132   fnaninf.o
        10          0          0          0          0        116   fpinit.o
        10          0          0          0          0        116   fretinf.o
         4          0          0          0          0        116   printf1.o
         0          0          0          0          0          0   usenofp.o
        48          0          0          0          0        124   fpclassify.o

    ----------------------------------------------------------------------
      5852        226        216          0         96       4424   Library Totals
        14          0          0          0          0          0   (incl. Padding)

    ----------------------------------------------------------------------

      Code (inc. data)   RO Data    RW Data    ZI Data      Debug   Library Name

      4896        198        216          0         96       3024   c_w.l
       894         28          0          0          0       1276   fz_wm.l
        48          0          0          0          0        124   m_wm.l

    ----------------------------------------------------------------------
      5852        226        216          0         96       4424   Library Totals

    ----------------------------------------------------------------------

==============================================================================


      Code (inc. data)   RO Data    RW Data    ZI Data      Debug   

     36442       1390      18938         60    1231236     599086   Grand Totals
     36442       1390      18938         60    1231236     599086   ELF Image Totals
     36442       1390      18938         60          0          0   ROM Totals

==============================================================================

    Total RO  Size (Code + RO Data)                55380 (  54.08kB)
    Total RW  Size (RW Data + ZI Data)           1231296 (1202.44kB)
    Total ROM Size (Code + RO Data + RW Data)      55440 (  54.14kB)

==============================================================================

