<html>
<body>
<pre>
<h1>礦ision Build Log</h1>
<h2>Tool Versions:</h2>
IDE-Version: μVision V5.17.0.0
Copyright (C) 2015 ARM Ltd and ARM Germany GmbH. All rights reserved.
License Information: Shuixian Li, NJU, LIC=KRMNN-YVK2G-MLFCI-TIQ4Y-C0LQ0-L9NNL
 
Tool Versions:
Toolchain:       MDK-ARM Standard  Version: 5.17
Toolchain Path:  E:\Keil\ARM\ARMCC\Bin
C Compiler:      Armcc.exe V5.06 update 1 (build 61)
Assembler:       Armasm.exe V5.06 update 1 (build 61)
Linker/Locator:  ArmLink.exe V5.06 update 1 (build 61)
Library Manager: ArmAr.exe V5.06 update 1 (build 61)
Hex Converter:   FromElf.exe V5.06 update 1 (build 61)
CPU DLL:         SARMCM3.DLL V5.17
Dialog DLL:      DCM.DLL V1.13.4.0
Target DLL:      STLink\ST-LINKIII-KEIL_SWO.dll V2.0.18.0
Dialog DLL:      TCM.DLL V1.14.6.0
 
<h2>Project:</h2>
F:\term 4\电设\code\实验8 定时器中断实验\USER\TIMER.uvprojx
Project File Date:  05/28/2022

<h2>Output:</h2>
*** Using Compiler 'V5.06 update 1 (build 61)', folder: 'E:\Keil\ARM\ARMCC\Bin'
Build target 'TIMER'
compiling main.c...
linking...
Program Size: Code=8608 RO-data=424 RW-data=48 ZI-data=1832  
FromELF: creating hex file...
"..\OBJ\TIMER.axf" - 0 Error(s), 0 Warning(s).

<h2>Collection of Component include folders:</h2>
  F:\term 4\电设\code\实验8 定时器中断实验\USER\RTE
  E:\Keil\ARM\PACK\Keil\STM32F4xx_DFP\2.11.0\Drivers\CMSIS\Device\ST\STM32F4xx\Include

<h2>Collection of Component Files used:</h2>
Build Time Elapsed:  00:00:02
</pre>
</body>
</html>
